[INFO] Scanning for projects...
[INFO] 
[INFO] -------------------< com.ug.legon:facility-booking >--------------------
[INFO] Building UG Legon Campus Facility Booking System 0.0.1-SNAPSHOT
[INFO]   from pom.xml
[INFO] --------------------------------[ jar ]---------------------------------
[INFO] 
[INFO] >>> spring-boot:3.2.3:run (default-cli) > test-compile @ facility-booking >>>
[INFO] 
[INFO] --- resources:3.3.1:resources (default-resources) @ facility-booking ---
[INFO] Copying 1 resource from src\main\resources to target\classes
[INFO] Copying 0 resource from src\main\resources to target\classes
[INFO] 
[INFO] --- compiler:3.11.0:compile (default-compile) @ facility-booking ---
[INFO] Nothing to compile - all classes are up to date
[INFO] 
[INFO] --- resources:3.3.1:testResources (default-testResources) @ facility-booking ---
[INFO] skip non existing resourceDirectory C:\Users\da\Downloads\campus_facilities_booking\src\test\resources
[INFO] 
[INFO] --- compiler:3.11.0:testCompile (default-testCompile) @ facility-booking ---
[INFO] Nothing to compile - all classes are up to date
[INFO] 
[INFO] <<< spring-boot:3.2.3:run (default-cli) < test-compile @ facility-booking <<<
[INFO] 
[INFO] 
[INFO] --- spring-boot:3.2.3:run (default-cli) @ facility-booking ---
[INFO] Attaching agents: []

  .   ____          _            __ _ _
 /\\ / ___'_ __ _ _(_)_ __  __ _ \ \ \ \
( ( )\___ | '_ | '_| | '_ \/ _` | \ \ \ \
 \\/  ___)| |_)| | | | | || (_| |  ) ) ) )
  '  |____| .__|_| |_|_| |_\__, | / / / /
 =========|_|==============|___/=/_/_/_/
 :: Spring Boot ::                (v3.2.3)

2026-02-18T16:46:46.991Z  INFO 30956 --- [campus_facilities_booking] [           main] c.g.c.CampusFacilitiesBookingApplication : Starting CampusFacilitiesBookingApplication using Java 21.0.7 with PID 30956 (C:\Users\da\Downloads\campus_facilities_booking\target\classes started by da in C:\Users\da\Downloads\campus_facilities_booking)
2026-02-18T16:46:46.993Z  INFO 30956 --- [campus_facilities_booking] [           main] c.g.c.CampusFacilitiesBookingApplication : No active profile set, falling back to 1 default profile: "default"
2026-02-18T16:46:47.679Z  INFO 30956 --- [campus_facilities_booking] [           main] .s.d.r.c.RepositoryConfigurationDelegate : Bootstrapping Spring Data JPA repositories in DEFAULT mode.
2026-02-18T16:46:47.752Z  INFO 30956 --- [campus_facilities_booking] [           main] .s.d.r.c.RepositoryConfigurationDelegate : Finished Spring Data repository scanning in 68 ms. Found 10 JPA repository interfaces.
2026-02-18T16:46:48.257Z  INFO 30956 --- [campus_facilities_booking] [           main] o.s.b.w.embedded.tomcat.TomcatWebServer  : Tomcat initialized with port 8080 (http)
2026-02-18T16:46:48.268Z  INFO 30956 --- [campus_facilities_booking] [           main] o.apache.catalina.core.StandardService   : Starting service [Tomcat]
2026-02-18T16:46:48.268Z  INFO 30956 --- [campus_facilities_booking] [           main] o.apache.catalina.core.StandardEngine    : Starting Servlet engine: [Apache Tomcat/10.1.19]
2026-02-18T16:46:48.324Z  INFO 30956 --- [campus_facilities_booking] [           main] o.a.c.c.C.[Tomcat].[localhost].[/]       : Initializing Spring embedded WebApplicationContext
2026-02-18T16:46:48.325Z  INFO 30956 --- [campus_facilities_booking] [           main] w.s.c.ServletWebServerApplicationContext : Root WebApplicationContext: initialization completed in 1300 ms
2026-02-18T16:46:48.438Z  INFO 30956 --- [campus_facilities_booking] [           main] o.hibernate.jpa.internal.util.LogHelper  : HHH000204: Processing PersistenceUnitInfo [name: default]
2026-02-18T16:46:48.483Z  INFO 30956 --- [campus_facilities_booking] [           main] org.hibernate.Version                    : HHH000412: Hibernate ORM core version 6.4.4.Final
2026-02-18T16:46:48.511Z  INFO 30956 --- [campus_facilities_booking] [           main] o.h.c.internal.RegionFactoryInitiator    : HHH000026: Second-level cache disabled
2026-02-18T16:46:48.694Z  INFO 30956 --- [campus_facilities_booking] [           main] o.s.o.j.p.SpringPersistenceUnitInfo      : No LoadTimeWeaver setup: ignoring JPA class transformer
2026-02-18T16:46:48.716Z  INFO 30956 --- [campus_facilities_booking] [           main] com.zaxxer.hikari.HikariDataSource       : HikariPool-1 - Starting...
2026-02-18T16:46:48.875Z  INFO 30956 --- [campus_facilities_booking] [           main] com.zaxxer.hikari.pool.HikariPool        : HikariPool-1 - Added connection org.postgresql.jdbc.PgConnection@7530090a
2026-02-18T16:46:48.885Z  INFO 30956 --- [campus_facilities_booking] [           main] com.zaxxer.hikari.HikariDataSource       : HikariPool-1 - Start completed.
2026-02-18T16:46:48.913Z  WARN 30956 --- [campus_facilities_booking] [           main] org.hibernate.orm.deprecation            : HHH90000025: PostgreSQLDialect does not need to be specified explicitly using 'hibernate.dialect' (remove the property setting and it will be selected by default)
2026-02-18T16:46:50.003Z  INFO 30956 --- [campus_facilities_booking] [           main] o.h.e.t.j.p.i.JtaPlatformInitiator       : HHH000489: No JTA platform available (set 'hibernate.transaction.jta.platform' to enable JTA platform integration)
2026-02-18T16:46:50.212Z  INFO 30956 --- [campus_facilities_booking] [           main] j.LocalContainerEntityManagerFactoryBean : Initialized JPA EntityManagerFactory for persistence unit 'default'
2026-02-18T16:46:50.756Z  INFO 30956 --- [campus_facilities_booking] [           main] o.s.d.j.r.query.QueryEnhancerFactory     : Hibernate is in classpath; If applicable, HQL parser will be used.
2026-02-18T16:46:51.508Z  WARN 30956 --- [campus_facilities_booking] [           main] JpaBaseConfiguration$JpaWebConfiguration : spring.jpa.open-in-view is enabled by default. Therefore, database queries may be performed during view rendering. Explicitly configure spring.jpa.open-in-view to disable this warning
2026-02-18T16:46:51.832Z  INFO 30956 --- [campus_facilities_booking] [           main] o.s.s.web.DefaultSecurityFilterChain     : Will secure any request with [org.springframework.security.web.session.DisableEncodeUrlFilter@2a3ced3d, org.springframework.security.web.context.request.async.WebAsyncManagerIntegrationFilter@7ab5b01a, org.springframework.security.web.context.SecurityContextHolderFilter@4095ebff, org.springframework.security.web.header.HeaderWriterFilter@32089590, org.springframework.web.filter.CorsFilter@25fa5c0c, org.springframework.security.web.authentication.logout.LogoutFilter@d4df4ce, com.groupwork.campus_facilities_booking.security.JwtAuthenticationFilter@23169374, org.springframework.security.web.savedrequest.RequestCacheAwareFilter@1def2d16, org.springframework.security.web.servletapi.SecurityContextHolderAwareRequestFilter@47bcb545, org.springframework.security.web.authentication.AnonymousAuthenticationFilter@22112da1, org.springframework.security.web.session.SessionManagementFilter@5a131edc, org.springframework.security.web.access.ExceptionTranslationFilter@59960ae9, org.springframework.security.web.access.intercept.AuthorizationFilter@44929971]
2026-02-18T16:46:52.152Z  INFO 30956 --- [campus_facilities_booking] [           main] o.s.b.w.embedded.tomcat.TomcatWebServer  : Tomcat started on port 8080 (http) with context path ''
2026-02-18T16:46:52.161Z  INFO 30956 --- [campus_facilities_booking] [           main] c.g.c.CampusFacilitiesBookingApplication : Started CampusFacilitiesBookingApplication in 5.478 seconds (process running for 5.8)
Campus Facilities Booking System started successfully!
Hibernate: 
    select
        b1_0.id,
        b1_0.attendees,
        b1_0.check_in_time,
        b1_0.check_out_time,
        b1_0.created_at,
        b1_0.date,
        b1_0.end_time,
        b1_0.expired_at,
        b1_0.extension_count,
        b1_0.facility_id,
        b1_0.is_recurring,
        b1_0.max_extensions,
        b1_0.notes,
        b1_0.original_end_time,
        b1_0.purpose,
        b1_0.recurrence_rule,
        b1_0.reminder_sent,
        b1_0.start_time,
        b1_0.status,
        b1_0.updated_at,
        b1_0.user_id 
    from
        bookings b1_0 
    where
        b1_0.status in (?, ?)
Hibernate: 
    select
        b1_0.id,
        b1_0.attendees,
        b1_0.check_in_time,
        b1_0.check_out_time,
        b1_0.created_at,
        b1_0.date,
        b1_0.end_time,
        b1_0.expired_at,
        b1_0.extension_count,
        b1_0.facility_id,
        b1_0.is_recurring,
        b1_0.max_extensions,
        b1_0.notes,
        b1_0.original_end_time,
        b1_0.purpose,
        b1_0.recurrence_rule,
        b1_0.reminder_sent,
        b1_0.start_time,
        b1_0.status,
        b1_0.updated_at,
        b1_0.user_id 
    from
        bookings b1_0 
    where
        b1_0.status in (?, ?)
Hibernate: 
    select
        b1_0.id,
        b1_0.attendees,
        b1_0.check_in_time,
        b1_0.check_out_time,
        b1_0.created_at,
        b1_0.date,
        b1_0.end_time,
        b1_0.expired_at,
        b1_0.extension_count,
        b1_0.facility_id,
        b1_0.is_recurring,
        b1_0.max_extensions,
        b1_0.notes,
        b1_0.original_end_time,
        b1_0.purpose,
        b1_0.recurrence_rule,
        b1_0.reminder_sent,
        b1_0.start_time,
        b1_0.status,
        b1_0.updated_at,
        b1_0.user_id 
    from
        bookings b1_0 
    where
        b1_0.status in (?, ?)
Hibernate: 
    select
        b1_0.id,
        b1_0.attendees,
        b1_0.check_in_time,
        b1_0.check_out_time,
        b1_0.created_at,
        b1_0.date,
        b1_0.end_time,
        b1_0.expired_at,
        b1_0.extension_count,
        b1_0.facility_id,
        b1_0.is_recurring,
        b1_0.max_extensions,
        b1_0.notes,
        b1_0.original_end_time,
        b1_0.purpose,
        b1_0.recurrence_rule,
        b1_0.reminder_sent,
        b1_0.start_time,
        b1_0.status,
        b1_0.updated_at,
        b1_0.user_id 
    from
        bookings b1_0 
    where
        b1_0.status in (?, ?)
Hibernate: 
    select
        b1_0.id,
        b1_0.attendees,
        b1_0.check_in_time,
        b1_0.check_out_time,
        b1_0.created_at,
        b1_0.date,
        b1_0.end_time,
        b1_0.expired_at,
        b1_0.extension_count,
        b1_0.facility_id,
        b1_0.is_recurring,
        b1_0.max_extensions,
        b1_0.notes,
        b1_0.original_end_time,
        b1_0.purpose,
        b1_0.recurrence_rule,
        b1_0.reminder_sent,
        b1_0.start_time,
        b1_0.status,
        b1_0.updated_at,
        b1_0.user_id 
    from
        bookings b1_0 
    where
        b1_0.status in (?, ?)
Hibernate: 
    select
        b1_0.id,
        b1_0.attendees,
        b1_0.check_in_time,
        b1_0.check_out_time,
        b1_0.created_at,
        b1_0.date,
        b1_0.end_time,
        b1_0.expired_at,
        b1_0.extension_count,
        b1_0.facility_id,
        b1_0.is_recurring,
        b1_0.max_extensions,
        b1_0.notes,
        b1_0.original_end_time,
        b1_0.purpose,
        b1_0.recurrence_rule,
        b1_0.reminder_sent,
        b1_0.start_time,
        b1_0.status,
        b1_0.updated_at,
        b1_0.user_id 
    from
        bookings b1_0 
    where
        b1_0.status in (?, ?)
Hibernate: 
    select
        b1_0.id,
        b1_0.attendees,
        b1_0.check_in_time,
        b1_0.check_out_time,
        b1_0.created_at,
        b1_0.date,
        b1_0.end_time,
        b1_0.expired_at,
        b1_0.extension_count,
        b1_0.facility_id,
        b1_0.is_recurring,
        b1_0.max_extensions,
        b1_0.notes,
        b1_0.original_end_time,
        b1_0.purpose,
        b1_0.recurrence_rule,
        b1_0.reminder_sent,
        b1_0.start_time,
        b1_0.status,
        b1_0.updated_at,
        b1_0.user_id 
    from
        bookings b1_0 
    where
        b1_0.status in (?, ?)
Hibernate: 
    select
        b1_0.id,
        b1_0.attendees,
        b1_0.check_in_time,
        b1_0.check_out_time,
        b1_0.created_at,
        b1_0.date,
        b1_0.end_time,
        b1_0.expired_at,
        b1_0.extension_count,
        b1_0.facility_id,
        b1_0.is_recurring,
        b1_0.max_extensions,
        b1_0.notes,
        b1_0.original_end_time,
        b1_0.purpose,
        b1_0.recurrence_rule,
        b1_0.reminder_sent,
        b1_0.start_time,
        b1_0.status,
        b1_0.updated_at,
        b1_0.user_id 
    from
        bookings b1_0 
    where
        b1_0.status in (?, ?)
Hibernate: 
    select
        b1_0.id,
        b1_0.attendees,
        b1_0.check_in_time,
        b1_0.check_out_time,
        b1_0.created_at,
        b1_0.date,
        b1_0.end_time,
        b1_0.expired_at,
        b1_0.extension_count,
        b1_0.facility_id,
        b1_0.is_recurring,
        b1_0.max_extensions,
        b1_0.notes,
        b1_0.original_end_time,
        b1_0.purpose,
        b1_0.recurrence_rule,
        b1_0.reminder_sent,
        b1_0.start_time,
        b1_0.status,
        b1_0.updated_at,
        b1_0.user_id 
    from
        bookings b1_0 
    where
        b1_0.status in (?, ?)
Hibernate: 
    select
        b1_0.id,
        b1_0.attendees,
        b1_0.check_in_time,
        b1_0.check_out_time,
        b1_0.created_at,
        b1_0.date,
        b1_0.end_time,
        b1_0.expired_at,
        b1_0.extension_count,
        b1_0.facility_id,
        b1_0.is_recurring,
        b1_0.max_extensions,
        b1_0.notes,
        b1_0.original_end_time,
        b1_0.purpose,
        b1_0.recurrence_rule,
        b1_0.reminder_sent,
        b1_0.start_time,
        b1_0.status,
        b1_0.updated_at,
        b1_0.user_id 
    from
        bookings b1_0 
    where
        b1_0.status in (?, ?)
Hibernate: 
    select
        b1_0.id,
        b1_0.attendees,
        b1_0.check_in_time,
        b1_0.check_out_time,
        b1_0.created_at,
        b1_0.date,
        b1_0.end_time,
        b1_0.expired_at,
        b1_0.extension_count,
        b1_0.facility_id,
        b1_0.is_recurring,
        b1_0.max_extensions,
        b1_0.notes,
        b1_0.original_end_time,
        b1_0.purpose,
        b1_0.recurrence_rule,
        b1_0.reminder_sent,
        b1_0.start_time,
        b1_0.status,
        b1_0.updated_at,
        b1_0.user_id 
    from
        bookings b1_0 
    where
        b1_0.status in (?, ?)
Hibernate: 
    select
        b1_0.id,
        b1_0.attendees,
        b1_0.check_in_time,
        b1_0.check_out_time,
        b1_0.created_at,
        b1_0.date,
        b1_0.end_time,
        b1_0.expired_at,
        b1_0.extension_count,
        b1_0.facility_id,
        b1_0.is_recurring,
        b1_0.max_extensions,
        b1_0.notes,
        b1_0.original_end_time,
        b1_0.purpose,
        b1_0.recurrence_rule,
        b1_0.reminder_sent,
        b1_0.start_time,
        b1_0.status,
        b1_0.updated_at,
        b1_0.user_id 
    from
        bookings b1_0 
    where
        b1_0.status in (?, ?)
Hibernate: 
    select
        b1_0.id,
        b1_0.attendees,
        b1_0.check_in_time,
        b1_0.check_out_time,
        b1_0.created_at,
        b1_0.date,
        b1_0.end_time,
        b1_0.expired_at,
        b1_0.extension_count,
        b1_0.facility_id,
        b1_0.is_recurring,
        b1_0.max_extensions,
        b1_0.notes,
        b1_0.original_end_time,
        b1_0.purpose,
        b1_0.recurrence_rule,
        b1_0.reminder_sent,
        b1_0.start_time,
        b1_0.status,
        b1_0.updated_at,
        b1_0.user_id 
    from
        bookings b1_0 
    where
        b1_0.status in (?, ?)
Hibernate: 
    select
        b1_0.id,
        b1_0.attendees,
        b1_0.check_in_time,
        b1_0.check_out_time,
        b1_0.created_at,
        b1_0.date,
        b1_0.end_time,
        b1_0.expired_at,
        b1_0.extension_count,
        b1_0.facility_id,
        b1_0.is_recurring,
        b1_0.max_extensions,
        b1_0.notes,
        b1_0.original_end_time,
        b1_0.purpose,
        b1_0.recurrence_rule,
        b1_0.reminder_sent,
        b1_0.start_time,
        b1_0.status,
        b1_0.updated_at,
        b1_0.user_id 
    from
        bookings b1_0 
    where
        b1_0.status in (?, ?)
Hibernate: 
    select
        b1_0.id,
        b1_0.attendees,
        b1_0.check_in_time,
        b1_0.check_out_time,
        b1_0.created_at,
        b1_0.date,
        b1_0.end_time,
        b1_0.expired_at,
        b1_0.extension_count,
        b1_0.facility_id,
        b1_0.is_recurring,
        b1_0.max_extensions,
        b1_0.notes,
        b1_0.original_end_time,
        b1_0.purpose,
        b1_0.recurrence_rule,
        b1_0.reminder_sent,
        b1_0.start_time,
        b1_0.status,
        b1_0.updated_at,
        b1_0.user_id 
    from
        bookings b1_0 
    where
        b1_0.status in (?, ?)
Hibernate: 
    select
        b1_0.id,
        b1_0.attendees,
        b1_0.check_in_time,
        b1_0.check_out_time,
        b1_0.created_at,
        b1_0.date,
        b1_0.end_time,
        b1_0.expired_at,
        b1_0.extension_count,
        b1_0.facility_id,
        b1_0.is_recurring,
        b1_0.max_extensions,
        b1_0.notes,
        b1_0.original_end_time,
        b1_0.purpose,
        b1_0.recurrence_rule,
        b1_0.reminder_sent,
        b1_0.start_time,
        b1_0.status,
        b1_0.updated_at,
        b1_0.user_id 
    from
        bookings b1_0 
    where
        b1_0.status in (?, ?)
Hibernate: 
    select
        b1_0.id,
        b1_0.attendees,
        b1_0.check_in_time,
        b1_0.check_out_time,
        b1_0.created_at,
        b1_0.date,
        b1_0.end_time,
        b1_0.expired_at,
        b1_0.extension_count,
        b1_0.facility_id,
        b1_0.is_recurring,
        b1_0.max_extensions,
        b1_0.notes,
        b1_0.original_end_time,
        b1_0.purpose,
        b1_0.recurrence_rule,
        b1_0.reminder_sent,
        b1_0.start_time,
        b1_0.status,
        b1_0.updated_at,
        b1_0.user_id 
    from
        bookings b1_0 
    where
        b1_0.status in (?, ?)
Hibernate: 
    select
        b1_0.id,
        b1_0.attendees,
        b1_0.check_in_time,
        b1_0.check_out_time,
        b1_0.created_at,
        b1_0.date,
        b1_0.end_time,
        b1_0.expired_at,
        b1_0.extension_count,
        b1_0.facility_id,
        b1_0.is_recurring,
        b1_0.max_extensions,
        b1_0.notes,
        b1_0.original_end_time,
        b1_0.purpose,
        b1_0.recurrence_rule,
        b1_0.reminder_sent,
        b1_0.start_time,
        b1_0.status,
        b1_0.updated_at,
        b1_0.user_id 
    from
        bookings b1_0 
    where
        b1_0.status in (?, ?)
Hibernate: 
    select
        b1_0.id,
        b1_0.attendees,
        b1_0.check_in_time,
        b1_0.check_out_time,
        b1_0.created_at,
        b1_0.date,
        b1_0.end_time,
        b1_0.expired_at,
        b1_0.extension_count,
        b1_0.facility_id,
        b1_0.is_recurring,
        b1_0.max_extensions,
        b1_0.notes,
        b1_0.original_end_time,
        b1_0.purpose,
        b1_0.recurrence_rule,
        b1_0.reminder_sent,
        b1_0.start_time,
        b1_0.status,
        b1_0.updated_at,
        b1_0.user_id 
    from
        bookings b1_0 
    where
        b1_0.status in (?, ?)
Hibernate: 
    select
        b1_0.id,
        b1_0.attendees,
        b1_0.check_in_time,
        b1_0.check_out_time,
        b1_0.created_at,
        b1_0.date,
        b1_0.end_time,
        b1_0.expired_at,
        b1_0.extension_count,
        b1_0.facility_id,
        b1_0.is_recurring,
        b1_0.max_extensions,
        b1_0.notes,
        b1_0.original_end_time,
        b1_0.purpose,
        b1_0.recurrence_rule,
        b1_0.reminder_sent,
        b1_0.start_time,
        b1_0.status,
        b1_0.updated_at,
        b1_0.user_id 
    from
        bookings b1_0 
    where
        b1_0.status in (?, ?)
Hibernate: 
    select
        b1_0.id,
        b1_0.attendees,
        b1_0.check_in_time,
        b1_0.check_out_time,
        b1_0.created_at,
        b1_0.date,
        b1_0.end_time,
        b1_0.expired_at,
        b1_0.extension_count,
        b1_0.facility_id,
        b1_0.is_recurring,
        b1_0.max_extensions,
        b1_0.notes,
        b1_0.original_end_time,
        b1_0.purpose,
        b1_0.recurrence_rule,
        b1_0.reminder_sent,
        b1_0.start_time,
        b1_0.status,
        b1_0.updated_at,
        b1_0.user_id 
    from
        bookings b1_0 
    where
        b1_0.status in (?, ?)
Hibernate: 
    select
        b1_0.id,
        b1_0.attendees,
        b1_0.check_in_time,
        b1_0.check_out_time,
        b1_0.created_at,
        b1_0.date,
        b1_0.end_time,
        b1_0.expired_at,
        b1_0.extension_count,
        b1_0.facility_id,
        b1_0.is_recurring,
        b1_0.max_extensions,
        b1_0.notes,
        b1_0.original_end_time,
        b1_0.purpose,
        b1_0.recurrence_rule,
        b1_0.reminder_sent,
        b1_0.start_time,
        b1_0.status,
        b1_0.updated_at,
        b1_0.user_id 
    from
        bookings b1_0 
    where
        b1_0.status in (?, ?)
Hibernate: 
    select
        b1_0.id,
        b1_0.attendees,
        b1_0.check_in_time,
        b1_0.check_out_time,
        b1_0.created_at,
        b1_0.date,
        b1_0.end_time,
        b1_0.expired_at,
        b1_0.extension_count,
        b1_0.facility_id,
        b1_0.is_recurring,
        b1_0.max_extensions,
        b1_0.notes,
        b1_0.original_end_time,
        b1_0.purpose,
        b1_0.recurrence_rule,
        b1_0.reminder_sent,
        b1_0.start_time,
        b1_0.status,
        b1_0.updated_at,
        b1_0.user_id 
    from
        bookings b1_0 
    where
        b1_0.status in (?, ?)
Hibernate: 
    select
        b1_0.id,
        b1_0.attendees,
        b1_0.check_in_time,
        b1_0.check_out_time,
        b1_0.created_at,
        b1_0.date,
        b1_0.end_time,
        b1_0.expired_at,
        b1_0.extension_count,
        b1_0.facility_id,
        b1_0.is_recurring,
        b1_0.max_extensions,
        b1_0.notes,
        b1_0.original_end_time,
        b1_0.purpose,
        b1_0.recurrence_rule,
        b1_0.reminder_sent,
        b1_0.start_time,
        b1_0.status,
        b1_0.updated_at,
        b1_0.user_id 
    from
        bookings b1_0 
    where
        b1_0.status in (?, ?)
2026-02-18T16:54:42.382Z  INFO 30956 --- [campus_facilities_booking] [nio-8080-exec-2] o.a.c.c.C.[Tomcat].[localhost].[/]       : Initializing Spring DispatcherServlet 'dispatcherServlet'
2026-02-18T16:54:42.386Z  INFO 30956 --- [campus_facilities_booking] [nio-8080-exec-2] o.s.web.servlet.DispatcherServlet        : Initializing Servlet 'dispatcherServlet'
2026-02-18T16:54:42.418Z  INFO 30956 --- [campus_facilities_booking] [nio-8080-exec-2] o.s.web.servlet.DispatcherServlet        : Completed initialization in 32 ms
2026-02-18T16:54:42.583Z  INFO 30956 --- [campus_facilities_booking] [nio-8080-exec-2] c.g.c.security.JwtAuthenticationFilter   : Processing JWT for user: 2admin@example.com
Hibernate: 
    select
        u1_0.id,
        u1_0.created_at,
        u1_0.department_id,
        u1_0.email,
        u1_0.is_active,
        u1_0.name,
        u1_0.password_hash,
        u1_0.phone,
        u1_0.profile_pic_url,
        u1_0.role,
        u1_0.staff_id,
        u1_0.student_id 
    from
        users u1_0 
    where
        u1_0.email=?
2026-02-18T16:54:42.710Z  INFO 30956 --- [campus_facilities_booking] [nio-8080-exec-2] c.g.c.security.JwtAuthenticationFilter   : User authenticated: 2admin@example.com
2026-02-18T16:54:42.757Z ERROR 30956 --- [campus_facilities_booking] [nio-8080-exec-2] c.g.c.exception.GlobalExceptionHandler   : Unhandled exception: No static resource facility-type.
org.springframework.web.servlet.resource.NoResourceFoundException: No static resource facility-type.
	at org.springframework.web.servlet.resource.ResourceHttpRequestHandler.handleRequest(ResourceHttpRequestHandler.java:585)
	at org.springframework.web.servlet.mvc.HttpRequestHandlerAdapter.handle(HttpRequestHandlerAdapter.java:52)
	at org.springframework.web.servlet.DispatcherServlet.doDispatch(DispatcherServlet.java:1089)
	at org.springframework.web.servlet.DispatcherServlet.doService(DispatcherServlet.java:979)
	at org.springframework.web.servlet.FrameworkServlet.processRequest(FrameworkServlet.java:1014)
	at org.springframework.web.servlet.FrameworkServlet.doGet(FrameworkServlet.java:903)
	at jakarta.servlet.http.HttpServlet.service(HttpServlet.java:564)
	at org.springframework.web.servlet.FrameworkServlet.service(FrameworkServlet.java:885)
	at jakarta.servlet.http.HttpServlet.service(HttpServlet.java:658)
	at org.apache.catalina.core.ApplicationFilterChain.internalDoFilter(ApplicationFilterChain.java:205)
	at org.apache.catalina.core.ApplicationFilterChain.doFilter(ApplicationFilterChain.java:149)
	at org.apache.tomcat.websocket.server.WsFilter.doFilter(WsFilter.java:51)
	at org.apache.catalina.core.ApplicationFilterChain.internalDoFilter(ApplicationFilterChain.java:174)
	at org.apache.catalina.core.ApplicationFilterChain.doFilter(ApplicationFilterChain.java:149)
	at org.springframework.web.filter.OncePerRequestFilter.doFilter(OncePerRequestFilter.java:110)
	at org.apache.catalina.core.ApplicationFilterChain.internalDoFilter(ApplicationFilterChain.java:174)
	at org.apache.catalina.core.ApplicationFilterChain.doFilter(ApplicationFilterChain.java:149)
	at org.springframework.web.filter.CompositeFilter$VirtualFilterChain.doFilter(CompositeFilter.java:108)
	at org.springframework.security.web.FilterChainProxy.lambda$doFilterInternal$3(FilterChainProxy.java:231)
	at org.springframework.security.web.FilterChainProxy$VirtualFilterChain.doFilter(FilterChainProxy.java:365)
	at org.springframework.security.web.access.intercept.AuthorizationFilter.doFilter(AuthorizationFilter.java:100)
	at org.springframework.security.web.FilterChainProxy$VirtualFilterChain.doFilter(FilterChainProxy.java:374)
	at org.springframework.security.web.access.ExceptionTranslationFilter.doFilter(ExceptionTranslationFilter.java:126)
	at org.springframework.security.web.access.ExceptionTranslationFilter.doFilter(ExceptionTranslationFilter.java:120)
	at org.springframework.security.web.FilterChainProxy$VirtualFilterChain.doFilter(FilterChainProxy.java:374)
	at org.springframework.security.web.session.SessionManagementFilter.doFilter(SessionManagementFilter.java:131)
	at org.springframework.security.web.session.SessionManagementFilter.doFilter(SessionManagementFilter.java:85)
	at org.springframework.security.web.FilterChainProxy$VirtualFilterChain.doFilter(FilterChainProxy.java:374)
	at org.springframework.security.web.authentication.AnonymousAuthenticationFilter.doFilter(AnonymousAuthenticationFilter.java:100)
	at org.springframework.security.web.FilterChainProxy$VirtualFilterChain.doFilter(FilterChainProxy.java:374)
	at org.springframework.security.web.servletapi.SecurityContextHolderAwareRequestFilter.doFilter(SecurityContextHolderAwareRequestFilter.java:179)
	at org.springframework.security.web.FilterChainProxy$VirtualFilterChain.doFilter(FilterChainProxy.java:374)
	at org.springframework.security.web.savedrequest.RequestCacheAwareFilter.doFilter(RequestCacheAwareFilter.java:63)
	at org.springframework.security.web.FilterChainProxy$VirtualFilterChain.doFilter(FilterChainProxy.java:374)
	at com.groupwork.campus_facilities_booking.security.JwtAuthenticationFilter.doFilterInternal(JwtAuthenticationFilter.java:76)
	at org.springframework.web.filter.OncePerRequestFilter.doFilter(OncePerRequestFilter.java:116)
	at org.springframework.security.web.FilterChainProxy$VirtualFilterChain.doFilter(FilterChainProxy.java:374)
	at org.springframework.security.web.authentication.logout.LogoutFilter.doFilter(LogoutFilter.java:107)
	at org.springframework.security.web.authentication.logout.LogoutFilter.doFilter(LogoutFilter.java:93)
	at org.springframework.security.web.FilterChainProxy$VirtualFilterChain.doFilter(FilterChainProxy.java:374)
	at org.springframework.web.filter.CorsFilter.doFilterInternal(CorsFilter.java:91)
	at org.springframework.web.filter.OncePerRequestFilter.doFilter(OncePerRequestFilter.java:116)
	at org.springframework.security.web.FilterChainProxy$VirtualFilterChain.doFilter(FilterChainProxy.java:374)
	at org.springframework.security.web.header.HeaderWriterFilter.doHeadersAfter(HeaderWriterFilter.java:90)
	at org.springframework.security.web.header.HeaderWriterFilter.doFilterInternal(HeaderWriterFilter.java:75)
	at org.springframework.web.filter.OncePerRequestFilter.doFilter(OncePerRequestFilter.java:116)
	at org.springframework.security.web.FilterChainProxy$VirtualFilterChain.doFilter(FilterChainProxy.java:374)
	at org.springframework.security.web.context.SecurityContextHolderFilter.doFilter(SecurityContextHolderFilter.java:82)
	at org.springframework.security.web.context.SecurityContextHolderFilter.doFilter(SecurityContextHolderFilter.java:69)
	at org.springframework.security.web.FilterChainProxy$VirtualFilterChain.doFilter(FilterChainProxy.java:374)
	at org.springframework.security.web.context.request.async.WebAsyncManagerIntegrationFilter.doFilterInternal(WebAsyncManagerIntegrationFilter.java:62)
	at org.springframework.web.filter.OncePerRequestFilter.doFilter(OncePerRequestFilter.java:116)
	at org.springframework.security.web.FilterChainProxy$VirtualFilterChain.doFilter(FilterChainProxy.java:374)
	at org.springframework.security.web.session.DisableEncodeUrlFilter.doFilterInternal(DisableEncodeUrlFilter.java:42)
	at org.springframework.web.filter.OncePerRequestFilter.doFilter(OncePerRequestFilter.java:116)
	at org.springframework.security.web.FilterChainProxy$VirtualFilterChain.doFilter(FilterChainProxy.java:374)
	at org.springframework.security.web.FilterChainProxy.doFilterInternal(FilterChainProxy.java:233)
	at org.springframework.security.web.FilterChainProxy.doFilter(FilterChainProxy.java:191)
	at org.springframework.web.filter.CompositeFilter$VirtualFilterChain.doFilter(CompositeFilter.java:113)
	at org.springframework.web.servlet.handler.HandlerMappingIntrospector.lambda$createCacheFilter$3(HandlerMappingIntrospector.java:195)
	at org.springframework.web.filter.CompositeFilter$VirtualFilterChain.doFilter(CompositeFilter.java:113)
	at org.springframework.web.filter.CompositeFilter.doFilter(CompositeFilter.java:74)
	at org.springframework.security.config.annotation.web.configuration.WebMvcSecurityConfiguration$CompositeFilterChainProxy.doFilter(WebMvcSecurityConfiguration.java:230)
	at org.springframework.web.filter.DelegatingFilterProxy.invokeDelegate(DelegatingFilterProxy.java:352)
	at org.springframework.web.filter.DelegatingFilterProxy.doFilter(DelegatingFilterProxy.java:268)
	at org.apache.catalina.core.ApplicationFilterChain.internalDoFilter(ApplicationFilterChain.java:174)
	at org.apache.catalina.core.ApplicationFilterChain.doFilter(ApplicationFilterChain.java:149)
	at org.springframework.web.filter.RequestContextFilter.doFilterInternal(RequestContextFilter.java:100)
	at org.springframework.web.filter.OncePerRequestFilter.doFilter(OncePerRequestFilter.java:116)
	at org.apache.catalina.core.ApplicationFilterChain.internalDoFilter(ApplicationFilterChain.java:174)
	at org.apache.catalina.core.ApplicationFilterChain.doFilter(ApplicationFilterChain.java:149)
	at org.springframework.web.filter.FormContentFilter.doFilterInternal(FormContentFilter.java:93)
	at org.springframework.web.filter.OncePerRequestFilter.doFilter(OncePerRequestFilter.java:116)
	at org.apache.catalina.core.ApplicationFilterChain.internalDoFilter(ApplicationFilterChain.java:174)
	at org.apache.catalina.core.ApplicationFilterChain.doFilter(ApplicationFilterChain.java:149)
	at org.springframework.web.filter.CharacterEncodingFilter.doFilterInternal(CharacterEncodingFilter.java:201)
	at org.springframework.web.filter.OncePerRequestFilter.doFilter(OncePerRequestFilter.java:116)
	at org.apache.catalina.core.ApplicationFilterChain.internalDoFilter(ApplicationFilterChain.java:174)
	at org.apache.catalina.core.ApplicationFilterChain.doFilter(ApplicationFilterChain.java:149)
	at org.apache.catalina.core.StandardWrapperValve.invoke(StandardWrapperValve.java:167)
	at org.apache.catalina.core.StandardContextValve.invoke(StandardContextValve.java:90)
	at org.apache.catalina.authenticator.AuthenticatorBase.invoke(AuthenticatorBase.java:482)
	at org.apache.catalina.core.StandardHostValve.invoke(StandardHostValve.java:115)
	at org.apache.catalina.valves.ErrorReportValve.invoke(ErrorReportValve.java:93)
	at org.apache.catalina.core.StandardEngineValve.invoke(StandardEngineValve.java:74)
	at org.apache.catalina.connector.CoyoteAdapter.service(CoyoteAdapter.java:344)
	at org.apache.coyote.http11.Http11Processor.service(Http11Processor.java:391)
	at org.apache.coyote.AbstractProcessorLight.process(AbstractProcessorLight.java:63)
	at org.apache.coyote.AbstractProtocol$ConnectionHandler.process(AbstractProtocol.java:896)
	at org.apache.tomcat.util.net.NioEndpoint$SocketProcessor.doRun(NioEndpoint.java:1744)
	at org.apache.tomcat.util.net.SocketProcessorBase.run(SocketProcessorBase.java:52)
	at org.apache.tomcat.util.threads.ThreadPoolExecutor.runWorker(ThreadPoolExecutor.java:1191)
	at org.apache.tomcat.util.threads.ThreadPoolExecutor$Worker.run(ThreadPoolExecutor.java:659)
	at org.apache.tomcat.util.threads.TaskThread$WrappingRunnable.run(TaskThread.java:63)
	at java.base/java.lang.Thread.run(Thread.java:1583)
Hibernate: 
    select
        b1_0.id,
        b1_0.attendees,
        b1_0.check_in_time,
        b1_0.check_out_time,
        b1_0.created_at,
        b1_0.date,
        b1_0.end_time,
        b1_0.expired_at,
        b1_0.extension_count,
        b1_0.facility_id,
        b1_0.is_recurring,
        b1_0.max_extensions,
        b1_0.notes,
        b1_0.original_end_time,
        b1_0.purpose,
        b1_0.recurrence_rule,
        b1_0.reminder_sent,
        b1_0.start_time,
        b1_0.status,
        b1_0.updated_at,
        b1_0.user_id 
    from
        bookings b1_0 
    where
        b1_0.status in (?, ?)
Hibernate: 
    select
        b1_0.id,
        b1_0.attendees,
        b1_0.check_in_time,
        b1_0.check_out_time,
        b1_0.created_at,
        b1_0.date,
        b1_0.end_time,
        b1_0.expired_at,
        b1_0.extension_count,
        b1_0.facility_id,
        b1_0.is_recurring,
        b1_0.max_extensions,
        b1_0.notes,
        b1_0.original_end_time,
        b1_0.purpose,
        b1_0.recurrence_rule,
        b1_0.reminder_sent,
        b1_0.start_time,
        b1_0.status,
        b1_0.updated_at,
        b1_0.user_id 
    from
        bookings b1_0 
    where
        b1_0.status in (?, ?)
Hibernate: 
    select
        b1_0.id,
        b1_0.attendees,
        b1_0.check_in_time,
        b1_0.check_out_time,
        b1_0.created_at,
        b1_0.date,
        b1_0.end_time,
        b1_0.expired_at,
        b1_0.extension_count,
        b1_0.facility_id,
        b1_0.is_recurring,
        b1_0.max_extensions,
        b1_0.notes,
        b1_0.original_end_time,
        b1_0.purpose,
        b1_0.recurrence_rule,
        b1_0.reminder_sent,
        b1_0.start_time,
        b1_0.status,
        b1_0.updated_at,
        b1_0.user_id 
    from
        bookings b1_0 
    where
        b1_0.status in (?, ?)
Hibernate: 
    select
        b1_0.id,
        b1_0.attendees,
        b1_0.check_in_time,
        b1_0.check_out_time,
        b1_0.created_at,
        b1_0.date,
        b1_0.end_time,
        b1_0.expired_at,
        b1_0.extension_count,
        b1_0.facility_id,
        b1_0.is_recurring,
        b1_0.max_extensions,
        b1_0.notes,
        b1_0.original_end_time,
        b1_0.purpose,
        b1_0.recurrence_rule,
        b1_0.reminder_sent,
        b1_0.start_time,
        b1_0.status,
        b1_0.updated_at,
        b1_0.user_id 
    from
        bookings b1_0 
    where
        b1_0.status in (?, ?)
Hibernate: 
    select
        b1_0.id,
        b1_0.attendees,
        b1_0.check_in_time,
        b1_0.check_out_time,
        b1_0.created_at,
        b1_0.date,
        b1_0.end_time,
        b1_0.expired_at,
        b1_0.extension_count,
        b1_0.facility_id,
        b1_0.is_recurring,
        b1_0.max_extensions,
        b1_0.notes,
        b1_0.original_end_time,
        b1_0.purpose,
        b1_0.recurrence_rule,
        b1_0.reminder_sent,
        b1_0.start_time,
        b1_0.status,
        b1_0.updated_at,
        b1_0.user_id 
    from
        bookings b1_0 
    where
        b1_0.status in (?, ?)
Hibernate: 
    select
        b1_0.id,
        b1_0.attendees,
        b1_0.check_in_time,
        b1_0.check_out_time,
        b1_0.created_at,
        b1_0.date,
        b1_0.end_time,
        b1_0.expired_at,
        b1_0.extension_count,
        b1_0.facility_id,
        b1_0.is_recurring,
        b1_0.max_extensions,
        b1_0.notes,
        b1_0.original_end_time,
        b1_0.purpose,
        b1_0.recurrence_rule,
        b1_0.reminder_sent,
        b1_0.start_time,
        b1_0.status,
        b1_0.updated_at,
        b1_0.user_id 
    from
        bookings b1_0 
    where
        b1_0.status in (?, ?)
2026-02-18T16:56:39.886Z  INFO 30956 --- [campus_facilities_booking] [nio-8080-exec-3] c.g.c.security.JwtAuthenticationFilter   : Processing JWT for user: 2admin@example.com
Hibernate: 
    select
        u1_0.id,
        u1_0.created_at,
        u1_0.department_id,
        u1_0.email,
        u1_0.is_active,
        u1_0.name,
        u1_0.password_hash,
        u1_0.phone,
        u1_0.profile_pic_url,
        u1_0.role,
        u1_0.staff_id,
        u1_0.student_id 
    from
        users u1_0 
    where
        u1_0.email=?
2026-02-18T16:56:39.895Z  INFO 30956 --- [campus_facilities_booking] [nio-8080-exec-3] c.g.c.security.JwtAuthenticationFilter   : User authenticated: 2admin@example.com
Hibernate: 
    select
        ft1_0.id,
        ft1_0.description,
        ft1_0.name,
        ft1_0.requires_approval 
    from
        facility_types ft1_0 
    where
        ft1_0.id=?
Hibernate: 
    select
        b1_0.id,
        b1_0.attendees,
        b1_0.check_in_time,
        b1_0.check_out_time,
        b1_0.created_at,
        b1_0.date,
        b1_0.end_time,
        b1_0.expired_at,
        b1_0.extension_count,
        b1_0.facility_id,
        b1_0.is_recurring,
        b1_0.max_extensions,
        b1_0.notes,
        b1_0.original_end_time,
        b1_0.purpose,
        b1_0.recurrence_rule,
        b1_0.reminder_sent,
        b1_0.start_time,
        b1_0.status,
        b1_0.updated_at,
        b1_0.user_id 
    from
        bookings b1_0 
    where
        b1_0.status in (?, ?)
Hibernate: 
    select
        b1_0.id,
        b1_0.attendees,
        b1_0.check_in_time,
        b1_0.check_out_time,
        b1_0.created_at,
        b1_0.date,
        b1_0.end_time,
        b1_0.expired_at,
        b1_0.extension_count,
        b1_0.facility_id,
        b1_0.is_recurring,
        b1_0.max_extensions,
        b1_0.notes,
        b1_0.original_end_time,
        b1_0.purpose,
        b1_0.recurrence_rule,
        b1_0.reminder_sent,
        b1_0.start_time,
        b1_0.status,
        b1_0.updated_at,
        b1_0.user_id 
    from
        bookings b1_0 
    where
        b1_0.status in (?, ?)
2026-02-18T16:57:06.474Z  INFO 30956 --- [campus_facilities_booking] [nio-8080-exec-5] c.g.c.security.JwtAuthenticationFilter   : Processing JWT for user: 2admin@example.com
Hibernate: 
    select
        u1_0.id,
        u1_0.created_at,
        u1_0.department_id,
        u1_0.email,
        u1_0.is_active,
        u1_0.name,
        u1_0.password_hash,
        u1_0.phone,
        u1_0.profile_pic_url,
        u1_0.role,
        u1_0.staff_id,
        u1_0.student_id 
    from
        users u1_0 
    where
        u1_0.email=?
2026-02-18T16:57:06.483Z  INFO 30956 --- [campus_facilities_booking] [nio-8080-exec-5] c.g.c.security.JwtAuthenticationFilter   : User authenticated: 2admin@example.com
Hibernate: 
    select
        ft1_0.id,
        ft1_0.description,
        ft1_0.name,
        ft1_0.requires_approval 
    from
        facility_types ft1_0
Hibernate: 
    select
        b1_0.id,
        b1_0.attendees,
        b1_0.check_in_time,
        b1_0.check_out_time,
        b1_0.created_at,
        b1_0.date,
        b1_0.end_time,
        b1_0.expired_at,
        b1_0.extension_count,
        b1_0.facility_id,
        b1_0.is_recurring,
        b1_0.max_extensions,
        b1_0.notes,
        b1_0.original_end_time,
        b1_0.purpose,
        b1_0.recurrence_rule,
        b1_0.reminder_sent,
        b1_0.start_time,
        b1_0.status,
        b1_0.updated_at,
        b1_0.user_id 
    from
        bookings b1_0 
    where
        b1_0.status in (?, ?)
Hibernate: 
    select
        b1_0.id,
        b1_0.attendees,
        b1_0.check_in_time,
        b1_0.check_out_time,
        b1_0.created_at,
        b1_0.date,
        b1_0.end_time,
        b1_0.expired_at,
        b1_0.extension_count,
        b1_0.facility_id,
        b1_0.is_recurring,
        b1_0.max_extensions,
        b1_0.notes,
        b1_0.original_end_time,
        b1_0.purpose,
        b1_0.recurrence_rule,
        b1_0.reminder_sent,
        b1_0.start_time,
        b1_0.status,
        b1_0.updated_at,
        b1_0.user_id 
    from
        bookings b1_0 
    where
        b1_0.status in (?, ?)
Hibernate: 
    select
        b1_0.id,
        b1_0.attendees,
        b1_0.check_in_time,
        b1_0.check_out_time,
        b1_0.created_at,
        b1_0.date,
        b1_0.end_time,
        b1_0.expired_at,
        b1_0.extension_count,
        b1_0.facility_id,
        b1_0.is_recurring,
        b1_0.max_extensions,
        b1_0.notes,
        b1_0.original_end_time,
        b1_0.purpose,
        b1_0.recurrence_rule,
        b1_0.reminder_sent,
        b1_0.start_time,
        b1_0.status,
        b1_0.updated_at,
        b1_0.user_id 
    from
        bookings b1_0 
    where
        b1_0.status in (?, ?)
Hibernate: 
    select
        b1_0.id,
        b1_0.attendees,
        b1_0.check_in_time,
        b1_0.check_out_time,
        b1_0.created_at,
        b1_0.date,
        b1_0.end_time,
        b1_0.expired_at,
        b1_0.extension_count,
        b1_0.facility_id,
        b1_0.is_recurring,
        b1_0.max_extensions,
        b1_0.notes,
        b1_0.original_end_time,
        b1_0.purpose,
        b1_0.recurrence_rule,
        b1_0.reminder_sent,
        b1_0.start_time,
        b1_0.status,
        b1_0.updated_at,
        b1_0.user_id 
    from
        bookings b1_0 
    where
        b1_0.status in (?, ?)
2026-02-18T16:58:41.747Z  INFO 30956 --- [campus_facilities_booking] [nio-8080-exec-7] c.g.c.security.JwtAuthenticationFilter   : Processing JWT for user: 2admin@example.com
Hibernate: 
    select
        u1_0.id,
        u1_0.created_at,
        u1_0.department_id,
        u1_0.email,
        u1_0.is_active,
        u1_0.name,
        u1_0.password_hash,
        u1_0.phone,
        u1_0.profile_pic_url,
        u1_0.role,
        u1_0.staff_id,
        u1_0.student_id 
    from
        users u1_0 
    where
        u1_0.email=?
2026-02-18T16:58:41.756Z  INFO 30956 --- [campus_facilities_booking] [nio-8080-exec-7] c.g.c.security.JwtAuthenticationFilter   : User authenticated: 2admin@example.com
Hibernate: 
    select
        ft1_0.id,
        ft1_0.description,
        ft1_0.name,
        ft1_0.requires_approval 
    from
        facility_types ft1_0 
    where
        ft1_0.id=?
Hibernate: 
    insert 
    into
        facilities
        (capacity, closing_time, created_at, facility_type_id, has_air_conditioning, has_pa_system, has_projector, has_video_conferencing, has_whiteboard, has_wifi, image_url, is_available, is_outdoor, is_wheelchair_accessible, location, name, opening_time, department_id, rules) 
    values
        (?, ?, ?, ?, ?, ?, ?, ?, ?, ?, ?, ?, ?, ?, ?, ?, ?, ?, ?)
Hibernate: 
    select
        b1_0.id,
        b1_0.attendees,
        b1_0.check_in_time,
        b1_0.check_out_time,
        b1_0.created_at,
        b1_0.date,
        b1_0.end_time,
        b1_0.expired_at,
        b1_0.extension_count,
        b1_0.facility_id,
        b1_0.is_recurring,
        b1_0.max_extensions,
        b1_0.notes,
        b1_0.original_end_time,
        b1_0.purpose,
        b1_0.recurrence_rule,
        b1_0.reminder_sent,
        b1_0.start_time,
        b1_0.status,
        b1_0.updated_at,
        b1_0.user_id 
    from
        bookings b1_0 
    where
        b1_0.status in (?, ?)
Hibernate: 
    select
        b1_0.id,
        b1_0.attendees,
        b1_0.check_in_time,
        b1_0.check_out_time,
        b1_0.created_at,
        b1_0.date,
        b1_0.end_time,
        b1_0.expired_at,
        b1_0.extension_count,
        b1_0.facility_id,
        b1_0.is_recurring,
        b1_0.max_extensions,
        b1_0.notes,
        b1_0.original_end_time,
        b1_0.purpose,
        b1_0.recurrence_rule,
        b1_0.reminder_sent,
        b1_0.start_time,
        b1_0.status,
        b1_0.updated_at,
        b1_0.user_id 
    from
        bookings b1_0 
    where
        b1_0.status in (?, ?)
Hibernate: 
    select
        b1_0.id,
        b1_0.attendees,
        b1_0.check_in_time,
        b1_0.check_out_time,
        b1_0.created_at,
        b1_0.date,
        b1_0.end_time,
        b1_0.expired_at,
        b1_0.extension_count,
        b1_0.facility_id,
        b1_0.is_recurring,
        b1_0.max_extensions,
        b1_0.notes,
        b1_0.original_end_time,
        b1_0.purpose,
        b1_0.recurrence_rule,
        b1_0.reminder_sent,
        b1_0.start_time,
        b1_0.status,
        b1_0.updated_at,
        b1_0.user_id 
    from
        bookings b1_0 
    where
        b1_0.status in (?, ?)
Hibernate: 
    select
        b1_0.id,
        b1_0.attendees,
        b1_0.check_in_time,
        b1_0.check_out_time,
        b1_0.created_at,
        b1_0.date,
        b1_0.end_time,
        b1_0.expired_at,
        b1_0.extension_count,
        b1_0.facility_id,
        b1_0.is_recurring,
        b1_0.max_extensions,
        b1_0.notes,
        b1_0.original_end_time,
        b1_0.purpose,
        b1_0.recurrence_rule,
        b1_0.reminder_sent,
        b1_0.start_time,
        b1_0.status,
        b1_0.updated_at,
        b1_0.user_id 
    from
        bookings b1_0 
    where
        b1_0.status in (?, ?)
Hibernate: 
    select
        b1_0.id,
        b1_0.attendees,
        b1_0.check_in_time,
        b1_0.check_out_time,
        b1_0.created_at,
        b1_0.date,
        b1_0.end_time,
        b1_0.expired_at,
        b1_0.extension_count,
        b1_0.facility_id,
        b1_0.is_recurring,
        b1_0.max_extensions,
        b1_0.notes,
        b1_0.original_end_time,
        b1_0.purpose,
        b1_0.recurrence_rule,
        b1_0.reminder_sent,
        b1_0.start_time,
        b1_0.status,
        b1_0.updated_at,
        b1_0.user_id 
    from
        bookings b1_0 
    where
        b1_0.status in (?, ?)
Hibernate: 
    select
        b1_0.id,
        b1_0.attendees,
        b1_0.check_in_time,
        b1_0.check_out_time,
        b1_0.created_at,
        b1_0.date,
        b1_0.end_time,
        b1_0.expired_at,
        b1_0.extension_count,
        b1_0.facility_id,
        b1_0.is_recurring,
        b1_0.max_extensions,
        b1_0.notes,
        b1_0.original_end_time,
        b1_0.purpose,
        b1_0.recurrence_rule,
        b1_0.reminder_sent,
        b1_0.start_time,
        b1_0.status,
        b1_0.updated_at,
        b1_0.user_id 
    from
        bookings b1_0 
    where
        b1_0.status in (?, ?)
Hibernate: 
    select
        b1_0.id,
        b1_0.attendees,
        b1_0.check_in_time,
        b1_0.check_out_time,
        b1_0.created_at,
        b1_0.date,
        b1_0.end_time,
        b1_0.expired_at,
        b1_0.extension_count,
        b1_0.facility_id,
        b1_0.is_recurring,
        b1_0.max_extensions,
        b1_0.notes,
        b1_0.original_end_time,
        b1_0.purpose,
        b1_0.recurrence_rule,
        b1_0.reminder_sent,
        b1_0.start_time,
        b1_0.status,
        b1_0.updated_at,
        b1_0.user_id 
    from
        bookings b1_0 
    where
        b1_0.status in (?, ?)
Hibernate: 
    select
        b1_0.id,
        b1_0.attendees,
        b1_0.check_in_time,
        b1_0.check_out_time,
        b1_0.created_at,
        b1_0.date,
        b1_0.end_time,
        b1_0.expired_at,
        b1_0.extension_count,
        b1_0.facility_id,
        b1_0.is_recurring,
        b1_0.max_extensions,
        b1_0.notes,
        b1_0.original_end_time,
        b1_0.purpose,
        b1_0.recurrence_rule,
        b1_0.reminder_sent,
        b1_0.start_time,
        b1_0.status,
        b1_0.updated_at,
        b1_0.user_id 
    from
        bookings b1_0 
    where
        b1_0.status in (?, ?)
Hibernate: 
    select
        b1_0.id,
        b1_0.attendees,
        b1_0.check_in_time,
        b1_0.check_out_time,
        b1_0.created_at,
        b1_0.date,
        b1_0.end_time,
        b1_0.expired_at,
        b1_0.extension_count,
        b1_0.facility_id,
        b1_0.is_recurring,
        b1_0.max_extensions,
        b1_0.notes,
        b1_0.original_end_time,
        b1_0.purpose,
        b1_0.recurrence_rule,
        b1_0.reminder_sent,
        b1_0.start_time,
        b1_0.status,
        b1_0.updated_at,
        b1_0.user_id 
    from
        bookings b1_0 
    where
        b1_0.status in (?, ?)
Hibernate: 
    select
        b1_0.id,
        b1_0.attendees,
        b1_0.check_in_time,
        b1_0.check_out_time,
        b1_0.created_at,
        b1_0.date,
        b1_0.end_time,
        b1_0.expired_at,
        b1_0.extension_count,
        b1_0.facility_id,
        b1_0.is_recurring,
        b1_0.max_extensions,
        b1_0.notes,
        b1_0.original_end_time,
        b1_0.purpose,
        b1_0.recurrence_rule,
        b1_0.reminder_sent,
        b1_0.start_time,
        b1_0.status,
        b1_0.updated_at,
        b1_0.user_id 
    from
        bookings b1_0 
    where
        b1_0.status in (?, ?)
Hibernate: 
    select
        b1_0.id,
        b1_0.attendees,
        b1_0.check_in_time,
        b1_0.check_out_time,
        b1_0.created_at,
        b1_0.date,
        b1_0.end_time,
        b1_0.expired_at,
        b1_0.extension_count,
        b1_0.facility_id,
        b1_0.is_recurring,
        b1_0.max_extensions,
        b1_0.notes,
        b1_0.original_end_time,
        b1_0.purpose,
        b1_0.recurrence_rule,
        b1_0.reminder_sent,
        b1_0.start_time,
        b1_0.status,
        b1_0.updated_at,
        b1_0.user_id 
    from
        bookings b1_0 
    where
        b1_0.status in (?, ?)
Hibernate: 
    select
        b1_0.id,
        b1_0.attendees,
        b1_0.check_in_time,
        b1_0.check_out_time,
        b1_0.created_at,
        b1_0.date,
        b1_0.end_time,
        b1_0.expired_at,
        b1_0.extension_count,
        b1_0.facility_id,
        b1_0.is_recurring,
        b1_0.max_extensions,
        b1_0.notes,
        b1_0.original_end_time,
        b1_0.purpose,
        b1_0.recurrence_rule,
        b1_0.reminder_sent,
        b1_0.start_time,
        b1_0.status,
        b1_0.updated_at,
        b1_0.user_id 
    from
        bookings b1_0 
    where
        b1_0.status in (?, ?)
2026-02-18T17:02:42.764Z  INFO 30956 --- [campus_facilities_booking] [nio-8080-exec-1] c.g.c.security.JwtAuthenticationFilter   : Processing JWT for user: 2admin@example.com
Hibernate: 
    select
        u1_0.id,
        u1_0.created_at,
        u1_0.department_id,
        u1_0.email,
        u1_0.is_active,
        u1_0.name,
        u1_0.password_hash,
        u1_0.phone,
        u1_0.profile_pic_url,
        u1_0.role,
        u1_0.staff_id,
        u1_0.student_id 
    from
        users u1_0 
    where
        u1_0.email=?
2026-02-18T17:02:42.772Z  INFO 30956 --- [campus_facilities_booking] [nio-8080-exec-1] c.g.c.security.JwtAuthenticationFilter   : User authenticated: 2admin@example.com
Hibernate: 
    select
        f1_0.id,
        f1_0.capacity,
        f1_0.closing_time,
        f1_0.created_at,
        f1_0.facility_type_id,
        f1_0.has_air_conditioning,
        f1_0.has_pa_system,
        f1_0.has_projector,
        f1_0.has_video_conferencing,
        f1_0.has_whiteboard,
        f1_0.has_wifi,
        f1_0.image_url,
        f1_0.is_available,
        f1_0.is_outdoor,
        f1_0.is_wheelchair_accessible,
        f1_0.location,
        f1_0.name,
        f1_0.opening_time,
        f1_0.department_id,
        f1_0.rules 
    from
        facilities f1_0
Hibernate: 
    select
        ft1_0.id,
        ft1_0.description,
        ft1_0.name,
        ft1_0.requires_approval 
    from
        facility_types ft1_0 
    where
        ft1_0.id=?
Hibernate: 
    select
        b1_0.id,
        b1_0.attendees,
        b1_0.check_in_time,
        b1_0.check_out_time,
        b1_0.created_at,
        b1_0.date,
        b1_0.end_time,
        b1_0.expired_at,
        b1_0.extension_count,
        b1_0.facility_id,
        b1_0.is_recurring,
        b1_0.max_extensions,
        b1_0.notes,
        b1_0.original_end_time,
        b1_0.purpose,
        b1_0.recurrence_rule,
        b1_0.reminder_sent,
        b1_0.start_time,
        b1_0.status,
        b1_0.updated_at,
        b1_0.user_id 
    from
        bookings b1_0 
    where
        b1_0.status in (?, ?)
Hibernate: 
    select
        b1_0.id,
        b1_0.attendees,
        b1_0.check_in_time,
        b1_0.check_out_time,
        b1_0.created_at,
        b1_0.date,
        b1_0.end_time,
        b1_0.expired_at,
        b1_0.extension_count,
        b1_0.facility_id,
        b1_0.is_recurring,
        b1_0.max_extensions,
        b1_0.notes,
        b1_0.original_end_time,
        b1_0.purpose,
        b1_0.recurrence_rule,
        b1_0.reminder_sent,
        b1_0.start_time,
        b1_0.status,
        b1_0.updated_at,
        b1_0.user_id 
    from
        bookings b1_0 
    where
        b1_0.status in (?, ?)
Hibernate: 
    select
        b1_0.id,
        b1_0.attendees,
        b1_0.check_in_time,
        b1_0.check_out_time,
        b1_0.created_at,
        b1_0.date,
        b1_0.end_time,
        b1_0.expired_at,
        b1_0.extension_count,
        b1_0.facility_id,
        b1_0.is_recurring,
        b1_0.max_extensions,
        b1_0.notes,
        b1_0.original_end_time,
        b1_0.purpose,
        b1_0.recurrence_rule,
        b1_0.reminder_sent,
        b1_0.start_time,
        b1_0.status,
        b1_0.updated_at,
        b1_0.user_id 
    from
        bookings b1_0 
    where
        b1_0.status in (?, ?)
2026-02-18T17:03:23.764Z  INFO 30956 --- [campus_facilities_booking] [nio-8080-exec-2] c.g.c.security.JwtAuthenticationFilter   : Processing JWT for user: 2admin@example.com
Hibernate: 
    select
        u1_0.id,
        u1_0.created_at,
        u1_0.department_id,
        u1_0.email,
        u1_0.is_active,
        u1_0.name,
        u1_0.password_hash,
        u1_0.phone,
        u1_0.profile_pic_url,
        u1_0.role,
        u1_0.staff_id,
        u1_0.student_id 
    from
        users u1_0 
    where
        u1_0.email=?
2026-02-18T17:03:23.773Z  INFO 30956 --- [campus_facilities_booking] [nio-8080-exec-2] c.g.c.security.JwtAuthenticationFilter   : User authenticated: 2admin@example.com
Hibernate: 
    select
        f1_0.id,
        f1_0.capacity,
        f1_0.closing_time,
        f1_0.created_at,
        f1_0.facility_type_id,
        ft1_0.id,
        ft1_0.description,
        ft1_0.name,
        ft1_0.requires_approval,
        f1_0.has_air_conditioning,
        f1_0.has_pa_system,
        f1_0.has_projector,
        f1_0.has_video_conferencing,
        f1_0.has_whiteboard,
        f1_0.has_wifi,
        f1_0.image_url,
        f1_0.is_available,
        f1_0.is_outdoor,
        f1_0.is_wheelchair_accessible,
        f1_0.location,
        f1_0.name,
        f1_0.opening_time,
        f1_0.department_id,
        f1_0.rules 
    from
        facilities f1_0 
    join
        facility_types ft1_0 
            on ft1_0.id=f1_0.facility_type_id 
    where
        f1_0.id=?
Hibernate: 
    select
        b1_0.id,
        b1_0.attendees,
        b1_0.check_in_time,
        b1_0.check_out_time,
        b1_0.created_at,
        b1_0.date,
        b1_0.end_time,
        b1_0.expired_at,
        b1_0.extension_count,
        b1_0.facility_id,
        b1_0.is_recurring,
        b1_0.max_extensions,
        b1_0.notes,
        b1_0.original_end_time,
        b1_0.purpose,
        b1_0.recurrence_rule,
        b1_0.reminder_sent,
        b1_0.start_time,
        b1_0.status,
        b1_0.updated_at,
        b1_0.user_id 
    from
        bookings b1_0 
    where
        b1_0.status in (?, ?)
Hibernate: 
    select
        b1_0.id,
        b1_0.attendees,
        b1_0.check_in_time,
        b1_0.check_out_time,
        b1_0.created_at,
        b1_0.date,
        b1_0.end_time,
        b1_0.expired_at,
        b1_0.extension_count,
        b1_0.facility_id,
        b1_0.is_recurring,
        b1_0.max_extensions,
        b1_0.notes,
        b1_0.original_end_time,
        b1_0.purpose,
        b1_0.recurrence_rule,
        b1_0.reminder_sent,
        b1_0.start_time,
        b1_0.status,
        b1_0.updated_at,
        b1_0.user_id 
    from
        bookings b1_0 
    where
        b1_0.status in (?, ?)
Hibernate: 
    select
        b1_0.id,
        b1_0.attendees,
        b1_0.check_in_time,
        b1_0.check_out_time,
        b1_0.created_at,
        b1_0.date,
        b1_0.end_time,
        b1_0.expired_at,
        b1_0.extension_count,
        b1_0.facility_id,
        b1_0.is_recurring,
        b1_0.max_extensions,
        b1_0.notes,
        b1_0.original_end_time,
        b1_0.purpose,
        b1_0.recurrence_rule,
        b1_0.reminder_sent,
        b1_0.start_time,
        b1_0.status,
        b1_0.updated_at,
        b1_0.user_id 
    from
        bookings b1_0 
    where
        b1_0.status in (?, ?)
Hibernate: 
    select
        b1_0.id,
        b1_0.attendees,
        b1_0.check_in_time,
        b1_0.check_out_time,
        b1_0.created_at,
        b1_0.date,
        b1_0.end_time,
        b1_0.expired_at,
        b1_0.extension_count,
        b1_0.facility_id,
        b1_0.is_recurring,
        b1_0.max_extensions,
        b1_0.notes,
        b1_0.original_end_time,
        b1_0.purpose,
        b1_0.recurrence_rule,
        b1_0.reminder_sent,
        b1_0.start_time,
        b1_0.status,
        b1_0.updated_at,
        b1_0.user_id 
    from
        bookings b1_0 
    where
        b1_0.status in (?, ?)
Hibernate: 
    select
        b1_0.id,
        b1_0.attendees,
        b1_0.check_in_time,
        b1_0.check_out_time,
        b1_0.created_at,
        b1_0.date,
        b1_0.end_time,
        b1_0.expired_at,
        b1_0.extension_count,
        b1_0.facility_id,
        b1_0.is_recurring,
        b1_0.max_extensions,
        b1_0.notes,
        b1_0.original_end_time,
        b1_0.purpose,
        b1_0.recurrence_rule,
        b1_0.reminder_sent,
        b1_0.start_time,
        b1_0.status,
        b1_0.updated_at,
        b1_0.user_id 
    from
        bookings b1_0 
    where
        b1_0.status in (?, ?)
Hibernate: 
    select
        b1_0.id,
        b1_0.attendees,
        b1_0.check_in_time,
        b1_0.check_out_time,
        b1_0.created_at,
        b1_0.date,
        b1_0.end_time,
        b1_0.expired_at,
        b1_0.extension_count,
        b1_0.facility_id,
        b1_0.is_recurring,
        b1_0.max_extensions,
        b1_0.notes,
        b1_0.original_end_time,
        b1_0.purpose,
        b1_0.recurrence_rule,
        b1_0.reminder_sent,
        b1_0.start_time,
        b1_0.status,
        b1_0.updated_at,
        b1_0.user_id 
    from
        bookings b1_0 
    where
        b1_0.status in (?, ?)
Hibernate: 
    select
        b1_0.id,
        b1_0.attendees,
        b1_0.check_in_time,
        b1_0.check_out_time,
        b1_0.created_at,
        b1_0.date,
        b1_0.end_time,
        b1_0.expired_at,
        b1_0.extension_count,
        b1_0.facility_id,
        b1_0.is_recurring,
        b1_0.max_extensions,
        b1_0.notes,
        b1_0.original_end_time,
        b1_0.purpose,
        b1_0.recurrence_rule,
        b1_0.reminder_sent,
        b1_0.start_time,
        b1_0.status,
        b1_0.updated_at,
        b1_0.user_id 
    from
        bookings b1_0 
    where
        b1_0.status in (?, ?)
Hibernate: 
    select
        b1_0.id,
        b1_0.attendees,
        b1_0.check_in_time,
        b1_0.check_out_time,
        b1_0.created_at,
        b1_0.date,
        b1_0.end_time,
        b1_0.expired_at,
        b1_0.extension_count,
        b1_0.facility_id,
        b1_0.is_recurring,
        b1_0.max_extensions,
        b1_0.notes,
        b1_0.original_end_time,
        b1_0.purpose,
        b1_0.recurrence_rule,
        b1_0.reminder_sent,
        b1_0.start_time,
        b1_0.status,
        b1_0.updated_at,
        b1_0.user_id 
    from
        bookings b1_0 
    where
        b1_0.status in (?, ?)
Hibernate: 
    select
        b1_0.id,
        b1_0.attendees,
        b1_0.check_in_time,
        b1_0.check_out_time,
        b1_0.created_at,
        b1_0.date,
        b1_0.end_time,
        b1_0.expired_at,
        b1_0.extension_count,
        b1_0.facility_id,
        b1_0.is_recurring,
        b1_0.max_extensions,
        b1_0.notes,
        b1_0.original_end_time,
        b1_0.purpose,
        b1_0.recurrence_rule,
        b1_0.reminder_sent,
        b1_0.start_time,
        b1_0.status,
        b1_0.updated_at,
        b1_0.user_id 
    from
        bookings b1_0 
    where
        b1_0.status in (?, ?)
Hibernate: 
    select
        b1_0.id,
        b1_0.attendees,
        b1_0.check_in_time,
        b1_0.check_out_time,
        b1_0.created_at,
        b1_0.date,
        b1_0.end_time,
        b1_0.expired_at,
        b1_0.extension_count,
        b1_0.facility_id,
        b1_0.is_recurring,
        b1_0.max_extensions,
        b1_0.notes,
        b1_0.original_end_time,
        b1_0.purpose,
        b1_0.recurrence_rule,
        b1_0.reminder_sent,
        b1_0.start_time,
        b1_0.status,
        b1_0.updated_at,
        b1_0.user_id 
    from
        bookings b1_0 
    where
        b1_0.status in (?, ?)
Hibernate: 
    select
        b1_0.id,
        b1_0.attendees,
        b1_0.check_in_time,
        b1_0.check_out_time,
        b1_0.created_at,
        b1_0.date,
        b1_0.end_time,
        b1_0.expired_at,
        b1_0.extension_count,
        b1_0.facility_id,
        b1_0.is_recurring,
        b1_0.max_extensions,
        b1_0.notes,
        b1_0.original_end_time,
        b1_0.purpose,
        b1_0.recurrence_rule,
        b1_0.reminder_sent,
        b1_0.start_time,
        b1_0.status,
        b1_0.updated_at,
        b1_0.user_id 
    from
        bookings b1_0 
    where
        b1_0.status in (?, ?)
Hibernate: 
    select
        b1_0.id,
        b1_0.attendees,
        b1_0.check_in_time,
        b1_0.check_out_time,
        b1_0.created_at,
        b1_0.date,
        b1_0.end_time,
        b1_0.expired_at,
        b1_0.extension_count,
        b1_0.facility_id,
        b1_0.is_recurring,
        b1_0.max_extensions,
        b1_0.notes,
        b1_0.original_end_time,
        b1_0.purpose,
        b1_0.recurrence_rule,
        b1_0.reminder_sent,
        b1_0.start_time,
        b1_0.status,
        b1_0.updated_at,
        b1_0.user_id 
    from
        bookings b1_0 
    where
        b1_0.status in (?, ?)
Hibernate: 
    select
        b1_0.id,
        b1_0.attendees,
        b1_0.check_in_time,
        b1_0.check_out_time,
        b1_0.created_at,
        b1_0.date,
        b1_0.end_time,
        b1_0.expired_at,
        b1_0.extension_count,
        b1_0.facility_id,
        b1_0.is_recurring,
        b1_0.max_extensions,
        b1_0.notes,
        b1_0.original_end_time,
        b1_0.purpose,
        b1_0.recurrence_rule,
        b1_0.reminder_sent,
        b1_0.start_time,
        b1_0.status,
        b1_0.updated_at,
        b1_0.user_id 
    from
        bookings b1_0 
    where
        b1_0.status in (?, ?)
Hibernate: 
    select
        b1_0.id,
        b1_0.attendees,
        b1_0.check_in_time,
        b1_0.check_out_time,
        b1_0.created_at,
        b1_0.date,
        b1_0.end_time,
        b1_0.expired_at,
        b1_0.extension_count,
        b1_0.facility_id,
        b1_0.is_recurring,
        b1_0.max_extensions,
        b1_0.notes,
        b1_0.original_end_time,
        b1_0.purpose,
        b1_0.recurrence_rule,
        b1_0.reminder_sent,
        b1_0.start_time,
        b1_0.status,
        b1_0.updated_at,
        b1_0.user_id 
    from
        bookings b1_0 
    where
        b1_0.status in (?, ?)
Hibernate: 
    select
        b1_0.id,
        b1_0.attendees,
        b1_0.check_in_time,
        b1_0.check_out_time,
        b1_0.created_at,
        b1_0.date,
        b1_0.end_time,
        b1_0.expired_at,
        b1_0.extension_count,
        b1_0.facility_id,
        b1_0.is_recurring,
        b1_0.max_extensions,
        b1_0.notes,
        b1_0.original_end_time,
        b1_0.purpose,
        b1_0.recurrence_rule,
        b1_0.reminder_sent,
        b1_0.start_time,
        b1_0.status,
        b1_0.updated_at,
        b1_0.user_id 
    from
        bookings b1_0 
    where
        b1_0.status in (?, ?)
Hibernate: 
    select
        b1_0.id,
        b1_0.attendees,
        b1_0.check_in_time,
        b1_0.check_out_time,
        b1_0.created_at,
        b1_0.date,
        b1_0.end_time,
        b1_0.expired_at,
        b1_0.extension_count,
        b1_0.facility_id,
        b1_0.is_recurring,
        b1_0.max_extensions,
        b1_0.notes,
        b1_0.original_end_time,
        b1_0.purpose,
        b1_0.recurrence_rule,
        b1_0.reminder_sent,
        b1_0.start_time,
        b1_0.status,
        b1_0.updated_at,
        b1_0.user_id 
    from
        bookings b1_0 
    where
        b1_0.status in (?, ?)
Hibernate: 
    select
        b1_0.id,
        b1_0.attendees,
        b1_0.check_in_time,
        b1_0.check_out_time,
        b1_0.created_at,
        b1_0.date,
        b1_0.end_time,
        b1_0.expired_at,
        b1_0.extension_count,
        b1_0.facility_id,
        b1_0.is_recurring,
        b1_0.max_extensions,
        b1_0.notes,
        b1_0.original_end_time,
        b1_0.purpose,
        b1_0.recurrence_rule,
        b1_0.reminder_sent,
        b1_0.start_time,
        b1_0.status,
        b1_0.updated_at,
        b1_0.user_id 
    from
        bookings b1_0 
    where
        b1_0.status in (?, ?)
Hibernate: 
    select
        b1_0.id,
        b1_0.attendees,
        b1_0.check_in_time,
        b1_0.check_out_time,
        b1_0.created_at,
        b1_0.date,
        b1_0.end_time,
        b1_0.expired_at,
        b1_0.extension_count,
        b1_0.facility_id,
        b1_0.is_recurring,
        b1_0.max_extensions,
        b1_0.notes,
        b1_0.original_end_time,
        b1_0.purpose,
        b1_0.recurrence_rule,
        b1_0.reminder_sent,
        b1_0.start_time,
        b1_0.status,
        b1_0.updated_at,
        b1_0.user_id 
    from
        bookings b1_0 
    where
        b1_0.status in (?, ?)
Hibernate: 
    select
        b1_0.id,
        b1_0.attendees,
        b1_0.check_in_time,
        b1_0.check_out_time,
        b1_0.created_at,
        b1_0.date,
        b1_0.end_time,
        b1_0.expired_at,
        b1_0.extension_count,
        b1_0.facility_id,
        b1_0.is_recurring,
        b1_0.max_extensions,
        b1_0.notes,
        b1_0.original_end_time,
        b1_0.purpose,
        b1_0.recurrence_rule,
        b1_0.reminder_sent,
        b1_0.start_time,
        b1_0.status,
        b1_0.updated_at,
        b1_0.user_id 
    from
        bookings b1_0 
    where
        b1_0.status in (?, ?)
Hibernate: 
    select
        b1_0.id,
        b1_0.attendees,
        b1_0.check_in_time,
        b1_0.check_out_time,
        b1_0.created_at,
        b1_0.date,
        b1_0.end_time,
        b1_0.expired_at,
        b1_0.extension_count,
        b1_0.facility_id,
        b1_0.is_recurring,
        b1_0.max_extensions,
        b1_0.notes,
        b1_0.original_end_time,
        b1_0.purpose,
        b1_0.recurrence_rule,
        b1_0.reminder_sent,
        b1_0.start_time,
        b1_0.status,
        b1_0.updated_at,
        b1_0.user_id 
    from
        bookings b1_0 
    where
        b1_0.status in (?, ?)
Hibernate: 
    select
        b1_0.id,
        b1_0.attendees,
        b1_0.check_in_time,
        b1_0.check_out_time,
        b1_0.created_at,
        b1_0.date,
        b1_0.end_time,
        b1_0.expired_at,
        b1_0.extension_count,
        b1_0.facility_id,
        b1_0.is_recurring,
        b1_0.max_extensions,
        b1_0.notes,
        b1_0.original_end_time,
        b1_0.purpose,
        b1_0.recurrence_rule,
        b1_0.reminder_sent,
        b1_0.start_time,
        b1_0.status,
        b1_0.updated_at,
        b1_0.user_id 
    from
        bookings b1_0 
    where
        b1_0.status in (?, ?)
Hibernate: 
    select
        b1_0.id,
        b1_0.attendees,
        b1_0.check_in_time,
        b1_0.check_out_time,
        b1_0.created_at,
        b1_0.date,
        b1_0.end_time,
        b1_0.expired_at,
        b1_0.extension_count,
        b1_0.facility_id,
        b1_0.is_recurring,
        b1_0.max_extensions,
        b1_0.notes,
        b1_0.original_end_time,
        b1_0.purpose,
        b1_0.recurrence_rule,
        b1_0.reminder_sent,
        b1_0.start_time,
        b1_0.status,
        b1_0.updated_at,
        b1_0.user_id 
    from
        bookings b1_0 
    where
        b1_0.status in (?, ?)
Hibernate: 
    select
        b1_0.id,
        b1_0.attendees,
        b1_0.check_in_time,
        b1_0.check_out_time,
        b1_0.created_at,
        b1_0.date,
        b1_0.end_time,
        b1_0.expired_at,
        b1_0.extension_count,
        b1_0.facility_id,
        b1_0.is_recurring,
        b1_0.max_extensions,
        b1_0.notes,
        b1_0.original_end_time,
        b1_0.purpose,
        b1_0.recurrence_rule,
        b1_0.reminder_sent,
        b1_0.start_time,
        b1_0.status,
        b1_0.updated_at,
        b1_0.user_id 
    from
        bookings b1_0 
    where
        b1_0.status in (?, ?)
Hibernate: 
    select
        b1_0.id,
        b1_0.attendees,
        b1_0.check_in_time,
        b1_0.check_out_time,
        b1_0.created_at,
        b1_0.date,
        b1_0.end_time,
        b1_0.expired_at,
        b1_0.extension_count,
        b1_0.facility_id,
        b1_0.is_recurring,
        b1_0.max_extensions,
        b1_0.notes,
        b1_0.original_end_time,
        b1_0.purpose,
        b1_0.recurrence_rule,
        b1_0.reminder_sent,
        b1_0.start_time,
        b1_0.status,
        b1_0.updated_at,
        b1_0.user_id 
    from
        bookings b1_0 
    where
        b1_0.status in (?, ?)
Hibernate: 
    select
        b1_0.id,
        b1_0.attendees,
        b1_0.check_in_time,
        b1_0.check_out_time,
        b1_0.created_at,
        b1_0.date,
        b1_0.end_time,
        b1_0.expired_at,
        b1_0.extension_count,
        b1_0.facility_id,
        b1_0.is_recurring,
        b1_0.max_extensions,
        b1_0.notes,
        b1_0.original_end_time,
        b1_0.purpose,
        b1_0.recurrence_rule,
        b1_0.reminder_sent,
        b1_0.start_time,
        b1_0.status,
        b1_0.updated_at,
        b1_0.user_id 
    from
        bookings b1_0 
    where
        b1_0.status in (?, ?)
Hibernate: 
    select
        b1_0.id,
        b1_0.attendees,
        b1_0.check_in_time,
        b1_0.check_out_time,
        b1_0.created_at,
        b1_0.date,
        b1_0.end_time,
        b1_0.expired_at,
        b1_0.extension_count,
        b1_0.facility_id,
        b1_0.is_recurring,
        b1_0.max_extensions,
        b1_0.notes,
        b1_0.original_end_time,
        b1_0.purpose,
        b1_0.recurrence_rule,
        b1_0.reminder_sent,
        b1_0.start_time,
        b1_0.status,
        b1_0.updated_at,
        b1_0.user_id 
    from
        bookings b1_0 
    where
        b1_0.status in (?, ?)
Hibernate: 
    select
        b1_0.id,
        b1_0.attendees,
        b1_0.check_in_time,
        b1_0.check_out_time,
        b1_0.created_at,
        b1_0.date,
        b1_0.end_time,
        b1_0.expired_at,
        b1_0.extension_count,
        b1_0.facility_id,
        b1_0.is_recurring,
        b1_0.max_extensions,
        b1_0.notes,
        b1_0.original_end_time,
        b1_0.purpose,
        b1_0.recurrence_rule,
        b1_0.reminder_sent,
        b1_0.start_time,
        b1_0.status,
        b1_0.updated_at,
        b1_0.user_id 
    from
        bookings b1_0 
    where
        b1_0.status in (?, ?)
Hibernate: 
    select
        b1_0.id,
        b1_0.attendees,
        b1_0.check_in_time,
        b1_0.check_out_time,
        b1_0.created_at,
        b1_0.date,
        b1_0.end_time,
        b1_0.expired_at,
        b1_0.extension_count,
        b1_0.facility_id,
        b1_0.is_recurring,
        b1_0.max_extensions,
        b1_0.notes,
        b1_0.original_end_time,
        b1_0.purpose,
        b1_0.recurrence_rule,
        b1_0.reminder_sent,
        b1_0.start_time,
        b1_0.status,
        b1_0.updated_at,
        b1_0.user_id 
    from
        bookings b1_0 
    where
        b1_0.status in (?, ?)
Hibernate: 
    select
        b1_0.id,
        b1_0.attendees,
        b1_0.check_in_time,
        b1_0.check_out_time,
        b1_0.created_at,
        b1_0.date,
        b1_0.end_time,
        b1_0.expired_at,
        b1_0.extension_count,
        b1_0.facility_id,
        b1_0.is_recurring,
        b1_0.max_extensions,
        b1_0.notes,
        b1_0.original_end_time,
        b1_0.purpose,
        b1_0.recurrence_rule,
        b1_0.reminder_sent,
        b1_0.start_time,
        b1_0.status,
        b1_0.updated_at,
        b1_0.user_id 
    from
        bookings b1_0 
    where
        b1_0.status in (?, ?)
Hibernate: 
    select
        b1_0.id,
        b1_0.attendees,
        b1_0.check_in_time,
        b1_0.check_out_time,
        b1_0.created_at,
        b1_0.date,
        b1_0.end_time,
        b1_0.expired_at,
        b1_0.extension_count,
        b1_0.facility_id,
        b1_0.is_recurring,
        b1_0.max_extensions,
        b1_0.notes,
        b1_0.original_end_time,
        b1_0.purpose,
        b1_0.recurrence_rule,
        b1_0.reminder_sent,
        b1_0.start_time,
        b1_0.status,
        b1_0.updated_at,
        b1_0.user_id 
    from
        bookings b1_0 
    where
        b1_0.status in (?, ?)
Hibernate: 
    select
        b1_0.id,
        b1_0.attendees,
        b1_0.check_in_time,
        b1_0.check_out_time,
        b1_0.created_at,
        b1_0.date,
        b1_0.end_time,
        b1_0.expired_at,
        b1_0.extension_count,
        b1_0.facility_id,
        b1_0.is_recurring,
        b1_0.max_extensions,
        b1_0.notes,
        b1_0.original_end_time,
        b1_0.purpose,
        b1_0.recurrence_rule,
        b1_0.reminder_sent,
        b1_0.start_time,
        b1_0.status,
        b1_0.updated_at,
        b1_0.user_id 
    from
        bookings b1_0 
    where
        b1_0.status in (?, ?)
Hibernate: 
    select
        b1_0.id,
        b1_0.attendees,
        b1_0.check_in_time,
        b1_0.check_out_time,
        b1_0.created_at,
        b1_0.date,
        b1_0.end_time,
        b1_0.expired_at,
        b1_0.extension_count,
        b1_0.facility_id,
        b1_0.is_recurring,
        b1_0.max_extensions,
        b1_0.notes,
        b1_0.original_end_time,
        b1_0.purpose,
        b1_0.recurrence_rule,
        b1_0.reminder_sent,
        b1_0.start_time,
        b1_0.status,
        b1_0.updated_at,
        b1_0.user_id 
    from
        bookings b1_0 
    where
        b1_0.status in (?, ?)
Hibernate: 
    select
        b1_0.id,
        b1_0.attendees,
        b1_0.check_in_time,
        b1_0.check_out_time,
        b1_0.created_at,
        b1_0.date,
        b1_0.end_time,
        b1_0.expired_at,
        b1_0.extension_count,
        b1_0.facility_id,
        b1_0.is_recurring,
        b1_0.max_extensions,
        b1_0.notes,
        b1_0.original_end_time,
        b1_0.purpose,
        b1_0.recurrence_rule,
        b1_0.reminder_sent,
        b1_0.start_time,
        b1_0.status,
        b1_0.updated_at,
        b1_0.user_id 
    from
        bookings b1_0 
    where
        b1_0.status in (?, ?)
Hibernate: 
    select
        b1_0.id,
        b1_0.attendees,
        b1_0.check_in_time,
        b1_0.check_out_time,
        b1_0.created_at,
        b1_0.date,
        b1_0.end_time,
        b1_0.expired_at,
        b1_0.extension_count,
        b1_0.facility_id,
        b1_0.is_recurring,
        b1_0.max_extensions,
        b1_0.notes,
        b1_0.original_end_time,
        b1_0.purpose,
        b1_0.recurrence_rule,
        b1_0.reminder_sent,
        b1_0.start_time,
        b1_0.status,
        b1_0.updated_at,
        b1_0.user_id 
    from
        bookings b1_0 
    where
        b1_0.status in (?, ?)
Hibernate: 
    select
        b1_0.id,
        b1_0.attendees,
        b1_0.check_in_time,
        b1_0.check_out_time,
        b1_0.created_at,
        b1_0.date,
        b1_0.end_time,
        b1_0.expired_at,
        b1_0.extension_count,
        b1_0.facility_id,
        b1_0.is_recurring,
        b1_0.max_extensions,
        b1_0.notes,
        b1_0.original_end_time,
        b1_0.purpose,
        b1_0.recurrence_rule,
        b1_0.reminder_sent,
        b1_0.start_time,
        b1_0.status,
        b1_0.updated_at,
        b1_0.user_id 
    from
        bookings b1_0 
    where
        b1_0.status in (?, ?)
Hibernate: 
    select
        b1_0.id,
        b1_0.attendees,
        b1_0.check_in_time,
        b1_0.check_out_time,
        b1_0.created_at,
        b1_0.date,
        b1_0.end_time,
        b1_0.expired_at,
        b1_0.extension_count,
        b1_0.facility_id,
        b1_0.is_recurring,
        b1_0.max_extensions,
        b1_0.notes,
        b1_0.original_end_time,
        b1_0.purpose,
        b1_0.recurrence_rule,
        b1_0.reminder_sent,
        b1_0.start_time,
        b1_0.status,
        b1_0.updated_at,
        b1_0.user_id 
    from
        bookings b1_0 
    where
        b1_0.status in (?, ?)
Hibernate: 
    select
        b1_0.id,
        b1_0.attendees,
        b1_0.check_in_time,
        b1_0.check_out_time,
        b1_0.created_at,
        b1_0.date,
        b1_0.end_time,
        b1_0.expired_at,
        b1_0.extension_count,
        b1_0.facility_id,
        b1_0.is_recurring,
        b1_0.max_extensions,
        b1_0.notes,
        b1_0.original_end_time,
        b1_0.purpose,
        b1_0.recurrence_rule,
        b1_0.reminder_sent,
        b1_0.start_time,
        b1_0.status,
        b1_0.updated_at,
        b1_0.user_id 
    from
        bookings b1_0 
    where
        b1_0.status in (?, ?)
Hibernate: 
    select
        b1_0.id,
        b1_0.attendees,
        b1_0.check_in_time,
        b1_0.check_out_time,
        b1_0.created_at,
        b1_0.date,
        b1_0.end_time,
        b1_0.expired_at,
        b1_0.extension_count,
        b1_0.facility_id,
        b1_0.is_recurring,
        b1_0.max_extensions,
        b1_0.notes,
        b1_0.original_end_time,
        b1_0.purpose,
        b1_0.recurrence_rule,
        b1_0.reminder_sent,
        b1_0.start_time,
        b1_0.status,
        b1_0.updated_at,
        b1_0.user_id 
    from
        bookings b1_0 
    where
        b1_0.status in (?, ?)
Hibernate: 
    select
        b1_0.id,
        b1_0.attendees,
        b1_0.check_in_time,
        b1_0.check_out_time,
        b1_0.created_at,
        b1_0.date,
        b1_0.end_time,
        b1_0.expired_at,
        b1_0.extension_count,
        b1_0.facility_id,
        b1_0.is_recurring,
        b1_0.max_extensions,
        b1_0.notes,
        b1_0.original_end_time,
        b1_0.purpose,
        b1_0.recurrence_rule,
        b1_0.reminder_sent,
        b1_0.start_time,
        b1_0.status,
        b1_0.updated_at,
        b1_0.user_id 
    from
        bookings b1_0 
    where
        b1_0.status in (?, ?)
Hibernate: 
    select
        b1_0.id,
        b1_0.attendees,
        b1_0.check_in_time,
        b1_0.check_out_time,
        b1_0.created_at,
        b1_0.date,
        b1_0.end_time,
        b1_0.expired_at,
        b1_0.extension_count,
        b1_0.facility_id,
        b1_0.is_recurring,
        b1_0.max_extensions,
        b1_0.notes,
        b1_0.original_end_time,
        b1_0.purpose,
        b1_0.recurrence_rule,
        b1_0.reminder_sent,
        b1_0.start_time,
        b1_0.status,
        b1_0.updated_at,
        b1_0.user_id 
    from
        bookings b1_0 
    where
        b1_0.status in (?, ?)
Hibernate: 
    select
        b1_0.id,
        b1_0.attendees,
        b1_0.check_in_time,
        b1_0.check_out_time,
        b1_0.created_at,
        b1_0.date,
        b1_0.end_time,
        b1_0.expired_at,
        b1_0.extension_count,
        b1_0.facility_id,
        b1_0.is_recurring,
        b1_0.max_extensions,
        b1_0.notes,
        b1_0.original_end_time,
        b1_0.purpose,
        b1_0.recurrence_rule,
        b1_0.reminder_sent,
        b1_0.start_time,
        b1_0.status,
        b1_0.updated_at,
        b1_0.user_id 
    from
        bookings b1_0 
    where
        b1_0.status in (?, ?)
Hibernate: 
    select
        b1_0.id,
        b1_0.attendees,
        b1_0.check_in_time,
        b1_0.check_out_time,
        b1_0.created_at,
        b1_0.date,
        b1_0.end_time,
        b1_0.expired_at,
        b1_0.extension_count,
        b1_0.facility_id,
        b1_0.is_recurring,
        b1_0.max_extensions,
        b1_0.notes,
        b1_0.original_end_time,
        b1_0.purpose,
        b1_0.recurrence_rule,
        b1_0.reminder_sent,
        b1_0.start_time,
        b1_0.status,
        b1_0.updated_at,
        b1_0.user_id 
    from
        bookings b1_0 
    where
        b1_0.status in (?, ?)
Hibernate: 
    select
        b1_0.id,
        b1_0.attendees,
        b1_0.check_in_time,
        b1_0.check_out_time,
        b1_0.created_at,
        b1_0.date,
        b1_0.end_time,
        b1_0.expired_at,
        b1_0.extension_count,
        b1_0.facility_id,
        b1_0.is_recurring,
        b1_0.max_extensions,
        b1_0.notes,
        b1_0.original_end_time,
        b1_0.purpose,
        b1_0.recurrence_rule,
        b1_0.reminder_sent,
        b1_0.start_time,
        b1_0.status,
        b1_0.updated_at,
        b1_0.user_id 
    from
        bookings b1_0 
    where
        b1_0.status in (?, ?)
Hibernate: 
    select
        b1_0.id,
        b1_0.attendees,
        b1_0.check_in_time,
        b1_0.check_out_time,
        b1_0.created_at,
        b1_0.date,
        b1_0.end_time,
        b1_0.expired_at,
        b1_0.extension_count,
        b1_0.facility_id,
        b1_0.is_recurring,
        b1_0.max_extensions,
        b1_0.notes,
        b1_0.original_end_time,
        b1_0.purpose,
        b1_0.recurrence_rule,
        b1_0.reminder_sent,
        b1_0.start_time,
        b1_0.status,
        b1_0.updated_at,
        b1_0.user_id 
    from
        bookings b1_0 
    where
        b1_0.status in (?, ?)
Hibernate: 
    select
        b1_0.id,
        b1_0.attendees,
        b1_0.check_in_time,
        b1_0.check_out_time,
        b1_0.created_at,
        b1_0.date,
        b1_0.end_time,
        b1_0.expired_at,
        b1_0.extension_count,
        b1_0.facility_id,
        b1_0.is_recurring,
        b1_0.max_extensions,
        b1_0.notes,
        b1_0.original_end_time,
        b1_0.purpose,
        b1_0.recurrence_rule,
        b1_0.reminder_sent,
        b1_0.start_time,
        b1_0.status,
        b1_0.updated_at,
        b1_0.user_id 
    from
        bookings b1_0 
    where
        b1_0.status in (?, ?)
Hibernate: 
    select
        b1_0.id,
        b1_0.attendees,
        b1_0.check_in_time,
        b1_0.check_out_time,
        b1_0.created_at,
        b1_0.date,
        b1_0.end_time,
        b1_0.expired_at,
        b1_0.extension_count,
        b1_0.facility_id,
        b1_0.is_recurring,
        b1_0.max_extensions,
        b1_0.notes,
        b1_0.original_end_time,
        b1_0.purpose,
        b1_0.recurrence_rule,
        b1_0.reminder_sent,
        b1_0.start_time,
        b1_0.status,
        b1_0.updated_at,
        b1_0.user_id 
    from
        bookings b1_0 
    where
        b1_0.status in (?, ?)
Hibernate: 
    select
        b1_0.id,
        b1_0.attendees,
        b1_0.check_in_time,
        b1_0.check_out_time,
        b1_0.created_at,
        b1_0.date,
        b1_0.end_time,
        b1_0.expired_at,
        b1_0.extension_count,
        b1_0.facility_id,
        b1_0.is_recurring,
        b1_0.max_extensions,
        b1_0.notes,
        b1_0.original_end_time,
        b1_0.purpose,
        b1_0.recurrence_rule,
        b1_0.reminder_sent,
        b1_0.start_time,
        b1_0.status,
        b1_0.updated_at,
        b1_0.user_id 
    from
        bookings b1_0 
    where
        b1_0.status in (?, ?)
Hibernate: 
    select
        b1_0.id,
        b1_0.attendees,
        b1_0.check_in_time,
        b1_0.check_out_time,
        b1_0.created_at,
        b1_0.date,
        b1_0.end_time,
        b1_0.expired_at,
        b1_0.extension_count,
        b1_0.facility_id,
        b1_0.is_recurring,
        b1_0.max_extensions,
        b1_0.notes,
        b1_0.original_end_time,
        b1_0.purpose,
        b1_0.recurrence_rule,
        b1_0.reminder_sent,
        b1_0.start_time,
        b1_0.status,
        b1_0.updated_at,
        b1_0.user_id 
    from
        bookings b1_0 
    where
        b1_0.status in (?, ?)
Hibernate: 
    select
        b1_0.id,
        b1_0.attendees,
        b1_0.check_in_time,
        b1_0.check_out_time,
        b1_0.created_at,
        b1_0.date,
        b1_0.end_time,
        b1_0.expired_at,
        b1_0.extension_count,
        b1_0.facility_id,
        b1_0.is_recurring,
        b1_0.max_extensions,
        b1_0.notes,
        b1_0.original_end_time,
        b1_0.purpose,
        b1_0.recurrence_rule,
        b1_0.reminder_sent,
        b1_0.start_time,
        b1_0.status,
        b1_0.updated_at,
        b1_0.user_id 
    from
        bookings b1_0 
    where
        b1_0.status in (?, ?)
Hibernate: 
    select
        b1_0.id,
        b1_0.attendees,
        b1_0.check_in_time,
        b1_0.check_out_time,
        b1_0.created_at,
        b1_0.date,
        b1_0.end_time,
        b1_0.expired_at,
        b1_0.extension_count,
        b1_0.facility_id,
        b1_0.is_recurring,
        b1_0.max_extensions,
        b1_0.notes,
        b1_0.original_end_time,
        b1_0.purpose,
        b1_0.recurrence_rule,
        b1_0.reminder_sent,
        b1_0.start_time,
        b1_0.status,
        b1_0.updated_at,
        b1_0.user_id 
    from
        bookings b1_0 
    where
        b1_0.status in (?, ?)
Hibernate: 
    select
        b1_0.id,
        b1_0.attendees,
        b1_0.check_in_time,
        b1_0.check_out_time,
        b1_0.created_at,
        b1_0.date,
        b1_0.end_time,
        b1_0.expired_at,
        b1_0.extension_count,
        b1_0.facility_id,
        b1_0.is_recurring,
        b1_0.max_extensions,
        b1_0.notes,
        b1_0.original_end_time,
        b1_0.purpose,
        b1_0.recurrence_rule,
        b1_0.reminder_sent,
        b1_0.start_time,
        b1_0.status,
        b1_0.updated_at,
        b1_0.user_id 
    from
        bookings b1_0 
    where
        b1_0.status in (?, ?)
Hibernate: 
    select
        b1_0.id,
        b1_0.attendees,
        b1_0.check_in_time,
        b1_0.check_out_time,
        b1_0.created_at,
        b1_0.date,
        b1_0.end_time,
        b1_0.expired_at,
        b1_0.extension_count,
        b1_0.facility_id,
        b1_0.is_recurring,
        b1_0.max_extensions,
        b1_0.notes,
        b1_0.original_end_time,
        b1_0.purpose,
        b1_0.recurrence_rule,
        b1_0.reminder_sent,
        b1_0.start_time,
        b1_0.status,
        b1_0.updated_at,
        b1_0.user_id 
    from
        bookings b1_0 
    where
        b1_0.status in (?, ?)
Hibernate: 
    select
        b1_0.id,
        b1_0.attendees,
        b1_0.check_in_time,
        b1_0.check_out_time,
        b1_0.created_at,
        b1_0.date,
        b1_0.end_time,
        b1_0.expired_at,
        b1_0.extension_count,
        b1_0.facility_id,
        b1_0.is_recurring,
        b1_0.max_extensions,
        b1_0.notes,
        b1_0.original_end_time,
        b1_0.purpose,
        b1_0.recurrence_rule,
        b1_0.reminder_sent,
        b1_0.start_time,
        b1_0.status,
        b1_0.updated_at,
        b1_0.user_id 
    from
        bookings b1_0 
    where
        b1_0.status in (?, ?)
Hibernate: 
    select
        b1_0.id,
        b1_0.attendees,
        b1_0.check_in_time,
        b1_0.check_out_time,
        b1_0.created_at,
        b1_0.date,
        b1_0.end_time,
        b1_0.expired_at,
        b1_0.extension_count,
        b1_0.facility_id,
        b1_0.is_recurring,
        b1_0.max_extensions,
        b1_0.notes,
        b1_0.original_end_time,
        b1_0.purpose,
        b1_0.recurrence_rule,
        b1_0.reminder_sent,
        b1_0.start_time,
        b1_0.status,
        b1_0.updated_at,
        b1_0.user_id 
    from
        bookings b1_0 
    where
        b1_0.status in (?, ?)
Hibernate: 
    select
        b1_0.id,
        b1_0.attendees,
        b1_0.check_in_time,
        b1_0.check_out_time,
        b1_0.created_at,
        b1_0.date,
        b1_0.end_time,
        b1_0.expired_at,
        b1_0.extension_count,
        b1_0.facility_id,
        b1_0.is_recurring,
        b1_0.max_extensions,
        b1_0.notes,
        b1_0.original_end_time,
        b1_0.purpose,
        b1_0.recurrence_rule,
        b1_0.reminder_sent,
        b1_0.start_time,
        b1_0.status,
        b1_0.updated_at,
        b1_0.user_id 
    from
        bookings b1_0 
    where
        b1_0.status in (?, ?)
Hibernate: 
    select
        b1_0.id,
        b1_0.attendees,
        b1_0.check_in_time,
        b1_0.check_out_time,
        b1_0.created_at,
        b1_0.date,
        b1_0.end_time,
        b1_0.expired_at,
        b1_0.extension_count,
        b1_0.facility_id,
        b1_0.is_recurring,
        b1_0.max_extensions,
        b1_0.notes,
        b1_0.original_end_time,
        b1_0.purpose,
        b1_0.recurrence_rule,
        b1_0.reminder_sent,
        b1_0.start_time,
        b1_0.status,
        b1_0.updated_at,
        b1_0.user_id 
    from
        bookings b1_0 
    where
        b1_0.status in (?, ?)
Hibernate: 
    select
        b1_0.id,
        b1_0.attendees,
        b1_0.check_in_time,
        b1_0.check_out_time,
        b1_0.created_at,
        b1_0.date,
        b1_0.end_time,
        b1_0.expired_at,
        b1_0.extension_count,
        b1_0.facility_id,
        b1_0.is_recurring,
        b1_0.max_extensions,
        b1_0.notes,
        b1_0.original_end_time,
        b1_0.purpose,
        b1_0.recurrence_rule,
        b1_0.reminder_sent,
        b1_0.start_time,
        b1_0.status,
        b1_0.updated_at,
        b1_0.user_id 
    from
        bookings b1_0 
    where
        b1_0.status in (?, ?)
Hibernate: 
    select
        b1_0.id,
        b1_0.attendees,
        b1_0.check_in_time,
        b1_0.check_out_time,
        b1_0.created_at,
        b1_0.date,
        b1_0.end_time,
        b1_0.expired_at,
        b1_0.extension_count,
        b1_0.facility_id,
        b1_0.is_recurring,
        b1_0.max_extensions,
        b1_0.notes,
        b1_0.original_end_time,
        b1_0.purpose,
        b1_0.recurrence_rule,
        b1_0.reminder_sent,
        b1_0.start_time,
        b1_0.status,
        b1_0.updated_at,
        b1_0.user_id 
    from
        bookings b1_0 
    where
        b1_0.status in (?, ?)
Hibernate: 
    select
        b1_0.id,
        b1_0.attendees,
        b1_0.check_in_time,
        b1_0.check_out_time,
        b1_0.created_at,
        b1_0.date,
        b1_0.end_time,
        b1_0.expired_at,
        b1_0.extension_count,
        b1_0.facility_id,
        b1_0.is_recurring,
        b1_0.max_extensions,
        b1_0.notes,
        b1_0.original_end_time,
        b1_0.purpose,
        b1_0.recurrence_rule,
        b1_0.reminder_sent,
        b1_0.start_time,
        b1_0.status,
        b1_0.updated_at,
        b1_0.user_id 
    from
        bookings b1_0 
    where
        b1_0.status in (?, ?)
Hibernate: 
    select
        b1_0.id,
        b1_0.attendees,
        b1_0.check_in_time,
        b1_0.check_out_time,
        b1_0.created_at,
        b1_0.date,
        b1_0.end_time,
        b1_0.expired_at,
        b1_0.extension_count,
        b1_0.facility_id,
        b1_0.is_recurring,
        b1_0.max_extensions,
        b1_0.notes,
        b1_0.original_end_time,
        b1_0.purpose,
        b1_0.recurrence_rule,
        b1_0.reminder_sent,
        b1_0.start_time,
        b1_0.status,
        b1_0.updated_at,
        b1_0.user_id 
    from
        bookings b1_0 
    where
        b1_0.status in (?, ?)
Hibernate: 
    select
        b1_0.id,
        b1_0.attendees,
        b1_0.check_in_time,
        b1_0.check_out_time,
        b1_0.created_at,
        b1_0.date,
        b1_0.end_time,
        b1_0.expired_at,
        b1_0.extension_count,
        b1_0.facility_id,
        b1_0.is_recurring,
        b1_0.max_extensions,
        b1_0.notes,
        b1_0.original_end_time,
        b1_0.purpose,
        b1_0.recurrence_rule,
        b1_0.reminder_sent,
        b1_0.start_time,
        b1_0.status,
        b1_0.updated_at,
        b1_0.user_id 
    from
        bookings b1_0 
    where
        b1_0.status in (?, ?)
Hibernate: 
    select
        b1_0.id,
        b1_0.attendees,
        b1_0.check_in_time,
        b1_0.check_out_time,
        b1_0.created_at,
        b1_0.date,
        b1_0.end_time,
        b1_0.expired_at,
        b1_0.extension_count,
        b1_0.facility_id,
        b1_0.is_recurring,
        b1_0.max_extensions,
        b1_0.notes,
        b1_0.original_end_time,
        b1_0.purpose,
        b1_0.recurrence_rule,
        b1_0.reminder_sent,
        b1_0.start_time,
        b1_0.status,
        b1_0.updated_at,
        b1_0.user_id 
    from
        bookings b1_0 
    where
        b1_0.status in (?, ?)
Hibernate: 
    select
        b1_0.id,
        b1_0.attendees,
        b1_0.check_in_time,
        b1_0.check_out_time,
        b1_0.created_at,
        b1_0.date,
        b1_0.end_time,
        b1_0.expired_at,
        b1_0.extension_count,
        b1_0.facility_id,
        b1_0.is_recurring,
        b1_0.max_extensions,
        b1_0.notes,
        b1_0.original_end_time,
        b1_0.purpose,
        b1_0.recurrence_rule,
        b1_0.reminder_sent,
        b1_0.start_time,
        b1_0.status,
        b1_0.updated_at,
        b1_0.user_id 
    from
        bookings b1_0 
    where
        b1_0.status in (?, ?)
Hibernate: 
    select
        b1_0.id,
        b1_0.attendees,
        b1_0.check_in_time,
        b1_0.check_out_time,
        b1_0.created_at,
        b1_0.date,
        b1_0.end_time,
        b1_0.expired_at,
        b1_0.extension_count,
        b1_0.facility_id,
        b1_0.is_recurring,
        b1_0.max_extensions,
        b1_0.notes,
        b1_0.original_end_time,
        b1_0.purpose,
        b1_0.recurrence_rule,
        b1_0.reminder_sent,
        b1_0.start_time,
        b1_0.status,
        b1_0.updated_at,
        b1_0.user_id 
    from
        bookings b1_0 
    where
        b1_0.status in (?, ?)
Hibernate: 
    select
        b1_0.id,
        b1_0.attendees,
        b1_0.check_in_time,
        b1_0.check_out_time,
        b1_0.created_at,
        b1_0.date,
        b1_0.end_time,
        b1_0.expired_at,
        b1_0.extension_count,
        b1_0.facility_id,
        b1_0.is_recurring,
        b1_0.max_extensions,
        b1_0.notes,
        b1_0.original_end_time,
        b1_0.purpose,
        b1_0.recurrence_rule,
        b1_0.reminder_sent,
        b1_0.start_time,
        b1_0.status,
        b1_0.updated_at,
        b1_0.user_id 
    from
        bookings b1_0 
    where
        b1_0.status in (?, ?)
Hibernate: 
    select
        b1_0.id,
        b1_0.attendees,
        b1_0.check_in_time,
        b1_0.check_out_time,
        b1_0.created_at,
        b1_0.date,
        b1_0.end_time,
        b1_0.expired_at,
        b1_0.extension_count,
        b1_0.facility_id,
        b1_0.is_recurring,
        b1_0.max_extensions,
        b1_0.notes,
        b1_0.original_end_time,
        b1_0.purpose,
        b1_0.recurrence_rule,
        b1_0.reminder_sent,
        b1_0.start_time,
        b1_0.status,
        b1_0.updated_at,
        b1_0.user_id 
    from
        bookings b1_0 
    where
        b1_0.status in (?, ?)
Hibernate: 
    select
        b1_0.id,
        b1_0.attendees,
        b1_0.check_in_time,
        b1_0.check_out_time,
        b1_0.created_at,
        b1_0.date,
        b1_0.end_time,
        b1_0.expired_at,
        b1_0.extension_count,
        b1_0.facility_id,
        b1_0.is_recurring,
        b1_0.max_extensions,
        b1_0.notes,
        b1_0.original_end_time,
        b1_0.purpose,
        b1_0.recurrence_rule,
        b1_0.reminder_sent,
        b1_0.start_time,
        b1_0.status,
        b1_0.updated_at,
        b1_0.user_id 
    from
        bookings b1_0 
    where
        b1_0.status in (?, ?)
Hibernate: 
    select
        b1_0.id,
        b1_0.attendees,
        b1_0.check_in_time,
        b1_0.check_out_time,
        b1_0.created_at,
        b1_0.date,
        b1_0.end_time,
        b1_0.expired_at,
        b1_0.extension_count,
        b1_0.facility_id,
        b1_0.is_recurring,
        b1_0.max_extensions,
        b1_0.notes,
        b1_0.original_end_time,
        b1_0.purpose,
        b1_0.recurrence_rule,
        b1_0.reminder_sent,
        b1_0.start_time,
        b1_0.status,
        b1_0.updated_at,
        b1_0.user_id 
    from
        bookings b1_0 
    where
        b1_0.status in (?, ?)
Hibernate: 
    select
        b1_0.id,
        b1_0.attendees,
        b1_0.check_in_time,
        b1_0.check_out_time,
        b1_0.created_at,
        b1_0.date,
        b1_0.end_time,
        b1_0.expired_at,
        b1_0.extension_count,
        b1_0.facility_id,
        b1_0.is_recurring,
        b1_0.max_extensions,
        b1_0.notes,
        b1_0.original_end_time,
        b1_0.purpose,
        b1_0.recurrence_rule,
        b1_0.reminder_sent,
        b1_0.start_time,
        b1_0.status,
        b1_0.updated_at,
        b1_0.user_id 
    from
        bookings b1_0 
    where
        b1_0.status in (?, ?)
Hibernate: 
    select
        b1_0.id,
        b1_0.attendees,
        b1_0.check_in_time,
        b1_0.check_out_time,
        b1_0.created_at,
        b1_0.date,
        b1_0.end_time,
        b1_0.expired_at,
        b1_0.extension_count,
        b1_0.facility_id,
        b1_0.is_recurring,
        b1_0.max_extensions,
        b1_0.notes,
        b1_0.original_end_time,
        b1_0.purpose,
        b1_0.recurrence_rule,
        b1_0.reminder_sent,
        b1_0.start_time,
        b1_0.status,
        b1_0.updated_at,
        b1_0.user_id 
    from
        bookings b1_0 
    where
        b1_0.status in (?, ?)
Hibernate: 
    select
        b1_0.id,
        b1_0.attendees,
        b1_0.check_in_time,
        b1_0.check_out_time,
        b1_0.created_at,
        b1_0.date,
        b1_0.end_time,
        b1_0.expired_at,
        b1_0.extension_count,
        b1_0.facility_id,
        b1_0.is_recurring,
        b1_0.max_extensions,
        b1_0.notes,
        b1_0.original_end_time,
        b1_0.purpose,
        b1_0.recurrence_rule,
        b1_0.reminder_sent,
        b1_0.start_time,
        b1_0.status,
        b1_0.updated_at,
        b1_0.user_id 
    from
        bookings b1_0 
    where
        b1_0.status in (?, ?)
Hibernate: 
    select
        b1_0.id,
        b1_0.attendees,
        b1_0.check_in_time,
        b1_0.check_out_time,
        b1_0.created_at,
        b1_0.date,
        b1_0.end_time,
        b1_0.expired_at,
        b1_0.extension_count,
        b1_0.facility_id,
        b1_0.is_recurring,
        b1_0.max_extensions,
        b1_0.notes,
        b1_0.original_end_time,
        b1_0.purpose,
        b1_0.recurrence_rule,
        b1_0.reminder_sent,
        b1_0.start_time,
        b1_0.status,
        b1_0.updated_at,
        b1_0.user_id 
    from
        bookings b1_0 
    where
        b1_0.status in (?, ?)
Hibernate: 
    select
        b1_0.id,
        b1_0.attendees,
        b1_0.check_in_time,
        b1_0.check_out_time,
        b1_0.created_at,
        b1_0.date,
        b1_0.end_time,
        b1_0.expired_at,
        b1_0.extension_count,
        b1_0.facility_id,
        b1_0.is_recurring,
        b1_0.max_extensions,
        b1_0.notes,
        b1_0.original_end_time,
        b1_0.purpose,
        b1_0.recurrence_rule,
        b1_0.reminder_sent,
        b1_0.start_time,
        b1_0.status,
        b1_0.updated_at,
        b1_0.user_id 
    from
        bookings b1_0 
    where
        b1_0.status in (?, ?)
Hibernate: 
    select
        b1_0.id,
        b1_0.attendees,
        b1_0.check_in_time,
        b1_0.check_out_time,
        b1_0.created_at,
        b1_0.date,
        b1_0.end_time,
        b1_0.expired_at,
        b1_0.extension_count,
        b1_0.facility_id,
        b1_0.is_recurring,
        b1_0.max_extensions,
        b1_0.notes,
        b1_0.original_end_time,
        b1_0.purpose,
        b1_0.recurrence_rule,
        b1_0.reminder_sent,
        b1_0.start_time,
        b1_0.status,
        b1_0.updated_at,
        b1_0.user_id 
    from
        bookings b1_0 
    where
        b1_0.status in (?, ?)
Hibernate: 
    select
        b1_0.id,
        b1_0.attendees,
        b1_0.check_in_time,
        b1_0.check_out_time,
        b1_0.created_at,
        b1_0.date,
        b1_0.end_time,
        b1_0.expired_at,
        b1_0.extension_count,
        b1_0.facility_id,
        b1_0.is_recurring,
        b1_0.max_extensions,
        b1_0.notes,
        b1_0.original_end_time,
        b1_0.purpose,
        b1_0.recurrence_rule,
        b1_0.reminder_sent,
        b1_0.start_time,
        b1_0.status,
        b1_0.updated_at,
        b1_0.user_id 
    from
        bookings b1_0 
    where
        b1_0.status in (?, ?)
Hibernate: 
    select
        b1_0.id,
        b1_0.attendees,
        b1_0.check_in_time,
        b1_0.check_out_time,
        b1_0.created_at,
        b1_0.date,
        b1_0.end_time,
        b1_0.expired_at,
        b1_0.extension_count,
        b1_0.facility_id,
        b1_0.is_recurring,
        b1_0.max_extensions,
        b1_0.notes,
        b1_0.original_end_time,
        b1_0.purpose,
        b1_0.recurrence_rule,
        b1_0.reminder_sent,
        b1_0.start_time,
        b1_0.status,
        b1_0.updated_at,
        b1_0.user_id 
    from
        bookings b1_0 
    where
        b1_0.status in (?, ?)
Hibernate: 
    select
        b1_0.id,
        b1_0.attendees,
        b1_0.check_in_time,
        b1_0.check_out_time,
        b1_0.created_at,
        b1_0.date,
        b1_0.end_time,
        b1_0.expired_at,
        b1_0.extension_count,
        b1_0.facility_id,
        b1_0.is_recurring,
        b1_0.max_extensions,
        b1_0.notes,
        b1_0.original_end_time,
        b1_0.purpose,
        b1_0.recurrence_rule,
        b1_0.reminder_sent,
        b1_0.start_time,
        b1_0.status,
        b1_0.updated_at,
        b1_0.user_id 
    from
        bookings b1_0 
    where
        b1_0.status in (?, ?)
Hibernate: 
    select
        b1_0.id,
        b1_0.attendees,
        b1_0.check_in_time,
        b1_0.check_out_time,
        b1_0.created_at,
        b1_0.date,
        b1_0.end_time,
        b1_0.expired_at,
        b1_0.extension_count,
        b1_0.facility_id,
        b1_0.is_recurring,
        b1_0.max_extensions,
        b1_0.notes,
        b1_0.original_end_time,
        b1_0.purpose,
        b1_0.recurrence_rule,
        b1_0.reminder_sent,
        b1_0.start_time,
        b1_0.status,
        b1_0.updated_at,
        b1_0.user_id 
    from
        bookings b1_0 
    where
        b1_0.status in (?, ?)
Hibernate: 
    select
        b1_0.id,
        b1_0.attendees,
        b1_0.check_in_time,
        b1_0.check_out_time,
        b1_0.created_at,
        b1_0.date,
        b1_0.end_time,
        b1_0.expired_at,
        b1_0.extension_count,
        b1_0.facility_id,
        b1_0.is_recurring,
        b1_0.max_extensions,
        b1_0.notes,
        b1_0.original_end_time,
        b1_0.purpose,
        b1_0.recurrence_rule,
        b1_0.reminder_sent,
        b1_0.start_time,
        b1_0.status,
        b1_0.updated_at,
        b1_0.user_id 
    from
        bookings b1_0 
    where
        b1_0.status in (?, ?)
Hibernate: 
    select
        b1_0.id,
        b1_0.attendees,
        b1_0.check_in_time,
        b1_0.check_out_time,
        b1_0.created_at,
        b1_0.date,
        b1_0.end_time,
        b1_0.expired_at,
        b1_0.extension_count,
        b1_0.facility_id,
        b1_0.is_recurring,
        b1_0.max_extensions,
        b1_0.notes,
        b1_0.original_end_time,
        b1_0.purpose,
        b1_0.recurrence_rule,
        b1_0.reminder_sent,
        b1_0.start_time,
        b1_0.status,
        b1_0.updated_at,
        b1_0.user_id 
    from
        bookings b1_0 
    where
        b1_0.status in (?, ?)
Hibernate: 
    select
        b1_0.id,
        b1_0.attendees,
        b1_0.check_in_time,
        b1_0.check_out_time,
        b1_0.created_at,
        b1_0.date,
        b1_0.end_time,
        b1_0.expired_at,
        b1_0.extension_count,
        b1_0.facility_id,
        b1_0.is_recurring,
        b1_0.max_extensions,
        b1_0.notes,
        b1_0.original_end_time,
        b1_0.purpose,
        b1_0.recurrence_rule,
        b1_0.reminder_sent,
        b1_0.start_time,
        b1_0.status,
        b1_0.updated_at,
        b1_0.user_id 
    from
        bookings b1_0 
    where
        b1_0.status in (?, ?)
Hibernate: 
    select
        b1_0.id,
        b1_0.attendees,
        b1_0.check_in_time,
        b1_0.check_out_time,
        b1_0.created_at,
        b1_0.date,
        b1_0.end_time,
        b1_0.expired_at,
        b1_0.extension_count,
        b1_0.facility_id,
        b1_0.is_recurring,
        b1_0.max_extensions,
        b1_0.notes,
        b1_0.original_end_time,
        b1_0.purpose,
        b1_0.recurrence_rule,
        b1_0.reminder_sent,
        b1_0.start_time,
        b1_0.status,
        b1_0.updated_at,
        b1_0.user_id 
    from
        bookings b1_0 
    where
        b1_0.status in (?, ?)
Hibernate: 
    select
        b1_0.id,
        b1_0.attendees,
        b1_0.check_in_time,
        b1_0.check_out_time,
        b1_0.created_at,
        b1_0.date,
        b1_0.end_time,
        b1_0.expired_at,
        b1_0.extension_count,
        b1_0.facility_id,
        b1_0.is_recurring,
        b1_0.max_extensions,
        b1_0.notes,
        b1_0.original_end_time,
        b1_0.purpose,
        b1_0.recurrence_rule,
        b1_0.reminder_sent,
        b1_0.start_time,
        b1_0.status,
        b1_0.updated_at,
        b1_0.user_id 
    from
        bookings b1_0 
    where
        b1_0.status in (?, ?)
Hibernate: 
    select
        b1_0.id,
        b1_0.attendees,
        b1_0.check_in_time,
        b1_0.check_out_time,
        b1_0.created_at,
        b1_0.date,
        b1_0.end_time,
        b1_0.expired_at,
        b1_0.extension_count,
        b1_0.facility_id,
        b1_0.is_recurring,
        b1_0.max_extensions,
        b1_0.notes,
        b1_0.original_end_time,
        b1_0.purpose,
        b1_0.recurrence_rule,
        b1_0.reminder_sent,
        b1_0.start_time,
        b1_0.status,
        b1_0.updated_at,
        b1_0.user_id 
    from
        bookings b1_0 
    where
        b1_0.status in (?, ?)
Hibernate: 
    select
        b1_0.id,
        b1_0.attendees,
        b1_0.check_in_time,
        b1_0.check_out_time,
        b1_0.created_at,
        b1_0.date,
        b1_0.end_time,
        b1_0.expired_at,
        b1_0.extension_count,
        b1_0.facility_id,
        b1_0.is_recurring,
        b1_0.max_extensions,
        b1_0.notes,
        b1_0.original_end_time,
        b1_0.purpose,
        b1_0.recurrence_rule,
        b1_0.reminder_sent,
        b1_0.start_time,
        b1_0.status,
        b1_0.updated_at,
        b1_0.user_id 
    from
        bookings b1_0 
    where
        b1_0.status in (?, ?)
Hibernate: 
    select
        b1_0.id,
        b1_0.attendees,
        b1_0.check_in_time,
        b1_0.check_out_time,
        b1_0.created_at,
        b1_0.date,
        b1_0.end_time,
        b1_0.expired_at,
        b1_0.extension_count,
        b1_0.facility_id,
        b1_0.is_recurring,
        b1_0.max_extensions,
        b1_0.notes,
        b1_0.original_end_time,
        b1_0.purpose,
        b1_0.recurrence_rule,
        b1_0.reminder_sent,
        b1_0.start_time,
        b1_0.status,
        b1_0.updated_at,
        b1_0.user_id 
    from
        bookings b1_0 
    where
        b1_0.status in (?, ?)
Hibernate: 
    select
        b1_0.id,
        b1_0.attendees,
        b1_0.check_in_time,
        b1_0.check_out_time,
        b1_0.created_at,
        b1_0.date,
        b1_0.end_time,
        b1_0.expired_at,
        b1_0.extension_count,
        b1_0.facility_id,
        b1_0.is_recurring,
        b1_0.max_extensions,
        b1_0.notes,
        b1_0.original_end_time,
        b1_0.purpose,
        b1_0.recurrence_rule,
        b1_0.reminder_sent,
        b1_0.start_time,
        b1_0.status,
        b1_0.updated_at,
        b1_0.user_id 
    from
        bookings b1_0 
    where
        b1_0.status in (?, ?)
Hibernate: 
    select
        b1_0.id,
        b1_0.attendees,
        b1_0.check_in_time,
        b1_0.check_out_time,
        b1_0.created_at,
        b1_0.date,
        b1_0.end_time,
        b1_0.expired_at,
        b1_0.extension_count,
        b1_0.facility_id,
        b1_0.is_recurring,
        b1_0.max_extensions,
        b1_0.notes,
        b1_0.original_end_time,
        b1_0.purpose,
        b1_0.recurrence_rule,
        b1_0.reminder_sent,
        b1_0.start_time,
        b1_0.status,
        b1_0.updated_at,
        b1_0.user_id 
    from
        bookings b1_0 
    where
        b1_0.status in (?, ?)
Hibernate: 
    select
        b1_0.id,
        b1_0.attendees,
        b1_0.check_in_time,
        b1_0.check_out_time,
        b1_0.created_at,
        b1_0.date,
        b1_0.end_time,
        b1_0.expired_at,
        b1_0.extension_count,
        b1_0.facility_id,
        b1_0.is_recurring,
        b1_0.max_extensions,
        b1_0.notes,
        b1_0.original_end_time,
        b1_0.purpose,
        b1_0.recurrence_rule,
        b1_0.reminder_sent,
        b1_0.start_time,
        b1_0.status,
        b1_0.updated_at,
        b1_0.user_id 
    from
        bookings b1_0 
    where
        b1_0.status in (?, ?)
Hibernate: 
    select
        b1_0.id,
        b1_0.attendees,
        b1_0.check_in_time,
        b1_0.check_out_time,
        b1_0.created_at,
        b1_0.date,
        b1_0.end_time,
        b1_0.expired_at,
        b1_0.extension_count,
        b1_0.facility_id,
        b1_0.is_recurring,
        b1_0.max_extensions,
        b1_0.notes,
        b1_0.original_end_time,
        b1_0.purpose,
        b1_0.recurrence_rule,
        b1_0.reminder_sent,
        b1_0.start_time,
        b1_0.status,
        b1_0.updated_at,
        b1_0.user_id 
    from
        bookings b1_0 
    where
        b1_0.status in (?, ?)
Hibernate: 
    select
        b1_0.id,
        b1_0.attendees,
        b1_0.check_in_time,
        b1_0.check_out_time,
        b1_0.created_at,
        b1_0.date,
        b1_0.end_time,
        b1_0.expired_at,
        b1_0.extension_count,
        b1_0.facility_id,
        b1_0.is_recurring,
        b1_0.max_extensions,
        b1_0.notes,
        b1_0.original_end_time,
        b1_0.purpose,
        b1_0.recurrence_rule,
        b1_0.reminder_sent,
        b1_0.start_time,
        b1_0.status,
        b1_0.updated_at,
        b1_0.user_id 
    from
        bookings b1_0 
    where
        b1_0.status in (?, ?)
Hibernate: 
    select
        b1_0.id,
        b1_0.attendees,
        b1_0.check_in_time,
        b1_0.check_out_time,
        b1_0.created_at,
        b1_0.date,
        b1_0.end_time,
        b1_0.expired_at,
        b1_0.extension_count,
        b1_0.facility_id,
        b1_0.is_recurring,
        b1_0.max_extensions,
        b1_0.notes,
        b1_0.original_end_time,
        b1_0.purpose,
        b1_0.recurrence_rule,
        b1_0.reminder_sent,
        b1_0.start_time,
        b1_0.status,
        b1_0.updated_at,
        b1_0.user_id 
    from
        bookings b1_0 
    where
        b1_0.status in (?, ?)
Hibernate: 
    select
        b1_0.id,
        b1_0.attendees,
        b1_0.check_in_time,
        b1_0.check_out_time,
        b1_0.created_at,
        b1_0.date,
        b1_0.end_time,
        b1_0.expired_at,
        b1_0.extension_count,
        b1_0.facility_id,
        b1_0.is_recurring,
        b1_0.max_extensions,
        b1_0.notes,
        b1_0.original_end_time,
        b1_0.purpose,
        b1_0.recurrence_rule,
        b1_0.reminder_sent,
        b1_0.start_time,
        b1_0.status,
        b1_0.updated_at,
        b1_0.user_id 
    from
        bookings b1_0 
    where
        b1_0.status in (?, ?)
Hibernate: 
    select
        b1_0.id,
        b1_0.attendees,
        b1_0.check_in_time,
        b1_0.check_out_time,
        b1_0.created_at,
        b1_0.date,
        b1_0.end_time,
        b1_0.expired_at,
        b1_0.extension_count,
        b1_0.facility_id,
        b1_0.is_recurring,
        b1_0.max_extensions,
        b1_0.notes,
        b1_0.original_end_time,
        b1_0.purpose,
        b1_0.recurrence_rule,
        b1_0.reminder_sent,
        b1_0.start_time,
        b1_0.status,
        b1_0.updated_at,
        b1_0.user_id 
    from
        bookings b1_0 
    where
        b1_0.status in (?, ?)
Hibernate: 
    select
        b1_0.id,
        b1_0.attendees,
        b1_0.check_in_time,
        b1_0.check_out_time,
        b1_0.created_at,
        b1_0.date,
        b1_0.end_time,
        b1_0.expired_at,
        b1_0.extension_count,
        b1_0.facility_id,
        b1_0.is_recurring,
        b1_0.max_extensions,
        b1_0.notes,
        b1_0.original_end_time,
        b1_0.purpose,
        b1_0.recurrence_rule,
        b1_0.reminder_sent,
        b1_0.start_time,
        b1_0.status,
        b1_0.updated_at,
        b1_0.user_id 
    from
        bookings b1_0 
    where
        b1_0.status in (?, ?)
Hibernate: 
    select
        b1_0.id,
        b1_0.attendees,
        b1_0.check_in_time,
        b1_0.check_out_time,
        b1_0.created_at,
        b1_0.date,
        b1_0.end_time,
        b1_0.expired_at,
        b1_0.extension_count,
        b1_0.facility_id,
        b1_0.is_recurring,
        b1_0.max_extensions,
        b1_0.notes,
        b1_0.original_end_time,
        b1_0.purpose,
        b1_0.recurrence_rule,
        b1_0.reminder_sent,
        b1_0.start_time,
        b1_0.status,
        b1_0.updated_at,
        b1_0.user_id 
    from
        bookings b1_0 
    where
        b1_0.status in (?, ?)
Hibernate: 
    select
        b1_0.id,
        b1_0.attendees,
        b1_0.check_in_time,
        b1_0.check_out_time,
        b1_0.created_at,
        b1_0.date,
        b1_0.end_time,
        b1_0.expired_at,
        b1_0.extension_count,
        b1_0.facility_id,
        b1_0.is_recurring,
        b1_0.max_extensions,
        b1_0.notes,
        b1_0.original_end_time,
        b1_0.purpose,
        b1_0.recurrence_rule,
        b1_0.reminder_sent,
        b1_0.start_time,
        b1_0.status,
        b1_0.updated_at,
        b1_0.user_id 
    from
        bookings b1_0 
    where
        b1_0.status in (?, ?)
Hibernate: 
    select
        b1_0.id,
        b1_0.attendees,
        b1_0.check_in_time,
        b1_0.check_out_time,
        b1_0.created_at,
        b1_0.date,
        b1_0.end_time,
        b1_0.expired_at,
        b1_0.extension_count,
        b1_0.facility_id,
        b1_0.is_recurring,
        b1_0.max_extensions,
        b1_0.notes,
        b1_0.original_end_time,
        b1_0.purpose,
        b1_0.recurrence_rule,
        b1_0.reminder_sent,
        b1_0.start_time,
        b1_0.status,
        b1_0.updated_at,
        b1_0.user_id 
    from
        bookings b1_0 
    where
        b1_0.status in (?, ?)
Hibernate: 
    select
        b1_0.id,
        b1_0.attendees,
        b1_0.check_in_time,
        b1_0.check_out_time,
        b1_0.created_at,
        b1_0.date,
        b1_0.end_time,
        b1_0.expired_at,
        b1_0.extension_count,
        b1_0.facility_id,
        b1_0.is_recurring,
        b1_0.max_extensions,
        b1_0.notes,
        b1_0.original_end_time,
        b1_0.purpose,
        b1_0.recurrence_rule,
        b1_0.reminder_sent,
        b1_0.start_time,
        b1_0.status,
        b1_0.updated_at,
        b1_0.user_id 
    from
        bookings b1_0 
    where
        b1_0.status in (?, ?)
Hibernate: 
    select
        b1_0.id,
        b1_0.attendees,
        b1_0.check_in_time,
        b1_0.check_out_time,
        b1_0.created_at,
        b1_0.date,
        b1_0.end_time,
        b1_0.expired_at,
        b1_0.extension_count,
        b1_0.facility_id,
        b1_0.is_recurring,
        b1_0.max_extensions,
        b1_0.notes,
        b1_0.original_end_time,
        b1_0.purpose,
        b1_0.recurrence_rule,
        b1_0.reminder_sent,
        b1_0.start_time,
        b1_0.status,
        b1_0.updated_at,
        b1_0.user_id 
    from
        bookings b1_0 
    where
        b1_0.status in (?, ?)
Hibernate: 
    select
        b1_0.id,
        b1_0.attendees,
        b1_0.check_in_time,
        b1_0.check_out_time,
        b1_0.created_at,
        b1_0.date,
        b1_0.end_time,
        b1_0.expired_at,
        b1_0.extension_count,
        b1_0.facility_id,
        b1_0.is_recurring,
        b1_0.max_extensions,
        b1_0.notes,
        b1_0.original_end_time,
        b1_0.purpose,
        b1_0.recurrence_rule,
        b1_0.reminder_sent,
        b1_0.start_time,
        b1_0.status,
        b1_0.updated_at,
        b1_0.user_id 
    from
        bookings b1_0 
    where
        b1_0.status in (?, ?)
Hibernate: 
    select
        b1_0.id,
        b1_0.attendees,
        b1_0.check_in_time,
        b1_0.check_out_time,
        b1_0.created_at,
        b1_0.date,
        b1_0.end_time,
        b1_0.expired_at,
        b1_0.extension_count,
        b1_0.facility_id,
        b1_0.is_recurring,
        b1_0.max_extensions,
        b1_0.notes,
        b1_0.original_end_time,
        b1_0.purpose,
        b1_0.recurrence_rule,
        b1_0.reminder_sent,
        b1_0.start_time,
        b1_0.status,
        b1_0.updated_at,
        b1_0.user_id 
    from
        bookings b1_0 
    where
        b1_0.status in (?, ?)
Hibernate: 
    select
        b1_0.id,
        b1_0.attendees,
        b1_0.check_in_time,
        b1_0.check_out_time,
        b1_0.created_at,
        b1_0.date,
        b1_0.end_time,
        b1_0.expired_at,
        b1_0.extension_count,
        b1_0.facility_id,
        b1_0.is_recurring,
        b1_0.max_extensions,
        b1_0.notes,
        b1_0.original_end_time,
        b1_0.purpose,
        b1_0.recurrence_rule,
        b1_0.reminder_sent,
        b1_0.start_time,
        b1_0.status,
        b1_0.updated_at,
        b1_0.user_id 
    from
        bookings b1_0 
    where
        b1_0.status in (?, ?)
Hibernate: 
    select
        b1_0.id,
        b1_0.attendees,
        b1_0.check_in_time,
        b1_0.check_out_time,
        b1_0.created_at,
        b1_0.date,
        b1_0.end_time,
        b1_0.expired_at,
        b1_0.extension_count,
        b1_0.facility_id,
        b1_0.is_recurring,
        b1_0.max_extensions,
        b1_0.notes,
        b1_0.original_end_time,
        b1_0.purpose,
        b1_0.recurrence_rule,
        b1_0.reminder_sent,
        b1_0.start_time,
        b1_0.status,
        b1_0.updated_at,
        b1_0.user_id 
    from
        bookings b1_0 
    where
        b1_0.status in (?, ?)
Hibernate: 
    select
        b1_0.id,
        b1_0.attendees,
        b1_0.check_in_time,
        b1_0.check_out_time,
        b1_0.created_at,
        b1_0.date,
        b1_0.end_time,
        b1_0.expired_at,
        b1_0.extension_count,
        b1_0.facility_id,
        b1_0.is_recurring,
        b1_0.max_extensions,
        b1_0.notes,
        b1_0.original_end_time,
        b1_0.purpose,
        b1_0.recurrence_rule,
        b1_0.reminder_sent,
        b1_0.start_time,
        b1_0.status,
        b1_0.updated_at,
        b1_0.user_id 
    from
        bookings b1_0 
    where
        b1_0.status in (?, ?)
Hibernate: 
    select
        b1_0.id,
        b1_0.attendees,
        b1_0.check_in_time,
        b1_0.check_out_time,
        b1_0.created_at,
        b1_0.date,
        b1_0.end_time,
        b1_0.expired_at,
        b1_0.extension_count,
        b1_0.facility_id,
        b1_0.is_recurring,
        b1_0.max_extensions,
        b1_0.notes,
        b1_0.original_end_time,
        b1_0.purpose,
        b1_0.recurrence_rule,
        b1_0.reminder_sent,
        b1_0.start_time,
        b1_0.status,
        b1_0.updated_at,
        b1_0.user_id 
    from
        bookings b1_0 
    where
        b1_0.status in (?, ?)
Hibernate: 
    select
        b1_0.id,
        b1_0.attendees,
        b1_0.check_in_time,
        b1_0.check_out_time,
        b1_0.created_at,
        b1_0.date,
        b1_0.end_time,
        b1_0.expired_at,
        b1_0.extension_count,
        b1_0.facility_id,
        b1_0.is_recurring,
        b1_0.max_extensions,
        b1_0.notes,
        b1_0.original_end_time,
        b1_0.purpose,
        b1_0.recurrence_rule,
        b1_0.reminder_sent,
        b1_0.start_time,
        b1_0.status,
        b1_0.updated_at,
        b1_0.user_id 
    from
        bookings b1_0 
    where
        b1_0.status in (?, ?)
Hibernate: 
    select
        b1_0.id,
        b1_0.attendees,
        b1_0.check_in_time,
        b1_0.check_out_time,
        b1_0.created_at,
        b1_0.date,
        b1_0.end_time,
        b1_0.expired_at,
        b1_0.extension_count,
        b1_0.facility_id,
        b1_0.is_recurring,
        b1_0.max_extensions,
        b1_0.notes,
        b1_0.original_end_time,
        b1_0.purpose,
        b1_0.recurrence_rule,
        b1_0.reminder_sent,
        b1_0.start_time,
        b1_0.status,
        b1_0.updated_at,
        b1_0.user_id 
    from
        bookings b1_0 
    where
        b1_0.status in (?, ?)
Hibernate: 
    select
        b1_0.id,
        b1_0.attendees,
        b1_0.check_in_time,
        b1_0.check_out_time,
        b1_0.created_at,
        b1_0.date,
        b1_0.end_time,
        b1_0.expired_at,
        b1_0.extension_count,
        b1_0.facility_id,
        b1_0.is_recurring,
        b1_0.max_extensions,
        b1_0.notes,
        b1_0.original_end_time,
        b1_0.purpose,
        b1_0.recurrence_rule,
        b1_0.reminder_sent,
        b1_0.start_time,
        b1_0.status,
        b1_0.updated_at,
        b1_0.user_id 
    from
        bookings b1_0 
    where
        b1_0.status in (?, ?)
Hibernate: 
    select
        b1_0.id,
        b1_0.attendees,
        b1_0.check_in_time,
        b1_0.check_out_time,
        b1_0.created_at,
        b1_0.date,
        b1_0.end_time,
        b1_0.expired_at,
        b1_0.extension_count,
        b1_0.facility_id,
        b1_0.is_recurring,
        b1_0.max_extensions,
        b1_0.notes,
        b1_0.original_end_time,
        b1_0.purpose,
        b1_0.recurrence_rule,
        b1_0.reminder_sent,
        b1_0.start_time,
        b1_0.status,
        b1_0.updated_at,
        b1_0.user_id 
    from
        bookings b1_0 
    where
        b1_0.status in (?, ?)
Hibernate: 
    select
        b1_0.id,
        b1_0.attendees,
        b1_0.check_in_time,
        b1_0.check_out_time,
        b1_0.created_at,
        b1_0.date,
        b1_0.end_time,
        b1_0.expired_at,
        b1_0.extension_count,
        b1_0.facility_id,
        b1_0.is_recurring,
        b1_0.max_extensions,
        b1_0.notes,
        b1_0.original_end_time,
        b1_0.purpose,
        b1_0.recurrence_rule,
        b1_0.reminder_sent,
        b1_0.start_time,
        b1_0.status,
        b1_0.updated_at,
        b1_0.user_id 
    from
        bookings b1_0 
    where
        b1_0.status in (?, ?)
Hibernate: 
    select
        b1_0.id,
        b1_0.attendees,
        b1_0.check_in_time,
        b1_0.check_out_time,
        b1_0.created_at,
        b1_0.date,
        b1_0.end_time,
        b1_0.expired_at,
        b1_0.extension_count,
        b1_0.facility_id,
        b1_0.is_recurring,
        b1_0.max_extensions,
        b1_0.notes,
        b1_0.original_end_time,
        b1_0.purpose,
        b1_0.recurrence_rule,
        b1_0.reminder_sent,
        b1_0.start_time,
        b1_0.status,
        b1_0.updated_at,
        b1_0.user_id 
    from
        bookings b1_0 
    where
        b1_0.status in (?, ?)
Hibernate: 
    select
        b1_0.id,
        b1_0.attendees,
        b1_0.check_in_time,
        b1_0.check_out_time,
        b1_0.created_at,
        b1_0.date,
        b1_0.end_time,
        b1_0.expired_at,
        b1_0.extension_count,
        b1_0.facility_id,
        b1_0.is_recurring,
        b1_0.max_extensions,
        b1_0.notes,
        b1_0.original_end_time,
        b1_0.purpose,
        b1_0.recurrence_rule,
        b1_0.reminder_sent,
        b1_0.start_time,
        b1_0.status,
        b1_0.updated_at,
        b1_0.user_id 
    from
        bookings b1_0 
    where
        b1_0.status in (?, ?)
Hibernate: 
    select
        b1_0.id,
        b1_0.attendees,
        b1_0.check_in_time,
        b1_0.check_out_time,
        b1_0.created_at,
        b1_0.date,
        b1_0.end_time,
        b1_0.expired_at,
        b1_0.extension_count,
        b1_0.facility_id,
        b1_0.is_recurring,
        b1_0.max_extensions,
        b1_0.notes,
        b1_0.original_end_time,
        b1_0.purpose,
        b1_0.recurrence_rule,
        b1_0.reminder_sent,
        b1_0.start_time,
        b1_0.status,
        b1_0.updated_at,
        b1_0.user_id 
    from
        bookings b1_0 
    where
        b1_0.status in (?, ?)
Hibernate: 
    select
        b1_0.id,
        b1_0.attendees,
        b1_0.check_in_time,
        b1_0.check_out_time,
        b1_0.created_at,
        b1_0.date,
        b1_0.end_time,
        b1_0.expired_at,
        b1_0.extension_count,
        b1_0.facility_id,
        b1_0.is_recurring,
        b1_0.max_extensions,
        b1_0.notes,
        b1_0.original_end_time,
        b1_0.purpose,
        b1_0.recurrence_rule,
        b1_0.reminder_sent,
        b1_0.start_time,
        b1_0.status,
        b1_0.updated_at,
        b1_0.user_id 
    from
        bookings b1_0 
    where
        b1_0.status in (?, ?)
Hibernate: 
    select
        b1_0.id,
        b1_0.attendees,
        b1_0.check_in_time,
        b1_0.check_out_time,
        b1_0.created_at,
        b1_0.date,
        b1_0.end_time,
        b1_0.expired_at,
        b1_0.extension_count,
        b1_0.facility_id,
        b1_0.is_recurring,
        b1_0.max_extensions,
        b1_0.notes,
        b1_0.original_end_time,
        b1_0.purpose,
        b1_0.recurrence_rule,
        b1_0.reminder_sent,
        b1_0.start_time,
        b1_0.status,
        b1_0.updated_at,
        b1_0.user_id 
    from
        bookings b1_0 
    where
        b1_0.status in (?, ?)
Hibernate: 
    select
        b1_0.id,
        b1_0.attendees,
        b1_0.check_in_time,
        b1_0.check_out_time,
        b1_0.created_at,
        b1_0.date,
        b1_0.end_time,
        b1_0.expired_at,
        b1_0.extension_count,
        b1_0.facility_id,
        b1_0.is_recurring,
        b1_0.max_extensions,
        b1_0.notes,
        b1_0.original_end_time,
        b1_0.purpose,
        b1_0.recurrence_rule,
        b1_0.reminder_sent,
        b1_0.start_time,
        b1_0.status,
        b1_0.updated_at,
        b1_0.user_id 
    from
        bookings b1_0 
    where
        b1_0.status in (?, ?)
Hibernate: 
    select
        b1_0.id,
        b1_0.attendees,
        b1_0.check_in_time,
        b1_0.check_out_time,
        b1_0.created_at,
        b1_0.date,
        b1_0.end_time,
        b1_0.expired_at,
        b1_0.extension_count,
        b1_0.facility_id,
        b1_0.is_recurring,
        b1_0.max_extensions,
        b1_0.notes,
        b1_0.original_end_time,
        b1_0.purpose,
        b1_0.recurrence_rule,
        b1_0.reminder_sent,
        b1_0.start_time,
        b1_0.status,
        b1_0.updated_at,
        b1_0.user_id 
    from
        bookings b1_0 
    where
        b1_0.status in (?, ?)
Hibernate: 
    select
        b1_0.id,
        b1_0.attendees,
        b1_0.check_in_time,
        b1_0.check_out_time,
        b1_0.created_at,
        b1_0.date,
        b1_0.end_time,
        b1_0.expired_at,
        b1_0.extension_count,
        b1_0.facility_id,
        b1_0.is_recurring,
        b1_0.max_extensions,
        b1_0.notes,
        b1_0.original_end_time,
        b1_0.purpose,
        b1_0.recurrence_rule,
        b1_0.reminder_sent,
        b1_0.start_time,
        b1_0.status,
        b1_0.updated_at,
        b1_0.user_id 
    from
        bookings b1_0 
    where
        b1_0.status in (?, ?)
Hibernate: 
    select
        b1_0.id,
        b1_0.attendees,
        b1_0.check_in_time,
        b1_0.check_out_time,
        b1_0.created_at,
        b1_0.date,
        b1_0.end_time,
        b1_0.expired_at,
        b1_0.extension_count,
        b1_0.facility_id,
        b1_0.is_recurring,
        b1_0.max_extensions,
        b1_0.notes,
        b1_0.original_end_time,
        b1_0.purpose,
        b1_0.recurrence_rule,
        b1_0.reminder_sent,
        b1_0.start_time,
        b1_0.status,
        b1_0.updated_at,
        b1_0.user_id 
    from
        bookings b1_0 
    where
        b1_0.status in (?, ?)
Hibernate: 
    select
        b1_0.id,
        b1_0.attendees,
        b1_0.check_in_time,
        b1_0.check_out_time,
        b1_0.created_at,
        b1_0.date,
        b1_0.end_time,
        b1_0.expired_at,
        b1_0.extension_count,
        b1_0.facility_id,
        b1_0.is_recurring,
        b1_0.max_extensions,
        b1_0.notes,
        b1_0.original_end_time,
        b1_0.purpose,
        b1_0.recurrence_rule,
        b1_0.reminder_sent,
        b1_0.start_time,
        b1_0.status,
        b1_0.updated_at,
        b1_0.user_id 
    from
        bookings b1_0 
    where
        b1_0.status in (?, ?)
Hibernate: 
    select
        b1_0.id,
        b1_0.attendees,
        b1_0.check_in_time,
        b1_0.check_out_time,
        b1_0.created_at,
        b1_0.date,
        b1_0.end_time,
        b1_0.expired_at,
        b1_0.extension_count,
        b1_0.facility_id,
        b1_0.is_recurring,
        b1_0.max_extensions,
        b1_0.notes,
        b1_0.original_end_time,
        b1_0.purpose,
        b1_0.recurrence_rule,
        b1_0.reminder_sent,
        b1_0.start_time,
        b1_0.status,
        b1_0.updated_at,
        b1_0.user_id 
    from
        bookings b1_0 
    where
        b1_0.status in (?, ?)
Hibernate: 
    select
        b1_0.id,
        b1_0.attendees,
        b1_0.check_in_time,
        b1_0.check_out_time,
        b1_0.created_at,
        b1_0.date,
        b1_0.end_time,
        b1_0.expired_at,
        b1_0.extension_count,
        b1_0.facility_id,
        b1_0.is_recurring,
        b1_0.max_extensions,
        b1_0.notes,
        b1_0.original_end_time,
        b1_0.purpose,
        b1_0.recurrence_rule,
        b1_0.reminder_sent,
        b1_0.start_time,
        b1_0.status,
        b1_0.updated_at,
        b1_0.user_id 
    from
        bookings b1_0 
    where
        b1_0.status in (?, ?)
Hibernate: 
    select
        b1_0.id,
        b1_0.attendees,
        b1_0.check_in_time,
        b1_0.check_out_time,
        b1_0.created_at,
        b1_0.date,
        b1_0.end_time,
        b1_0.expired_at,
        b1_0.extension_count,
        b1_0.facility_id,
        b1_0.is_recurring,
        b1_0.max_extensions,
        b1_0.notes,
        b1_0.original_end_time,
        b1_0.purpose,
        b1_0.recurrence_rule,
        b1_0.reminder_sent,
        b1_0.start_time,
        b1_0.status,
        b1_0.updated_at,
        b1_0.user_id 
    from
        bookings b1_0 
    where
        b1_0.status in (?, ?)
Hibernate: 
    select
        b1_0.id,
        b1_0.attendees,
        b1_0.check_in_time,
        b1_0.check_out_time,
        b1_0.created_at,
        b1_0.date,
        b1_0.end_time,
        b1_0.expired_at,
        b1_0.extension_count,
        b1_0.facility_id,
        b1_0.is_recurring,
        b1_0.max_extensions,
        b1_0.notes,
        b1_0.original_end_time,
        b1_0.purpose,
        b1_0.recurrence_rule,
        b1_0.reminder_sent,
        b1_0.start_time,
        b1_0.status,
        b1_0.updated_at,
        b1_0.user_id 
    from
        bookings b1_0 
    where
        b1_0.status in (?, ?)
Hibernate: 
    select
        b1_0.id,
        b1_0.attendees,
        b1_0.check_in_time,
        b1_0.check_out_time,
        b1_0.created_at,
        b1_0.date,
        b1_0.end_time,
        b1_0.expired_at,
        b1_0.extension_count,
        b1_0.facility_id,
        b1_0.is_recurring,
        b1_0.max_extensions,
        b1_0.notes,
        b1_0.original_end_time,
        b1_0.purpose,
        b1_0.recurrence_rule,
        b1_0.reminder_sent,
        b1_0.start_time,
        b1_0.status,
        b1_0.updated_at,
        b1_0.user_id 
    from
        bookings b1_0 
    where
        b1_0.status in (?, ?)
Hibernate: 
    select
        b1_0.id,
        b1_0.attendees,
        b1_0.check_in_time,
        b1_0.check_out_time,
        b1_0.created_at,
        b1_0.date,
        b1_0.end_time,
        b1_0.expired_at,
        b1_0.extension_count,
        b1_0.facility_id,
        b1_0.is_recurring,
        b1_0.max_extensions,
        b1_0.notes,
        b1_0.original_end_time,
        b1_0.purpose,
        b1_0.recurrence_rule,
        b1_0.reminder_sent,
        b1_0.start_time,
        b1_0.status,
        b1_0.updated_at,
        b1_0.user_id 
    from
        bookings b1_0 
    where
        b1_0.status in (?, ?)
Hibernate: 
    select
        b1_0.id,
        b1_0.attendees,
        b1_0.check_in_time,
        b1_0.check_out_time,
        b1_0.created_at,
        b1_0.date,
        b1_0.end_time,
        b1_0.expired_at,
        b1_0.extension_count,
        b1_0.facility_id,
        b1_0.is_recurring,
        b1_0.max_extensions,
        b1_0.notes,
        b1_0.original_end_time,
        b1_0.purpose,
        b1_0.recurrence_rule,
        b1_0.reminder_sent,
        b1_0.start_time,
        b1_0.status,
        b1_0.updated_at,
        b1_0.user_id 
    from
        bookings b1_0 
    where
        b1_0.status in (?, ?)
Hibernate: 
    select
        b1_0.id,
        b1_0.attendees,
        b1_0.check_in_time,
        b1_0.check_out_time,
        b1_0.created_at,
        b1_0.date,
        b1_0.end_time,
        b1_0.expired_at,
        b1_0.extension_count,
        b1_0.facility_id,
        b1_0.is_recurring,
        b1_0.max_extensions,
        b1_0.notes,
        b1_0.original_end_time,
        b1_0.purpose,
        b1_0.recurrence_rule,
        b1_0.reminder_sent,
        b1_0.start_time,
        b1_0.status,
        b1_0.updated_at,
        b1_0.user_id 
    from
        bookings b1_0 
    where
        b1_0.status in (?, ?)
Hibernate: 
    select
        b1_0.id,
        b1_0.attendees,
        b1_0.check_in_time,
        b1_0.check_out_time,
        b1_0.created_at,
        b1_0.date,
        b1_0.end_time,
        b1_0.expired_at,
        b1_0.extension_count,
        b1_0.facility_id,
        b1_0.is_recurring,
        b1_0.max_extensions,
        b1_0.notes,
        b1_0.original_end_time,
        b1_0.purpose,
        b1_0.recurrence_rule,
        b1_0.reminder_sent,
        b1_0.start_time,
        b1_0.status,
        b1_0.updated_at,
        b1_0.user_id 
    from
        bookings b1_0 
    where
        b1_0.status in (?, ?)
Hibernate: 
    select
        b1_0.id,
        b1_0.attendees,
        b1_0.check_in_time,
        b1_0.check_out_time,
        b1_0.created_at,
        b1_0.date,
        b1_0.end_time,
        b1_0.expired_at,
        b1_0.extension_count,
        b1_0.facility_id,
        b1_0.is_recurring,
        b1_0.max_extensions,
        b1_0.notes,
        b1_0.original_end_time,
        b1_0.purpose,
        b1_0.recurrence_rule,
        b1_0.reminder_sent,
        b1_0.start_time,
        b1_0.status,
        b1_0.updated_at,
        b1_0.user_id 
    from
        bookings b1_0 
    where
        b1_0.status in (?, ?)
Hibernate: 
    select
        b1_0.id,
        b1_0.attendees,
        b1_0.check_in_time,
        b1_0.check_out_time,
        b1_0.created_at,
        b1_0.date,
        b1_0.end_time,
        b1_0.expired_at,
        b1_0.extension_count,
        b1_0.facility_id,
        b1_0.is_recurring,
        b1_0.max_extensions,
        b1_0.notes,
        b1_0.original_end_time,
        b1_0.purpose,
        b1_0.recurrence_rule,
        b1_0.reminder_sent,
        b1_0.start_time,
        b1_0.status,
        b1_0.updated_at,
        b1_0.user_id 
    from
        bookings b1_0 
    where
        b1_0.status in (?, ?)
2026-02-18T17:51:21.336Z  WARN 30956 --- [campus_facilities_booking] [l-1 housekeeper] com.zaxxer.hikari.pool.HikariPool        : HikariPool-1 - Thread starvation or clock leap detected (housekeeper delta=4m1s340ms929┬╡s).
Hibernate: 
    select
        b1_0.id,
        b1_0.attendees,
        b1_0.check_in_time,
        b1_0.check_out_time,
        b1_0.created_at,
        b1_0.date,
        b1_0.end_time,
        b1_0.expired_at,
        b1_0.extension_count,
        b1_0.facility_id,
        b1_0.is_recurring,
        b1_0.max_extensions,
        b1_0.notes,
        b1_0.original_end_time,
        b1_0.purpose,
        b1_0.recurrence_rule,
        b1_0.reminder_sent,
        b1_0.start_time,
        b1_0.status,
        b1_0.updated_at,
        b1_0.user_id 
    from
        bookings b1_0 
    where
        b1_0.status in (?, ?)
Hibernate: 
    select
        b1_0.id,
        b1_0.attendees,
        b1_0.check_in_time,
        b1_0.check_out_time,
        b1_0.created_at,
        b1_0.date,
        b1_0.end_time,
        b1_0.expired_at,
        b1_0.extension_count,
        b1_0.facility_id,
        b1_0.is_recurring,
        b1_0.max_extensions,
        b1_0.notes,
        b1_0.original_end_time,
        b1_0.purpose,
        b1_0.recurrence_rule,
        b1_0.reminder_sent,
        b1_0.start_time,
        b1_0.status,
        b1_0.updated_at,
        b1_0.user_id 
    from
        bookings b1_0 
    where
        b1_0.status in (?, ?)
Hibernate: 
    select
        b1_0.id,
        b1_0.attendees,
        b1_0.check_in_time,
        b1_0.check_out_time,
        b1_0.created_at,
        b1_0.date,
        b1_0.end_time,
        b1_0.expired_at,
        b1_0.extension_count,
        b1_0.facility_id,
        b1_0.is_recurring,
        b1_0.max_extensions,
        b1_0.notes,
        b1_0.original_end_time,
        b1_0.purpose,
        b1_0.recurrence_rule,
        b1_0.reminder_sent,
        b1_0.start_time,
        b1_0.status,
        b1_0.updated_at,
        b1_0.user_id 
    from
        bookings b1_0 
    where
        b1_0.status in (?, ?)
Hibernate: 
    select
        b1_0.id,
        b1_0.attendees,
        b1_0.check_in_time,
        b1_0.check_out_time,
        b1_0.created_at,
        b1_0.date,
        b1_0.end_time,
        b1_0.expired_at,
        b1_0.extension_count,
        b1_0.facility_id,
        b1_0.is_recurring,
        b1_0.max_extensions,
        b1_0.notes,
        b1_0.original_end_time,
        b1_0.purpose,
        b1_0.recurrence_rule,
        b1_0.reminder_sent,
        b1_0.start_time,
        b1_0.status,
        b1_0.updated_at,
        b1_0.user_id 
    from
        bookings b1_0 
    where
        b1_0.status in (?, ?)
Hibernate: 
    select
        b1_0.id,
        b1_0.attendees,
        b1_0.check_in_time,
        b1_0.check_out_time,
        b1_0.created_at,
        b1_0.date,
        b1_0.end_time,
        b1_0.expired_at,
        b1_0.extension_count,
        b1_0.facility_id,
        b1_0.is_recurring,
        b1_0.max_extensions,
        b1_0.notes,
        b1_0.original_end_time,
        b1_0.purpose,
        b1_0.recurrence_rule,
        b1_0.reminder_sent,
        b1_0.start_time,
        b1_0.status,
        b1_0.updated_at,
        b1_0.user_id 
    from
        bookings b1_0 
    where
        b1_0.status in (?, ?)
Hibernate: 
    select
        b1_0.id,
        b1_0.attendees,
        b1_0.check_in_time,
        b1_0.check_out_time,
        b1_0.created_at,
        b1_0.date,
        b1_0.end_time,
        b1_0.expired_at,
        b1_0.extension_count,
        b1_0.facility_id,
        b1_0.is_recurring,
        b1_0.max_extensions,
        b1_0.notes,
        b1_0.original_end_time,
        b1_0.purpose,
        b1_0.recurrence_rule,
        b1_0.reminder_sent,
        b1_0.start_time,
        b1_0.status,
        b1_0.updated_at,
        b1_0.user_id 
    from
        bookings b1_0 
    where
        b1_0.status in (?, ?)
Hibernate: 
    select
        b1_0.id,
        b1_0.attendees,
        b1_0.check_in_time,
        b1_0.check_out_time,
        b1_0.created_at,
        b1_0.date,
        b1_0.end_time,
        b1_0.expired_at,
        b1_0.extension_count,
        b1_0.facility_id,
        b1_0.is_recurring,
        b1_0.max_extensions,
        b1_0.notes,
        b1_0.original_end_time,
        b1_0.purpose,
        b1_0.recurrence_rule,
        b1_0.reminder_sent,
        b1_0.start_time,
        b1_0.status,
        b1_0.updated_at,
        b1_0.user_id 
    from
        bookings b1_0 
    where
        b1_0.status in (?, ?)
Hibernate: 
    select
        b1_0.id,
        b1_0.attendees,
        b1_0.check_in_time,
        b1_0.check_out_time,
        b1_0.created_at,
        b1_0.date,
        b1_0.end_time,
        b1_0.expired_at,
        b1_0.extension_count,
        b1_0.facility_id,
        b1_0.is_recurring,
        b1_0.max_extensions,
        b1_0.notes,
        b1_0.original_end_time,
        b1_0.purpose,
        b1_0.recurrence_rule,
        b1_0.reminder_sent,
        b1_0.start_time,
        b1_0.status,
        b1_0.updated_at,
        b1_0.user_id 
    from
        bookings b1_0 
    where
        b1_0.status in (?, ?)
Hibernate: 
    select
        b1_0.id,
        b1_0.attendees,
        b1_0.check_in_time,
        b1_0.check_out_time,
        b1_0.created_at,
        b1_0.date,
        b1_0.end_time,
        b1_0.expired_at,
        b1_0.extension_count,
        b1_0.facility_id,
        b1_0.is_recurring,
        b1_0.max_extensions,
        b1_0.notes,
        b1_0.original_end_time,
        b1_0.purpose,
        b1_0.recurrence_rule,
        b1_0.reminder_sent,
        b1_0.start_time,
        b1_0.status,
        b1_0.updated_at,
        b1_0.user_id 
    from
        bookings b1_0 
    where
        b1_0.status in (?, ?)
Hibernate: 
    select
        b1_0.id,
        b1_0.attendees,
        b1_0.check_in_time,
        b1_0.check_out_time,
        b1_0.created_at,
        b1_0.date,
        b1_0.end_time,
        b1_0.expired_at,
        b1_0.extension_count,
        b1_0.facility_id,
        b1_0.is_recurring,
        b1_0.max_extensions,
        b1_0.notes,
        b1_0.original_end_time,
        b1_0.purpose,
        b1_0.recurrence_rule,
        b1_0.reminder_sent,
        b1_0.start_time,
        b1_0.status,
        b1_0.updated_at,
        b1_0.user_id 
    from
        bookings b1_0 
    where
        b1_0.status in (?, ?)
Hibernate: 
    select
        b1_0.id,
        b1_0.attendees,
        b1_0.check_in_time,
        b1_0.check_out_time,
        b1_0.created_at,
        b1_0.date,
        b1_0.end_time,
        b1_0.expired_at,
        b1_0.extension_count,
        b1_0.facility_id,
        b1_0.is_recurring,
        b1_0.max_extensions,
        b1_0.notes,
        b1_0.original_end_time,
        b1_0.purpose,
        b1_0.recurrence_rule,
        b1_0.reminder_sent,
        b1_0.start_time,
        b1_0.status,
        b1_0.updated_at,
        b1_0.user_id 
    from
        bookings b1_0 
    where
        b1_0.status in (?, ?)
Hibernate: 
    select
        b1_0.id,
        b1_0.attendees,
        b1_0.check_in_time,
        b1_0.check_out_time,
        b1_0.created_at,
        b1_0.date,
        b1_0.end_time,
        b1_0.expired_at,
        b1_0.extension_count,
        b1_0.facility_id,
        b1_0.is_recurring,
        b1_0.max_extensions,
        b1_0.notes,
        b1_0.original_end_time,
        b1_0.purpose,
        b1_0.recurrence_rule,
        b1_0.reminder_sent,
        b1_0.start_time,
        b1_0.status,
        b1_0.updated_at,
        b1_0.user_id 
    from
        bookings b1_0 
    where
        b1_0.status in (?, ?)
Hibernate: 
    select
        b1_0.id,
        b1_0.attendees,
        b1_0.check_in_time,
        b1_0.check_out_time,
        b1_0.created_at,
        b1_0.date,
        b1_0.end_time,
        b1_0.expired_at,
        b1_0.extension_count,
        b1_0.facility_id,
        b1_0.is_recurring,
        b1_0.max_extensions,
        b1_0.notes,
        b1_0.original_end_time,
        b1_0.purpose,
        b1_0.recurrence_rule,
        b1_0.reminder_sent,
        b1_0.start_time,
        b1_0.status,
        b1_0.updated_at,
        b1_0.user_id 
    from
        bookings b1_0 
    where
        b1_0.status in (?, ?)
Hibernate: 
    select
        b1_0.id,
        b1_0.attendees,
        b1_0.check_in_time,
        b1_0.check_out_time,
        b1_0.created_at,
        b1_0.date,
        b1_0.end_time,
        b1_0.expired_at,
        b1_0.extension_count,
        b1_0.facility_id,
        b1_0.is_recurring,
        b1_0.max_extensions,
        b1_0.notes,
        b1_0.original_end_time,
        b1_0.purpose,
        b1_0.recurrence_rule,
        b1_0.reminder_sent,
        b1_0.start_time,
        b1_0.status,
        b1_0.updated_at,
        b1_0.user_id 
    from
        bookings b1_0 
    where
        b1_0.status in (?, ?)
Hibernate: 
    select
        b1_0.id,
        b1_0.attendees,
        b1_0.check_in_time,
        b1_0.check_out_time,
        b1_0.created_at,
        b1_0.date,
        b1_0.end_time,
        b1_0.expired_at,
        b1_0.extension_count,
        b1_0.facility_id,
        b1_0.is_recurring,
        b1_0.max_extensions,
        b1_0.notes,
        b1_0.original_end_time,
        b1_0.purpose,
        b1_0.recurrence_rule,
        b1_0.reminder_sent,
        b1_0.start_time,
        b1_0.status,
        b1_0.updated_at,
        b1_0.user_id 
    from
        bookings b1_0 
    where
        b1_0.status in (?, ?)
Hibernate: 
    select
        b1_0.id,
        b1_0.attendees,
        b1_0.check_in_time,
        b1_0.check_out_time,
        b1_0.created_at,
        b1_0.date,
        b1_0.end_time,
        b1_0.expired_at,
        b1_0.extension_count,
        b1_0.facility_id,
        b1_0.is_recurring,
        b1_0.max_extensions,
        b1_0.notes,
        b1_0.original_end_time,
        b1_0.purpose,
        b1_0.recurrence_rule,
        b1_0.reminder_sent,
        b1_0.start_time,
        b1_0.status,
        b1_0.updated_at,
        b1_0.user_id 
    from
        bookings b1_0 
    where
        b1_0.status in (?, ?)
Hibernate: 
    select
        b1_0.id,
        b1_0.attendees,
        b1_0.check_in_time,
        b1_0.check_out_time,
        b1_0.created_at,
        b1_0.date,
        b1_0.end_time,
        b1_0.expired_at,
        b1_0.extension_count,
        b1_0.facility_id,
        b1_0.is_recurring,
        b1_0.max_extensions,
        b1_0.notes,
        b1_0.original_end_time,
        b1_0.purpose,
        b1_0.recurrence_rule,
        b1_0.reminder_sent,
        b1_0.start_time,
        b1_0.status,
        b1_0.updated_at,
        b1_0.user_id 
    from
        bookings b1_0 
    where
        b1_0.status in (?, ?)
Hibernate: 
    select
        b1_0.id,
        b1_0.attendees,
        b1_0.check_in_time,
        b1_0.check_out_time,
        b1_0.created_at,
        b1_0.date,
        b1_0.end_time,
        b1_0.expired_at,
        b1_0.extension_count,
        b1_0.facility_id,
        b1_0.is_recurring,
        b1_0.max_extensions,
        b1_0.notes,
        b1_0.original_end_time,
        b1_0.purpose,
        b1_0.recurrence_rule,
        b1_0.reminder_sent,
        b1_0.start_time,
        b1_0.status,
        b1_0.updated_at,
        b1_0.user_id 
    from
        bookings b1_0 
    where
        b1_0.status in (?, ?)
Hibernate: 
    select
        b1_0.id,
        b1_0.attendees,
        b1_0.check_in_time,
        b1_0.check_out_time,
        b1_0.created_at,
        b1_0.date,
        b1_0.end_time,
        b1_0.expired_at,
        b1_0.extension_count,
        b1_0.facility_id,
        b1_0.is_recurring,
        b1_0.max_extensions,
        b1_0.notes,
        b1_0.original_end_time,
        b1_0.purpose,
        b1_0.recurrence_rule,
        b1_0.reminder_sent,
        b1_0.start_time,
        b1_0.status,
        b1_0.updated_at,
        b1_0.user_id 
    from
        bookings b1_0 
    where
        b1_0.status in (?, ?)
Hibernate: 
    select
        b1_0.id,
        b1_0.attendees,
        b1_0.check_in_time,
        b1_0.check_out_time,
        b1_0.created_at,
        b1_0.date,
        b1_0.end_time,
        b1_0.expired_at,
        b1_0.extension_count,
        b1_0.facility_id,
        b1_0.is_recurring,
        b1_0.max_extensions,
        b1_0.notes,
        b1_0.original_end_time,
        b1_0.purpose,
        b1_0.recurrence_rule,
        b1_0.reminder_sent,
        b1_0.start_time,
        b1_0.status,
        b1_0.updated_at,
        b1_0.user_id 
    from
        bookings b1_0 
    where
        b1_0.status in (?, ?)
Hibernate: 
    select
        b1_0.id,
        b1_0.attendees,
        b1_0.check_in_time,
        b1_0.check_out_time,
        b1_0.created_at,
        b1_0.date,
        b1_0.end_time,
        b1_0.expired_at,
        b1_0.extension_count,
        b1_0.facility_id,
        b1_0.is_recurring,
        b1_0.max_extensions,
        b1_0.notes,
        b1_0.original_end_time,
        b1_0.purpose,
        b1_0.recurrence_rule,
        b1_0.reminder_sent,
        b1_0.start_time,
        b1_0.status,
        b1_0.updated_at,
        b1_0.user_id 
    from
        bookings b1_0 
    where
        b1_0.status in (?, ?)
Hibernate: 
    select
        b1_0.id,
        b1_0.attendees,
        b1_0.check_in_time,
        b1_0.check_out_time,
        b1_0.created_at,
        b1_0.date,
        b1_0.end_time,
        b1_0.expired_at,
        b1_0.extension_count,
        b1_0.facility_id,
        b1_0.is_recurring,
        b1_0.max_extensions,
        b1_0.notes,
        b1_0.original_end_time,
        b1_0.purpose,
        b1_0.recurrence_rule,
        b1_0.reminder_sent,
        b1_0.start_time,
        b1_0.status,
        b1_0.updated_at,
        b1_0.user_id 
    from
        bookings b1_0 
    where
        b1_0.status in (?, ?)
Hibernate: 
    select
        b1_0.id,
        b1_0.attendees,
        b1_0.check_in_time,
        b1_0.check_out_time,
        b1_0.created_at,
        b1_0.date,
        b1_0.end_time,
        b1_0.expired_at,
        b1_0.extension_count,
        b1_0.facility_id,
        b1_0.is_recurring,
        b1_0.max_extensions,
        b1_0.notes,
        b1_0.original_end_time,
        b1_0.purpose,
        b1_0.recurrence_rule,
        b1_0.reminder_sent,
        b1_0.start_time,
        b1_0.status,
        b1_0.updated_at,
        b1_0.user_id 
    from
        bookings b1_0 
    where
        b1_0.status in (?, ?)
Hibernate: 
    select
        b1_0.id,
        b1_0.attendees,
        b1_0.check_in_time,
        b1_0.check_out_time,
        b1_0.created_at,
        b1_0.date,
        b1_0.end_time,
        b1_0.expired_at,
        b1_0.extension_count,
        b1_0.facility_id,
        b1_0.is_recurring,
        b1_0.max_extensions,
        b1_0.notes,
        b1_0.original_end_time,
        b1_0.purpose,
        b1_0.recurrence_rule,
        b1_0.reminder_sent,
        b1_0.start_time,
        b1_0.status,
        b1_0.updated_at,
        b1_0.user_id 
    from
        bookings b1_0 
    where
        b1_0.status in (?, ?)
Hibernate: 
    select
        b1_0.id,
        b1_0.attendees,
        b1_0.check_in_time,
        b1_0.check_out_time,
        b1_0.created_at,
        b1_0.date,
        b1_0.end_time,
        b1_0.expired_at,
        b1_0.extension_count,
        b1_0.facility_id,
        b1_0.is_recurring,
        b1_0.max_extensions,
        b1_0.notes,
        b1_0.original_end_time,
        b1_0.purpose,
        b1_0.recurrence_rule,
        b1_0.reminder_sent,
        b1_0.start_time,
        b1_0.status,
        b1_0.updated_at,
        b1_0.user_id 
    from
        bookings b1_0 
    where
        b1_0.status in (?, ?)
Hibernate: 
    select
        b1_0.id,
        b1_0.attendees,
        b1_0.check_in_time,
        b1_0.check_out_time,
        b1_0.created_at,
        b1_0.date,
        b1_0.end_time,
        b1_0.expired_at,
        b1_0.extension_count,
        b1_0.facility_id,
        b1_0.is_recurring,
        b1_0.max_extensions,
        b1_0.notes,
        b1_0.original_end_time,
        b1_0.purpose,
        b1_0.recurrence_rule,
        b1_0.reminder_sent,
        b1_0.start_time,
        b1_0.status,
        b1_0.updated_at,
        b1_0.user_id 
    from
        bookings b1_0 
    where
        b1_0.status in (?, ?)
Hibernate: 
    select
        b1_0.id,
        b1_0.attendees,
        b1_0.check_in_time,
        b1_0.check_out_time,
        b1_0.created_at,
        b1_0.date,
        b1_0.end_time,
        b1_0.expired_at,
        b1_0.extension_count,
        b1_0.facility_id,
        b1_0.is_recurring,
        b1_0.max_extensions,
        b1_0.notes,
        b1_0.original_end_time,
        b1_0.purpose,
        b1_0.recurrence_rule,
        b1_0.reminder_sent,
        b1_0.start_time,
        b1_0.status,
        b1_0.updated_at,
        b1_0.user_id 
    from
        bookings b1_0 
    where
        b1_0.status in (?, ?)
Hibernate: 
    select
        b1_0.id,
        b1_0.attendees,
        b1_0.check_in_time,
        b1_0.check_out_time,
        b1_0.created_at,
        b1_0.date,
        b1_0.end_time,
        b1_0.expired_at,
        b1_0.extension_count,
        b1_0.facility_id,
        b1_0.is_recurring,
        b1_0.max_extensions,
        b1_0.notes,
        b1_0.original_end_time,
        b1_0.purpose,
        b1_0.recurrence_rule,
        b1_0.reminder_sent,
        b1_0.start_time,
        b1_0.status,
        b1_0.updated_at,
        b1_0.user_id 
    from
        bookings b1_0 
    where
        b1_0.status in (?, ?)
Hibernate: 
    select
        b1_0.id,
        b1_0.attendees,
        b1_0.check_in_time,
        b1_0.check_out_time,
        b1_0.created_at,
        b1_0.date,
        b1_0.end_time,
        b1_0.expired_at,
        b1_0.extension_count,
        b1_0.facility_id,
        b1_0.is_recurring,
        b1_0.max_extensions,
        b1_0.notes,
        b1_0.original_end_time,
        b1_0.purpose,
        b1_0.recurrence_rule,
        b1_0.reminder_sent,
        b1_0.start_time,
        b1_0.status,
        b1_0.updated_at,
        b1_0.user_id 
    from
        bookings b1_0 
    where
        b1_0.status in (?, ?)
Hibernate: 
    select
        b1_0.id,
        b1_0.attendees,
        b1_0.check_in_time,
        b1_0.check_out_time,
        b1_0.created_at,
        b1_0.date,
        b1_0.end_time,
        b1_0.expired_at,
        b1_0.extension_count,
        b1_0.facility_id,
        b1_0.is_recurring,
        b1_0.max_extensions,
        b1_0.notes,
        b1_0.original_end_time,
        b1_0.purpose,
        b1_0.recurrence_rule,
        b1_0.reminder_sent,
        b1_0.start_time,
        b1_0.status,
        b1_0.updated_at,
        b1_0.user_id 
    from
        bookings b1_0 
    where
        b1_0.status in (?, ?)
Hibernate: 
    select
        b1_0.id,
        b1_0.attendees,
        b1_0.check_in_time,
        b1_0.check_out_time,
        b1_0.created_at,
        b1_0.date,
        b1_0.end_time,
        b1_0.expired_at,
        b1_0.extension_count,
        b1_0.facility_id,
        b1_0.is_recurring,
        b1_0.max_extensions,
        b1_0.notes,
        b1_0.original_end_time,
        b1_0.purpose,
        b1_0.recurrence_rule,
        b1_0.reminder_sent,
        b1_0.start_time,
        b1_0.status,
        b1_0.updated_at,
        b1_0.user_id 
    from
        bookings b1_0 
    where
        b1_0.status in (?, ?)
Hibernate: 
    select
        b1_0.id,
        b1_0.attendees,
        b1_0.check_in_time,
        b1_0.check_out_time,
        b1_0.created_at,
        b1_0.date,
        b1_0.end_time,
        b1_0.expired_at,
        b1_0.extension_count,
        b1_0.facility_id,
        b1_0.is_recurring,
        b1_0.max_extensions,
        b1_0.notes,
        b1_0.original_end_time,
        b1_0.purpose,
        b1_0.recurrence_rule,
        b1_0.reminder_sent,
        b1_0.start_time,
        b1_0.status,
        b1_0.updated_at,
        b1_0.user_id 
    from
        bookings b1_0 
    where
        b1_0.status in (?, ?)
Hibernate: 
    select
        b1_0.id,
        b1_0.attendees,
        b1_0.check_in_time,
        b1_0.check_out_time,
        b1_0.created_at,
        b1_0.date,
        b1_0.end_time,
        b1_0.expired_at,
        b1_0.extension_count,
        b1_0.facility_id,
        b1_0.is_recurring,
        b1_0.max_extensions,
        b1_0.notes,
        b1_0.original_end_time,
        b1_0.purpose,
        b1_0.recurrence_rule,
        b1_0.reminder_sent,
        b1_0.start_time,
        b1_0.status,
        b1_0.updated_at,
        b1_0.user_id 
    from
        bookings b1_0 
    where
        b1_0.status in (?, ?)
Hibernate: 
    select
        b1_0.id,
        b1_0.attendees,
        b1_0.check_in_time,
        b1_0.check_out_time,
        b1_0.created_at,
        b1_0.date,
        b1_0.end_time,
        b1_0.expired_at,
        b1_0.extension_count,
        b1_0.facility_id,
        b1_0.is_recurring,
        b1_0.max_extensions,
        b1_0.notes,
        b1_0.original_end_time,
        b1_0.purpose,
        b1_0.recurrence_rule,
        b1_0.reminder_sent,
        b1_0.start_time,
        b1_0.status,
        b1_0.updated_at,
        b1_0.user_id 
    from
        bookings b1_0 
    where
        b1_0.status in (?, ?)
Hibernate: 
    select
        b1_0.id,
        b1_0.attendees,
        b1_0.check_in_time,
        b1_0.check_out_time,
        b1_0.created_at,
        b1_0.date,
        b1_0.end_time,
        b1_0.expired_at,
        b1_0.extension_count,
        b1_0.facility_id,
        b1_0.is_recurring,
        b1_0.max_extensions,
        b1_0.notes,
        b1_0.original_end_time,
        b1_0.purpose,
        b1_0.recurrence_rule,
        b1_0.reminder_sent,
        b1_0.start_time,
        b1_0.status,
        b1_0.updated_at,
        b1_0.user_id 
    from
        bookings b1_0 
    where
        b1_0.status in (?, ?)
Hibernate: 
    select
        b1_0.id,
        b1_0.attendees,
        b1_0.check_in_time,
        b1_0.check_out_time,
        b1_0.created_at,
        b1_0.date,
        b1_0.end_time,
        b1_0.expired_at,
        b1_0.extension_count,
        b1_0.facility_id,
        b1_0.is_recurring,
        b1_0.max_extensions,
        b1_0.notes,
        b1_0.original_end_time,
        b1_0.purpose,
        b1_0.recurrence_rule,
        b1_0.reminder_sent,
        b1_0.start_time,
        b1_0.status,
        b1_0.updated_at,
        b1_0.user_id 
    from
        bookings b1_0 
    where
        b1_0.status in (?, ?)
Hibernate: 
    select
        b1_0.id,
        b1_0.attendees,
        b1_0.check_in_time,
        b1_0.check_out_time,
        b1_0.created_at,
        b1_0.date,
        b1_0.end_time,
        b1_0.expired_at,
        b1_0.extension_count,
        b1_0.facility_id,
        b1_0.is_recurring,
        b1_0.max_extensions,
        b1_0.notes,
        b1_0.original_end_time,
        b1_0.purpose,
        b1_0.recurrence_rule,
        b1_0.reminder_sent,
        b1_0.start_time,
        b1_0.status,
        b1_0.updated_at,
        b1_0.user_id 
    from
        bookings b1_0 
    where
        b1_0.status in (?, ?)
Hibernate: 
    select
        b1_0.id,
        b1_0.attendees,
        b1_0.check_in_time,
        b1_0.check_out_time,
        b1_0.created_at,
        b1_0.date,
        b1_0.end_time,
        b1_0.expired_at,
        b1_0.extension_count,
        b1_0.facility_id,
        b1_0.is_recurring,
        b1_0.max_extensions,
        b1_0.notes,
        b1_0.original_end_time,
        b1_0.purpose,
        b1_0.recurrence_rule,
        b1_0.reminder_sent,
        b1_0.start_time,
        b1_0.status,
        b1_0.updated_at,
        b1_0.user_id 
    from
        bookings b1_0 
    where
        b1_0.status in (?, ?)
Hibernate: 
    select
        b1_0.id,
        b1_0.attendees,
        b1_0.check_in_time,
        b1_0.check_out_time,
        b1_0.created_at,
        b1_0.date,
        b1_0.end_time,
        b1_0.expired_at,
        b1_0.extension_count,
        b1_0.facility_id,
        b1_0.is_recurring,
        b1_0.max_extensions,
        b1_0.notes,
        b1_0.original_end_time,
        b1_0.purpose,
        b1_0.recurrence_rule,
        b1_0.reminder_sent,
        b1_0.start_time,
        b1_0.status,
        b1_0.updated_at,
        b1_0.user_id 
    from
        bookings b1_0 
    where
        b1_0.status in (?, ?)
Hibernate: 
    select
        b1_0.id,
        b1_0.attendees,
        b1_0.check_in_time,
        b1_0.check_out_time,
        b1_0.created_at,
        b1_0.date,
        b1_0.end_time,
        b1_0.expired_at,
        b1_0.extension_count,
        b1_0.facility_id,
        b1_0.is_recurring,
        b1_0.max_extensions,
        b1_0.notes,
        b1_0.original_end_time,
        b1_0.purpose,
        b1_0.recurrence_rule,
        b1_0.reminder_sent,
        b1_0.start_time,
        b1_0.status,
        b1_0.updated_at,
        b1_0.user_id 
    from
        bookings b1_0 
    where
        b1_0.status in (?, ?)
Hibernate: 
    select
        b1_0.id,
        b1_0.attendees,
        b1_0.check_in_time,
        b1_0.check_out_time,
        b1_0.created_at,
        b1_0.date,
        b1_0.end_time,
        b1_0.expired_at,
        b1_0.extension_count,
        b1_0.facility_id,
        b1_0.is_recurring,
        b1_0.max_extensions,
        b1_0.notes,
        b1_0.original_end_time,
        b1_0.purpose,
        b1_0.recurrence_rule,
        b1_0.reminder_sent,
        b1_0.start_time,
        b1_0.status,
        b1_0.updated_at,
        b1_0.user_id 
    from
        bookings b1_0 
    where
        b1_0.status in (?, ?)
Hibernate: 
    select
        b1_0.id,
        b1_0.attendees,
        b1_0.check_in_time,
        b1_0.check_out_time,
        b1_0.created_at,
        b1_0.date,
        b1_0.end_time,
        b1_0.expired_at,
        b1_0.extension_count,
        b1_0.facility_id,
        b1_0.is_recurring,
        b1_0.max_extensions,
        b1_0.notes,
        b1_0.original_end_time,
        b1_0.purpose,
        b1_0.recurrence_rule,
        b1_0.reminder_sent,
        b1_0.start_time,
        b1_0.status,
        b1_0.updated_at,
        b1_0.user_id 
    from
        bookings b1_0 
    where
        b1_0.status in (?, ?)
Hibernate: 
    select
        b1_0.id,
        b1_0.attendees,
        b1_0.check_in_time,
        b1_0.check_out_time,
        b1_0.created_at,
        b1_0.date,
        b1_0.end_time,
        b1_0.expired_at,
        b1_0.extension_count,
        b1_0.facility_id,
        b1_0.is_recurring,
        b1_0.max_extensions,
        b1_0.notes,
        b1_0.original_end_time,
        b1_0.purpose,
        b1_0.recurrence_rule,
        b1_0.reminder_sent,
        b1_0.start_time,
        b1_0.status,
        b1_0.updated_at,
        b1_0.user_id 
    from
        bookings b1_0 
    where
        b1_0.status in (?, ?)
Hibernate: 
    select
        b1_0.id,
        b1_0.attendees,
        b1_0.check_in_time,
        b1_0.check_out_time,
        b1_0.created_at,
        b1_0.date,
        b1_0.end_time,
        b1_0.expired_at,
        b1_0.extension_count,
        b1_0.facility_id,
        b1_0.is_recurring,
        b1_0.max_extensions,
        b1_0.notes,
        b1_0.original_end_time,
        b1_0.purpose,
        b1_0.recurrence_rule,
        b1_0.reminder_sent,
        b1_0.start_time,
        b1_0.status,
        b1_0.updated_at,
        b1_0.user_id 
    from
        bookings b1_0 
    where
        b1_0.status in (?, ?)
Hibernate: 
    select
        b1_0.id,
        b1_0.attendees,
        b1_0.check_in_time,
        b1_0.check_out_time,
        b1_0.created_at,
        b1_0.date,
        b1_0.end_time,
        b1_0.expired_at,
        b1_0.extension_count,
        b1_0.facility_id,
        b1_0.is_recurring,
        b1_0.max_extensions,
        b1_0.notes,
        b1_0.original_end_time,
        b1_0.purpose,
        b1_0.recurrence_rule,
        b1_0.reminder_sent,
        b1_0.start_time,
        b1_0.status,
        b1_0.updated_at,
        b1_0.user_id 
    from
        bookings b1_0 
    where
        b1_0.status in (?, ?)
Hibernate: 
    select
        b1_0.id,
        b1_0.attendees,
        b1_0.check_in_time,
        b1_0.check_out_time,
        b1_0.created_at,
        b1_0.date,
        b1_0.end_time,
        b1_0.expired_at,
        b1_0.extension_count,
        b1_0.facility_id,
        b1_0.is_recurring,
        b1_0.max_extensions,
        b1_0.notes,
        b1_0.original_end_time,
        b1_0.purpose,
        b1_0.recurrence_rule,
        b1_0.reminder_sent,
        b1_0.start_time,
        b1_0.status,
        b1_0.updated_at,
        b1_0.user_id 
    from
        bookings b1_0 
    where
        b1_0.status in (?, ?)
Hibernate: 
    select
        b1_0.id,
        b1_0.attendees,
        b1_0.check_in_time,
        b1_0.check_out_time,
        b1_0.created_at,
        b1_0.date,
        b1_0.end_time,
        b1_0.expired_at,
        b1_0.extension_count,
        b1_0.facility_id,
        b1_0.is_recurring,
        b1_0.max_extensions,
        b1_0.notes,
        b1_0.original_end_time,
        b1_0.purpose,
        b1_0.recurrence_rule,
        b1_0.reminder_sent,
        b1_0.start_time,
        b1_0.status,
        b1_0.updated_at,
        b1_0.user_id 
    from
        bookings b1_0 
    where
        b1_0.status in (?, ?)
Hibernate: 
    select
        b1_0.id,
        b1_0.attendees,
        b1_0.check_in_time,
        b1_0.check_out_time,
        b1_0.created_at,
        b1_0.date,
        b1_0.end_time,
        b1_0.expired_at,
        b1_0.extension_count,
        b1_0.facility_id,
        b1_0.is_recurring,
        b1_0.max_extensions,
        b1_0.notes,
        b1_0.original_end_time,
        b1_0.purpose,
        b1_0.recurrence_rule,
        b1_0.reminder_sent,
        b1_0.start_time,
        b1_0.status,
        b1_0.updated_at,
        b1_0.user_id 
    from
        bookings b1_0 
    where
        b1_0.status in (?, ?)
Hibernate: 
    select
        b1_0.id,
        b1_0.attendees,
        b1_0.check_in_time,
        b1_0.check_out_time,
        b1_0.created_at,
        b1_0.date,
        b1_0.end_time,
        b1_0.expired_at,
        b1_0.extension_count,
        b1_0.facility_id,
        b1_0.is_recurring,
        b1_0.max_extensions,
        b1_0.notes,
        b1_0.original_end_time,
        b1_0.purpose,
        b1_0.recurrence_rule,
        b1_0.reminder_sent,
        b1_0.start_time,
        b1_0.status,
        b1_0.updated_at,
        b1_0.user_id 
    from
        bookings b1_0 
    where
        b1_0.status in (?, ?)
Hibernate: 
    select
        b1_0.id,
        b1_0.attendees,
        b1_0.check_in_time,
        b1_0.check_out_time,
        b1_0.created_at,
        b1_0.date,
        b1_0.end_time,
        b1_0.expired_at,
        b1_0.extension_count,
        b1_0.facility_id,
        b1_0.is_recurring,
        b1_0.max_extensions,
        b1_0.notes,
        b1_0.original_end_time,
        b1_0.purpose,
        b1_0.recurrence_rule,
        b1_0.reminder_sent,
        b1_0.start_time,
        b1_0.status,
        b1_0.updated_at,
        b1_0.user_id 
    from
        bookings b1_0 
    where
        b1_0.status in (?, ?)
Hibernate: 
    select
        b1_0.id,
        b1_0.attendees,
        b1_0.check_in_time,
        b1_0.check_out_time,
        b1_0.created_at,
        b1_0.date,
        b1_0.end_time,
        b1_0.expired_at,
        b1_0.extension_count,
        b1_0.facility_id,
        b1_0.is_recurring,
        b1_0.max_extensions,
        b1_0.notes,
        b1_0.original_end_time,
        b1_0.purpose,
        b1_0.recurrence_rule,
        b1_0.reminder_sent,
        b1_0.start_time,
        b1_0.status,
        b1_0.updated_at,
        b1_0.user_id 
    from
        bookings b1_0 
    where
        b1_0.status in (?, ?)
Hibernate: 
    select
        b1_0.id,
        b1_0.attendees,
        b1_0.check_in_time,
        b1_0.check_out_time,
        b1_0.created_at,
        b1_0.date,
        b1_0.end_time,
        b1_0.expired_at,
        b1_0.extension_count,
        b1_0.facility_id,
        b1_0.is_recurring,
        b1_0.max_extensions,
        b1_0.notes,
        b1_0.original_end_time,
        b1_0.purpose,
        b1_0.recurrence_rule,
        b1_0.reminder_sent,
        b1_0.start_time,
        b1_0.status,
        b1_0.updated_at,
        b1_0.user_id 
    from
        bookings b1_0 
    where
        b1_0.status in (?, ?)
Hibernate: 
    select
        b1_0.id,
        b1_0.attendees,
        b1_0.check_in_time,
        b1_0.check_out_time,
        b1_0.created_at,
        b1_0.date,
        b1_0.end_time,
        b1_0.expired_at,
        b1_0.extension_count,
        b1_0.facility_id,
        b1_0.is_recurring,
        b1_0.max_extensions,
        b1_0.notes,
        b1_0.original_end_time,
        b1_0.purpose,
        b1_0.recurrence_rule,
        b1_0.reminder_sent,
        b1_0.start_time,
        b1_0.status,
        b1_0.updated_at,
        b1_0.user_id 
    from
        bookings b1_0 
    where
        b1_0.status in (?, ?)
Hibernate: 
    select
        b1_0.id,
        b1_0.attendees,
        b1_0.check_in_time,
        b1_0.check_out_time,
        b1_0.created_at,
        b1_0.date,
        b1_0.end_time,
        b1_0.expired_at,
        b1_0.extension_count,
        b1_0.facility_id,
        b1_0.is_recurring,
        b1_0.max_extensions,
        b1_0.notes,
        b1_0.original_end_time,
        b1_0.purpose,
        b1_0.recurrence_rule,
        b1_0.reminder_sent,
        b1_0.start_time,
        b1_0.status,
        b1_0.updated_at,
        b1_0.user_id 
    from
        bookings b1_0 
    where
        b1_0.status in (?, ?)
Hibernate: 
    select
        b1_0.id,
        b1_0.attendees,
        b1_0.check_in_time,
        b1_0.check_out_time,
        b1_0.created_at,
        b1_0.date,
        b1_0.end_time,
        b1_0.expired_at,
        b1_0.extension_count,
        b1_0.facility_id,
        b1_0.is_recurring,
        b1_0.max_extensions,
        b1_0.notes,
        b1_0.original_end_time,
        b1_0.purpose,
        b1_0.recurrence_rule,
        b1_0.reminder_sent,
        b1_0.start_time,
        b1_0.status,
        b1_0.updated_at,
        b1_0.user_id 
    from
        bookings b1_0 
    where
        b1_0.status in (?, ?)
Hibernate: 
    select
        b1_0.id,
        b1_0.attendees,
        b1_0.check_in_time,
        b1_0.check_out_time,
        b1_0.created_at,
        b1_0.date,
        b1_0.end_time,
        b1_0.expired_at,
        b1_0.extension_count,
        b1_0.facility_id,
        b1_0.is_recurring,
        b1_0.max_extensions,
        b1_0.notes,
        b1_0.original_end_time,
        b1_0.purpose,
        b1_0.recurrence_rule,
        b1_0.reminder_sent,
        b1_0.start_time,
        b1_0.status,
        b1_0.updated_at,
        b1_0.user_id 
    from
        bookings b1_0 
    where
        b1_0.status in (?, ?)
Hibernate: 
    select
        b1_0.id,
        b1_0.attendees,
        b1_0.check_in_time,
        b1_0.check_out_time,
        b1_0.created_at,
        b1_0.date,
        b1_0.end_time,
        b1_0.expired_at,
        b1_0.extension_count,
        b1_0.facility_id,
        b1_0.is_recurring,
        b1_0.max_extensions,
        b1_0.notes,
        b1_0.original_end_time,
        b1_0.purpose,
        b1_0.recurrence_rule,
        b1_0.reminder_sent,
        b1_0.start_time,
        b1_0.status,
        b1_0.updated_at,
        b1_0.user_id 
    from
        bookings b1_0 
    where
        b1_0.status in (?, ?)
Hibernate: 
    select
        b1_0.id,
        b1_0.attendees,
        b1_0.check_in_time,
        b1_0.check_out_time,
        b1_0.created_at,
        b1_0.date,
        b1_0.end_time,
        b1_0.expired_at,
        b1_0.extension_count,
        b1_0.facility_id,
        b1_0.is_recurring,
        b1_0.max_extensions,
        b1_0.notes,
        b1_0.original_end_time,
        b1_0.purpose,
        b1_0.recurrence_rule,
        b1_0.reminder_sent,
        b1_0.start_time,
        b1_0.status,
        b1_0.updated_at,
        b1_0.user_id 
    from
        bookings b1_0 
    where
        b1_0.status in (?, ?)
Hibernate: 
    select
        b1_0.id,
        b1_0.attendees,
        b1_0.check_in_time,
        b1_0.check_out_time,
        b1_0.created_at,
        b1_0.date,
        b1_0.end_time,
        b1_0.expired_at,
        b1_0.extension_count,
        b1_0.facility_id,
        b1_0.is_recurring,
        b1_0.max_extensions,
        b1_0.notes,
        b1_0.original_end_time,
        b1_0.purpose,
        b1_0.recurrence_rule,
        b1_0.reminder_sent,
        b1_0.start_time,
        b1_0.status,
        b1_0.updated_at,
        b1_0.user_id 
    from
        bookings b1_0 
    where
        b1_0.status in (?, ?)
Hibernate: 
    select
        b1_0.id,
        b1_0.attendees,
        b1_0.check_in_time,
        b1_0.check_out_time,
        b1_0.created_at,
        b1_0.date,
        b1_0.end_time,
        b1_0.expired_at,
        b1_0.extension_count,
        b1_0.facility_id,
        b1_0.is_recurring,
        b1_0.max_extensions,
        b1_0.notes,
        b1_0.original_end_time,
        b1_0.purpose,
        b1_0.recurrence_rule,
        b1_0.reminder_sent,
        b1_0.start_time,
        b1_0.status,
        b1_0.updated_at,
        b1_0.user_id 
    from
        bookings b1_0 
    where
        b1_0.status in (?, ?)
Hibernate: 
    select
        b1_0.id,
        b1_0.attendees,
        b1_0.check_in_time,
        b1_0.check_out_time,
        b1_0.created_at,
        b1_0.date,
        b1_0.end_time,
        b1_0.expired_at,
        b1_0.extension_count,
        b1_0.facility_id,
        b1_0.is_recurring,
        b1_0.max_extensions,
        b1_0.notes,
        b1_0.original_end_time,
        b1_0.purpose,
        b1_0.recurrence_rule,
        b1_0.reminder_sent,
        b1_0.start_time,
        b1_0.status,
        b1_0.updated_at,
        b1_0.user_id 
    from
        bookings b1_0 
    where
        b1_0.status in (?, ?)
Hibernate: 
    select
        b1_0.id,
        b1_0.attendees,
        b1_0.check_in_time,
        b1_0.check_out_time,
        b1_0.created_at,
        b1_0.date,
        b1_0.end_time,
        b1_0.expired_at,
        b1_0.extension_count,
        b1_0.facility_id,
        b1_0.is_recurring,
        b1_0.max_extensions,
        b1_0.notes,
        b1_0.original_end_time,
        b1_0.purpose,
        b1_0.recurrence_rule,
        b1_0.reminder_sent,
        b1_0.start_time,
        b1_0.status,
        b1_0.updated_at,
        b1_0.user_id 
    from
        bookings b1_0 
    where
        b1_0.status in (?, ?)
Hibernate: 
    select
        b1_0.id,
        b1_0.attendees,
        b1_0.check_in_time,
        b1_0.check_out_time,
        b1_0.created_at,
        b1_0.date,
        b1_0.end_time,
        b1_0.expired_at,
        b1_0.extension_count,
        b1_0.facility_id,
        b1_0.is_recurring,
        b1_0.max_extensions,
        b1_0.notes,
        b1_0.original_end_time,
        b1_0.purpose,
        b1_0.recurrence_rule,
        b1_0.reminder_sent,
        b1_0.start_time,
        b1_0.status,
        b1_0.updated_at,
        b1_0.user_id 
    from
        bookings b1_0 
    where
        b1_0.status in (?, ?)
Hibernate: 
    select
        b1_0.id,
        b1_0.attendees,
        b1_0.check_in_time,
        b1_0.check_out_time,
        b1_0.created_at,
        b1_0.date,
        b1_0.end_time,
        b1_0.expired_at,
        b1_0.extension_count,
        b1_0.facility_id,
        b1_0.is_recurring,
        b1_0.max_extensions,
        b1_0.notes,
        b1_0.original_end_time,
        b1_0.purpose,
        b1_0.recurrence_rule,
        b1_0.reminder_sent,
        b1_0.start_time,
        b1_0.status,
        b1_0.updated_at,
        b1_0.user_id 
    from
        bookings b1_0 
    where
        b1_0.status in (?, ?)
Hibernate: 
    select
        b1_0.id,
        b1_0.attendees,
        b1_0.check_in_time,
        b1_0.check_out_time,
        b1_0.created_at,
        b1_0.date,
        b1_0.end_time,
        b1_0.expired_at,
        b1_0.extension_count,
        b1_0.facility_id,
        b1_0.is_recurring,
        b1_0.max_extensions,
        b1_0.notes,
        b1_0.original_end_time,
        b1_0.purpose,
        b1_0.recurrence_rule,
        b1_0.reminder_sent,
        b1_0.start_time,
        b1_0.status,
        b1_0.updated_at,
        b1_0.user_id 
    from
        bookings b1_0 
    where
        b1_0.status in (?, ?)
Hibernate: 
    select
        b1_0.id,
        b1_0.attendees,
        b1_0.check_in_time,
        b1_0.check_out_time,
        b1_0.created_at,
        b1_0.date,
        b1_0.end_time,
        b1_0.expired_at,
        b1_0.extension_count,
        b1_0.facility_id,
        b1_0.is_recurring,
        b1_0.max_extensions,
        b1_0.notes,
        b1_0.original_end_time,
        b1_0.purpose,
        b1_0.recurrence_rule,
        b1_0.reminder_sent,
        b1_0.start_time,
        b1_0.status,
        b1_0.updated_at,
        b1_0.user_id 
    from
        bookings b1_0 
    where
        b1_0.status in (?, ?)
Hibernate: 
    select
        b1_0.id,
        b1_0.attendees,
        b1_0.check_in_time,
        b1_0.check_out_time,
        b1_0.created_at,
        b1_0.date,
        b1_0.end_time,
        b1_0.expired_at,
        b1_0.extension_count,
        b1_0.facility_id,
        b1_0.is_recurring,
        b1_0.max_extensions,
        b1_0.notes,
        b1_0.original_end_time,
        b1_0.purpose,
        b1_0.recurrence_rule,
        b1_0.reminder_sent,
        b1_0.start_time,
        b1_0.status,
        b1_0.updated_at,
        b1_0.user_id 
    from
        bookings b1_0 
    where
        b1_0.status in (?, ?)
Hibernate: 
    select
        b1_0.id,
        b1_0.attendees,
        b1_0.check_in_time,
        b1_0.check_out_time,
        b1_0.created_at,
        b1_0.date,
        b1_0.end_time,
        b1_0.expired_at,
        b1_0.extension_count,
        b1_0.facility_id,
        b1_0.is_recurring,
        b1_0.max_extensions,
        b1_0.notes,
        b1_0.original_end_time,
        b1_0.purpose,
        b1_0.recurrence_rule,
        b1_0.reminder_sent,
        b1_0.start_time,
        b1_0.status,
        b1_0.updated_at,
        b1_0.user_id 
    from
        bookings b1_0 
    where
        b1_0.status in (?, ?)
Hibernate: 
    select
        b1_0.id,
        b1_0.attendees,
        b1_0.check_in_time,
        b1_0.check_out_time,
        b1_0.created_at,
        b1_0.date,
        b1_0.end_time,
        b1_0.expired_at,
        b1_0.extension_count,
        b1_0.facility_id,
        b1_0.is_recurring,
        b1_0.max_extensions,
        b1_0.notes,
        b1_0.original_end_time,
        b1_0.purpose,
        b1_0.recurrence_rule,
        b1_0.reminder_sent,
        b1_0.start_time,
        b1_0.status,
        b1_0.updated_at,
        b1_0.user_id 
    from
        bookings b1_0 
    where
        b1_0.status in (?, ?)
Hibernate: 
    select
        b1_0.id,
        b1_0.attendees,
        b1_0.check_in_time,
        b1_0.check_out_time,
        b1_0.created_at,
        b1_0.date,
        b1_0.end_time,
        b1_0.expired_at,
        b1_0.extension_count,
        b1_0.facility_id,
        b1_0.is_recurring,
        b1_0.max_extensions,
        b1_0.notes,
        b1_0.original_end_time,
        b1_0.purpose,
        b1_0.recurrence_rule,
        b1_0.reminder_sent,
        b1_0.start_time,
        b1_0.status,
        b1_0.updated_at,
        b1_0.user_id 
    from
        bookings b1_0 
    where
        b1_0.status in (?, ?)
Hibernate: 
    select
        b1_0.id,
        b1_0.attendees,
        b1_0.check_in_time,
        b1_0.check_out_time,
        b1_0.created_at,
        b1_0.date,
        b1_0.end_time,
        b1_0.expired_at,
        b1_0.extension_count,
        b1_0.facility_id,
        b1_0.is_recurring,
        b1_0.max_extensions,
        b1_0.notes,
        b1_0.original_end_time,
        b1_0.purpose,
        b1_0.recurrence_rule,
        b1_0.reminder_sent,
        b1_0.start_time,
        b1_0.status,
        b1_0.updated_at,
        b1_0.user_id 
    from
        bookings b1_0 
    where
        b1_0.status in (?, ?)
Hibernate: 
    select
        b1_0.id,
        b1_0.attendees,
        b1_0.check_in_time,
        b1_0.check_out_time,
        b1_0.created_at,
        b1_0.date,
        b1_0.end_time,
        b1_0.expired_at,
        b1_0.extension_count,
        b1_0.facility_id,
        b1_0.is_recurring,
        b1_0.max_extensions,
        b1_0.notes,
        b1_0.original_end_time,
        b1_0.purpose,
        b1_0.recurrence_rule,
        b1_0.reminder_sent,
        b1_0.start_time,
        b1_0.status,
        b1_0.updated_at,
        b1_0.user_id 
    from
        bookings b1_0 
    where
        b1_0.status in (?, ?)
Hibernate: 
    select
        b1_0.id,
        b1_0.attendees,
        b1_0.check_in_time,
        b1_0.check_out_time,
        b1_0.created_at,
        b1_0.date,
        b1_0.end_time,
        b1_0.expired_at,
        b1_0.extension_count,
        b1_0.facility_id,
        b1_0.is_recurring,
        b1_0.max_extensions,
        b1_0.notes,
        b1_0.original_end_time,
        b1_0.purpose,
        b1_0.recurrence_rule,
        b1_0.reminder_sent,
        b1_0.start_time,
        b1_0.status,
        b1_0.updated_at,
        b1_0.user_id 
    from
        bookings b1_0 
    where
        b1_0.status in (?, ?)
Hibernate: 
    select
        b1_0.id,
        b1_0.attendees,
        b1_0.check_in_time,
        b1_0.check_out_time,
        b1_0.created_at,
        b1_0.date,
        b1_0.end_time,
        b1_0.expired_at,
        b1_0.extension_count,
        b1_0.facility_id,
        b1_0.is_recurring,
        b1_0.max_extensions,
        b1_0.notes,
        b1_0.original_end_time,
        b1_0.purpose,
        b1_0.recurrence_rule,
        b1_0.reminder_sent,
        b1_0.start_time,
        b1_0.status,
        b1_0.updated_at,
        b1_0.user_id 
    from
        bookings b1_0 
    where
        b1_0.status in (?, ?)
Hibernate: 
    select
        b1_0.id,
        b1_0.attendees,
        b1_0.check_in_time,
        b1_0.check_out_time,
        b1_0.created_at,
        b1_0.date,
        b1_0.end_time,
        b1_0.expired_at,
        b1_0.extension_count,
        b1_0.facility_id,
        b1_0.is_recurring,
        b1_0.max_extensions,
        b1_0.notes,
        b1_0.original_end_time,
        b1_0.purpose,
        b1_0.recurrence_rule,
        b1_0.reminder_sent,
        b1_0.start_time,
        b1_0.status,
        b1_0.updated_at,
        b1_0.user_id 
    from
        bookings b1_0 
    where
        b1_0.status in (?, ?)
Hibernate: 
    select
        b1_0.id,
        b1_0.attendees,
        b1_0.check_in_time,
        b1_0.check_out_time,
        b1_0.created_at,
        b1_0.date,
        b1_0.end_time,
        b1_0.expired_at,
        b1_0.extension_count,
        b1_0.facility_id,
        b1_0.is_recurring,
        b1_0.max_extensions,
        b1_0.notes,
        b1_0.original_end_time,
        b1_0.purpose,
        b1_0.recurrence_rule,
        b1_0.reminder_sent,
        b1_0.start_time,
        b1_0.status,
        b1_0.updated_at,
        b1_0.user_id 
    from
        bookings b1_0 
    where
        b1_0.status in (?, ?)
Hibernate: 
    select
        b1_0.id,
        b1_0.attendees,
        b1_0.check_in_time,
        b1_0.check_out_time,
        b1_0.created_at,
        b1_0.date,
        b1_0.end_time,
        b1_0.expired_at,
        b1_0.extension_count,
        b1_0.facility_id,
        b1_0.is_recurring,
        b1_0.max_extensions,
        b1_0.notes,
        b1_0.original_end_time,
        b1_0.purpose,
        b1_0.recurrence_rule,
        b1_0.reminder_sent,
        b1_0.start_time,
        b1_0.status,
        b1_0.updated_at,
        b1_0.user_id 
    from
        bookings b1_0 
    where
        b1_0.status in (?, ?)
Hibernate: 
    select
        b1_0.id,
        b1_0.attendees,
        b1_0.check_in_time,
        b1_0.check_out_time,
        b1_0.created_at,
        b1_0.date,
        b1_0.end_time,
        b1_0.expired_at,
        b1_0.extension_count,
        b1_0.facility_id,
        b1_0.is_recurring,
        b1_0.max_extensions,
        b1_0.notes,
        b1_0.original_end_time,
        b1_0.purpose,
        b1_0.recurrence_rule,
        b1_0.reminder_sent,
        b1_0.start_time,
        b1_0.status,
        b1_0.updated_at,
        b1_0.user_id 
    from
        bookings b1_0 
    where
        b1_0.status in (?, ?)
Hibernate: 
    select
        b1_0.id,
        b1_0.attendees,
        b1_0.check_in_time,
        b1_0.check_out_time,
        b1_0.created_at,
        b1_0.date,
        b1_0.end_time,
        b1_0.expired_at,
        b1_0.extension_count,
        b1_0.facility_id,
        b1_0.is_recurring,
        b1_0.max_extensions,
        b1_0.notes,
        b1_0.original_end_time,
        b1_0.purpose,
        b1_0.recurrence_rule,
        b1_0.reminder_sent,
        b1_0.start_time,
        b1_0.status,
        b1_0.updated_at,
        b1_0.user_id 
    from
        bookings b1_0 
    where
        b1_0.status in (?, ?)
Hibernate: 
    select
        b1_0.id,
        b1_0.attendees,
        b1_0.check_in_time,
        b1_0.check_out_time,
        b1_0.created_at,
        b1_0.date,
        b1_0.end_time,
        b1_0.expired_at,
        b1_0.extension_count,
        b1_0.facility_id,
        b1_0.is_recurring,
        b1_0.max_extensions,
        b1_0.notes,
        b1_0.original_end_time,
        b1_0.purpose,
        b1_0.recurrence_rule,
        b1_0.reminder_sent,
        b1_0.start_time,
        b1_0.status,
        b1_0.updated_at,
        b1_0.user_id 
    from
        bookings b1_0 
    where
        b1_0.status in (?, ?)
Hibernate: 
    select
        b1_0.id,
        b1_0.attendees,
        b1_0.check_in_time,
        b1_0.check_out_time,
        b1_0.created_at,
        b1_0.date,
        b1_0.end_time,
        b1_0.expired_at,
        b1_0.extension_count,
        b1_0.facility_id,
        b1_0.is_recurring,
        b1_0.max_extensions,
        b1_0.notes,
        b1_0.original_end_time,
        b1_0.purpose,
        b1_0.recurrence_rule,
        b1_0.reminder_sent,
        b1_0.start_time,
        b1_0.status,
        b1_0.updated_at,
        b1_0.user_id 
    from
        bookings b1_0 
    where
        b1_0.status in (?, ?)
Hibernate: 
    select
        b1_0.id,
        b1_0.attendees,
        b1_0.check_in_time,
        b1_0.check_out_time,
        b1_0.created_at,
        b1_0.date,
        b1_0.end_time,
        b1_0.expired_at,
        b1_0.extension_count,
        b1_0.facility_id,
        b1_0.is_recurring,
        b1_0.max_extensions,
        b1_0.notes,
        b1_0.original_end_time,
        b1_0.purpose,
        b1_0.recurrence_rule,
        b1_0.reminder_sent,
        b1_0.start_time,
        b1_0.status,
        b1_0.updated_at,
        b1_0.user_id 
    from
        bookings b1_0 
    where
        b1_0.status in (?, ?)
Hibernate: 
    select
        b1_0.id,
        b1_0.attendees,
        b1_0.check_in_time,
        b1_0.check_out_time,
        b1_0.created_at,
        b1_0.date,
        b1_0.end_time,
        b1_0.expired_at,
        b1_0.extension_count,
        b1_0.facility_id,
        b1_0.is_recurring,
        b1_0.max_extensions,
        b1_0.notes,
        b1_0.original_end_time,
        b1_0.purpose,
        b1_0.recurrence_rule,
        b1_0.reminder_sent,
        b1_0.start_time,
        b1_0.status,
        b1_0.updated_at,
        b1_0.user_id 
    from
        bookings b1_0 
    where
        b1_0.status in (?, ?)
Hibernate: 
    select
        b1_0.id,
        b1_0.attendees,
        b1_0.check_in_time,
        b1_0.check_out_time,
        b1_0.created_at,
        b1_0.date,
        b1_0.end_time,
        b1_0.expired_at,
        b1_0.extension_count,
        b1_0.facility_id,
        b1_0.is_recurring,
        b1_0.max_extensions,
        b1_0.notes,
        b1_0.original_end_time,
        b1_0.purpose,
        b1_0.recurrence_rule,
        b1_0.reminder_sent,
        b1_0.start_time,
        b1_0.status,
        b1_0.updated_at,
        b1_0.user_id 
    from
        bookings b1_0 
    where
        b1_0.status in (?, ?)
Hibernate: 
    select
        b1_0.id,
        b1_0.attendees,
        b1_0.check_in_time,
        b1_0.check_out_time,
        b1_0.created_at,
        b1_0.date,
        b1_0.end_time,
        b1_0.expired_at,
        b1_0.extension_count,
        b1_0.facility_id,
        b1_0.is_recurring,
        b1_0.max_extensions,
        b1_0.notes,
        b1_0.original_end_time,
        b1_0.purpose,
        b1_0.recurrence_rule,
        b1_0.reminder_sent,
        b1_0.start_time,
        b1_0.status,
        b1_0.updated_at,
        b1_0.user_id 
    from
        bookings b1_0 
    where
        b1_0.status in (?, ?)
Hibernate: 
    select
        b1_0.id,
        b1_0.attendees,
        b1_0.check_in_time,
        b1_0.check_out_time,
        b1_0.created_at,
        b1_0.date,
        b1_0.end_time,
        b1_0.expired_at,
        b1_0.extension_count,
        b1_0.facility_id,
        b1_0.is_recurring,
        b1_0.max_extensions,
        b1_0.notes,
        b1_0.original_end_time,
        b1_0.purpose,
        b1_0.recurrence_rule,
        b1_0.reminder_sent,
        b1_0.start_time,
        b1_0.status,
        b1_0.updated_at,
        b1_0.user_id 
    from
        bookings b1_0 
    where
        b1_0.status in (?, ?)
Hibernate: 
    select
        b1_0.id,
        b1_0.attendees,
        b1_0.check_in_time,
        b1_0.check_out_time,
        b1_0.created_at,
        b1_0.date,
        b1_0.end_time,
        b1_0.expired_at,
        b1_0.extension_count,
        b1_0.facility_id,
        b1_0.is_recurring,
        b1_0.max_extensions,
        b1_0.notes,
        b1_0.original_end_time,
        b1_0.purpose,
        b1_0.recurrence_rule,
        b1_0.reminder_sent,
        b1_0.start_time,
        b1_0.status,
        b1_0.updated_at,
        b1_0.user_id 
    from
        bookings b1_0 
    where
        b1_0.status in (?, ?)
Hibernate: 
    select
        b1_0.id,
        b1_0.attendees,
        b1_0.check_in_time,
        b1_0.check_out_time,
        b1_0.created_at,
        b1_0.date,
        b1_0.end_time,
        b1_0.expired_at,
        b1_0.extension_count,
        b1_0.facility_id,
        b1_0.is_recurring,
        b1_0.max_extensions,
        b1_0.notes,
        b1_0.original_end_time,
        b1_0.purpose,
        b1_0.recurrence_rule,
        b1_0.reminder_sent,
        b1_0.start_time,
        b1_0.status,
        b1_0.updated_at,
        b1_0.user_id 
    from
        bookings b1_0 
    where
        b1_0.status in (?, ?)
Hibernate: 
    select
        b1_0.id,
        b1_0.attendees,
        b1_0.check_in_time,
        b1_0.check_out_time,
        b1_0.created_at,
        b1_0.date,
        b1_0.end_time,
        b1_0.expired_at,
        b1_0.extension_count,
        b1_0.facility_id,
        b1_0.is_recurring,
        b1_0.max_extensions,
        b1_0.notes,
        b1_0.original_end_time,
        b1_0.purpose,
        b1_0.recurrence_rule,
        b1_0.reminder_sent,
        b1_0.start_time,
        b1_0.status,
        b1_0.updated_at,
        b1_0.user_id 
    from
        bookings b1_0 
    where
        b1_0.status in (?, ?)
Hibernate: 
    select
        b1_0.id,
        b1_0.attendees,
        b1_0.check_in_time,
        b1_0.check_out_time,
        b1_0.created_at,
        b1_0.date,
        b1_0.end_time,
        b1_0.expired_at,
        b1_0.extension_count,
        b1_0.facility_id,
        b1_0.is_recurring,
        b1_0.max_extensions,
        b1_0.notes,
        b1_0.original_end_time,
        b1_0.purpose,
        b1_0.recurrence_rule,
        b1_0.reminder_sent,
        b1_0.start_time,
        b1_0.status,
        b1_0.updated_at,
        b1_0.user_id 
    from
        bookings b1_0 
    where
        b1_0.status in (?, ?)
Hibernate: 
    select
        b1_0.id,
        b1_0.attendees,
        b1_0.check_in_time,
        b1_0.check_out_time,
        b1_0.created_at,
        b1_0.date,
        b1_0.end_time,
        b1_0.expired_at,
        b1_0.extension_count,
        b1_0.facility_id,
        b1_0.is_recurring,
        b1_0.max_extensions,
        b1_0.notes,
        b1_0.original_end_time,
        b1_0.purpose,
        b1_0.recurrence_rule,
        b1_0.reminder_sent,
        b1_0.start_time,
        b1_0.status,
        b1_0.updated_at,
        b1_0.user_id 
    from
        bookings b1_0 
    where
        b1_0.status in (?, ?)
Hibernate: 
    select
        b1_0.id,
        b1_0.attendees,
        b1_0.check_in_time,
        b1_0.check_out_time,
        b1_0.created_at,
        b1_0.date,
        b1_0.end_time,
        b1_0.expired_at,
        b1_0.extension_count,
        b1_0.facility_id,
        b1_0.is_recurring,
        b1_0.max_extensions,
        b1_0.notes,
        b1_0.original_end_time,
        b1_0.purpose,
        b1_0.recurrence_rule,
        b1_0.reminder_sent,
        b1_0.start_time,
        b1_0.status,
        b1_0.updated_at,
        b1_0.user_id 
    from
        bookings b1_0 
    where
        b1_0.status in (?, ?)
Hibernate: 
    select
        b1_0.id,
        b1_0.attendees,
        b1_0.check_in_time,
        b1_0.check_out_time,
        b1_0.created_at,
        b1_0.date,
        b1_0.end_time,
        b1_0.expired_at,
        b1_0.extension_count,
        b1_0.facility_id,
        b1_0.is_recurring,
        b1_0.max_extensions,
        b1_0.notes,
        b1_0.original_end_time,
        b1_0.purpose,
        b1_0.recurrence_rule,
        b1_0.reminder_sent,
        b1_0.start_time,
        b1_0.status,
        b1_0.updated_at,
        b1_0.user_id 
    from
        bookings b1_0 
    where
        b1_0.status in (?, ?)
Hibernate: 
    select
        b1_0.id,
        b1_0.attendees,
        b1_0.check_in_time,
        b1_0.check_out_time,
        b1_0.created_at,
        b1_0.date,
        b1_0.end_time,
        b1_0.expired_at,
        b1_0.extension_count,
        b1_0.facility_id,
        b1_0.is_recurring,
        b1_0.max_extensions,
        b1_0.notes,
        b1_0.original_end_time,
        b1_0.purpose,
        b1_0.recurrence_rule,
        b1_0.reminder_sent,
        b1_0.start_time,
        b1_0.status,
        b1_0.updated_at,
        b1_0.user_id 
    from
        bookings b1_0 
    where
        b1_0.status in (?, ?)
Hibernate: 
    select
        b1_0.id,
        b1_0.attendees,
        b1_0.check_in_time,
        b1_0.check_out_time,
        b1_0.created_at,
        b1_0.date,
        b1_0.end_time,
        b1_0.expired_at,
        b1_0.extension_count,
        b1_0.facility_id,
        b1_0.is_recurring,
        b1_0.max_extensions,
        b1_0.notes,
        b1_0.original_end_time,
        b1_0.purpose,
        b1_0.recurrence_rule,
        b1_0.reminder_sent,
        b1_0.start_time,
        b1_0.status,
        b1_0.updated_at,
        b1_0.user_id 
    from
        bookings b1_0 
    where
        b1_0.status in (?, ?)
Hibernate: 
    select
        b1_0.id,
        b1_0.attendees,
        b1_0.check_in_time,
        b1_0.check_out_time,
        b1_0.created_at,
        b1_0.date,
        b1_0.end_time,
        b1_0.expired_at,
        b1_0.extension_count,
        b1_0.facility_id,
        b1_0.is_recurring,
        b1_0.max_extensions,
        b1_0.notes,
        b1_0.original_end_time,
        b1_0.purpose,
        b1_0.recurrence_rule,
        b1_0.reminder_sent,
        b1_0.start_time,
        b1_0.status,
        b1_0.updated_at,
        b1_0.user_id 
    from
        bookings b1_0 
    where
        b1_0.status in (?, ?)
Hibernate: 
    select
        b1_0.id,
        b1_0.attendees,
        b1_0.check_in_time,
        b1_0.check_out_time,
        b1_0.created_at,
        b1_0.date,
        b1_0.end_time,
        b1_0.expired_at,
        b1_0.extension_count,
        b1_0.facility_id,
        b1_0.is_recurring,
        b1_0.max_extensions,
        b1_0.notes,
        b1_0.original_end_time,
        b1_0.purpose,
        b1_0.recurrence_rule,
        b1_0.reminder_sent,
        b1_0.start_time,
        b1_0.status,
        b1_0.updated_at,
        b1_0.user_id 
    from
        bookings b1_0 
    where
        b1_0.status in (?, ?)
Hibernate: 
    select
        b1_0.id,
        b1_0.attendees,
        b1_0.check_in_time,
        b1_0.check_out_time,
        b1_0.created_at,
        b1_0.date,
        b1_0.end_time,
        b1_0.expired_at,
        b1_0.extension_count,
        b1_0.facility_id,
        b1_0.is_recurring,
        b1_0.max_extensions,
        b1_0.notes,
        b1_0.original_end_time,
        b1_0.purpose,
        b1_0.recurrence_rule,
        b1_0.reminder_sent,
        b1_0.start_time,
        b1_0.status,
        b1_0.updated_at,
        b1_0.user_id 
    from
        bookings b1_0 
    where
        b1_0.status in (?, ?)
Hibernate: 
    select
        b1_0.id,
        b1_0.attendees,
        b1_0.check_in_time,
        b1_0.check_out_time,
        b1_0.created_at,
        b1_0.date,
        b1_0.end_time,
        b1_0.expired_at,
        b1_0.extension_count,
        b1_0.facility_id,
        b1_0.is_recurring,
        b1_0.max_extensions,
        b1_0.notes,
        b1_0.original_end_time,
        b1_0.purpose,
        b1_0.recurrence_rule,
        b1_0.reminder_sent,
        b1_0.start_time,
        b1_0.status,
        b1_0.updated_at,
        b1_0.user_id 
    from
        bookings b1_0 
    where
        b1_0.status in (?, ?)
Hibernate: 
    select
        b1_0.id,
        b1_0.attendees,
        b1_0.check_in_time,
        b1_0.check_out_time,
        b1_0.created_at,
        b1_0.date,
        b1_0.end_time,
        b1_0.expired_at,
        b1_0.extension_count,
        b1_0.facility_id,
        b1_0.is_recurring,
        b1_0.max_extensions,
        b1_0.notes,
        b1_0.original_end_time,
        b1_0.purpose,
        b1_0.recurrence_rule,
        b1_0.reminder_sent,
        b1_0.start_time,
        b1_0.status,
        b1_0.updated_at,
        b1_0.user_id 
    from
        bookings b1_0 
    where
        b1_0.status in (?, ?)
Hibernate: 
    select
        b1_0.id,
        b1_0.attendees,
        b1_0.check_in_time,
        b1_0.check_out_time,
        b1_0.created_at,
        b1_0.date,
        b1_0.end_time,
        b1_0.expired_at,
        b1_0.extension_count,
        b1_0.facility_id,
        b1_0.is_recurring,
        b1_0.max_extensions,
        b1_0.notes,
        b1_0.original_end_time,
        b1_0.purpose,
        b1_0.recurrence_rule,
        b1_0.reminder_sent,
        b1_0.start_time,
        b1_0.status,
        b1_0.updated_at,
        b1_0.user_id 
    from
        bookings b1_0 
    where
        b1_0.status in (?, ?)
Hibernate: 
    select
        b1_0.id,
        b1_0.attendees,
        b1_0.check_in_time,
        b1_0.check_out_time,
        b1_0.created_at,
        b1_0.date,
        b1_0.end_time,
        b1_0.expired_at,
        b1_0.extension_count,
        b1_0.facility_id,
        b1_0.is_recurring,
        b1_0.max_extensions,
        b1_0.notes,
        b1_0.original_end_time,
        b1_0.purpose,
        b1_0.recurrence_rule,
        b1_0.reminder_sent,
        b1_0.start_time,
        b1_0.status,
        b1_0.updated_at,
        b1_0.user_id 
    from
        bookings b1_0 
    where
        b1_0.status in (?, ?)
Hibernate: 
    select
        b1_0.id,
        b1_0.attendees,
        b1_0.check_in_time,
        b1_0.check_out_time,
        b1_0.created_at,
        b1_0.date,
        b1_0.end_time,
        b1_0.expired_at,
        b1_0.extension_count,
        b1_0.facility_id,
        b1_0.is_recurring,
        b1_0.max_extensions,
        b1_0.notes,
        b1_0.original_end_time,
        b1_0.purpose,
        b1_0.recurrence_rule,
        b1_0.reminder_sent,
        b1_0.start_time,
        b1_0.status,
        b1_0.updated_at,
        b1_0.user_id 
    from
        bookings b1_0 
    where
        b1_0.status in (?, ?)
Hibernate: 
    select
        b1_0.id,
        b1_0.attendees,
        b1_0.check_in_time,
        b1_0.check_out_time,
        b1_0.created_at,
        b1_0.date,
        b1_0.end_time,
        b1_0.expired_at,
        b1_0.extension_count,
        b1_0.facility_id,
        b1_0.is_recurring,
        b1_0.max_extensions,
        b1_0.notes,
        b1_0.original_end_time,
        b1_0.purpose,
        b1_0.recurrence_rule,
        b1_0.reminder_sent,
        b1_0.start_time,
        b1_0.status,
        b1_0.updated_at,
        b1_0.user_id 
    from
        bookings b1_0 
    where
        b1_0.status in (?, ?)
Hibernate: 
    select
        b1_0.id,
        b1_0.attendees,
        b1_0.check_in_time,
        b1_0.check_out_time,
        b1_0.created_at,
        b1_0.date,
        b1_0.end_time,
        b1_0.expired_at,
        b1_0.extension_count,
        b1_0.facility_id,
        b1_0.is_recurring,
        b1_0.max_extensions,
        b1_0.notes,
        b1_0.original_end_time,
        b1_0.purpose,
        b1_0.recurrence_rule,
        b1_0.reminder_sent,
        b1_0.start_time,
        b1_0.status,
        b1_0.updated_at,
        b1_0.user_id 
    from
        bookings b1_0 
    where
        b1_0.status in (?, ?)
Hibernate: 
    select
        b1_0.id,
        b1_0.attendees,
        b1_0.check_in_time,
        b1_0.check_out_time,
        b1_0.created_at,
        b1_0.date,
        b1_0.end_time,
        b1_0.expired_at,
        b1_0.extension_count,
        b1_0.facility_id,
        b1_0.is_recurring,
        b1_0.max_extensions,
        b1_0.notes,
        b1_0.original_end_time,
        b1_0.purpose,
        b1_0.recurrence_rule,
        b1_0.reminder_sent,
        b1_0.start_time,
        b1_0.status,
        b1_0.updated_at,
        b1_0.user_id 
    from
        bookings b1_0 
    where
        b1_0.status in (?, ?)
Hibernate: 
    select
        b1_0.id,
        b1_0.attendees,
        b1_0.check_in_time,
        b1_0.check_out_time,
        b1_0.created_at,
        b1_0.date,
        b1_0.end_time,
        b1_0.expired_at,
        b1_0.extension_count,
        b1_0.facility_id,
        b1_0.is_recurring,
        b1_0.max_extensions,
        b1_0.notes,
        b1_0.original_end_time,
        b1_0.purpose,
        b1_0.recurrence_rule,
        b1_0.reminder_sent,
        b1_0.start_time,
        b1_0.status,
        b1_0.updated_at,
        b1_0.user_id 
    from
        bookings b1_0 
    where
        b1_0.status in (?, ?)
Hibernate: 
    select
        b1_0.id,
        b1_0.attendees,
        b1_0.check_in_time,
        b1_0.check_out_time,
        b1_0.created_at,
        b1_0.date,
        b1_0.end_time,
        b1_0.expired_at,
        b1_0.extension_count,
        b1_0.facility_id,
        b1_0.is_recurring,
        b1_0.max_extensions,
        b1_0.notes,
        b1_0.original_end_time,
        b1_0.purpose,
        b1_0.recurrence_rule,
        b1_0.reminder_sent,
        b1_0.start_time,
        b1_0.status,
        b1_0.updated_at,
        b1_0.user_id 
    from
        bookings b1_0 
    where
        b1_0.status in (?, ?)
Hibernate: 
    select
        b1_0.id,
        b1_0.attendees,
        b1_0.check_in_time,
        b1_0.check_out_time,
        b1_0.created_at,
        b1_0.date,
        b1_0.end_time,
        b1_0.expired_at,
        b1_0.extension_count,
        b1_0.facility_id,
        b1_0.is_recurring,
        b1_0.max_extensions,
        b1_0.notes,
        b1_0.original_end_time,
        b1_0.purpose,
        b1_0.recurrence_rule,
        b1_0.reminder_sent,
        b1_0.start_time,
        b1_0.status,
        b1_0.updated_at,
        b1_0.user_id 
    from
        bookings b1_0 
    where
        b1_0.status in (?, ?)
Hibernate: 
    select
        b1_0.id,
        b1_0.attendees,
        b1_0.check_in_time,
        b1_0.check_out_time,
        b1_0.created_at,
        b1_0.date,
        b1_0.end_time,
        b1_0.expired_at,
        b1_0.extension_count,
        b1_0.facility_id,
        b1_0.is_recurring,
        b1_0.max_extensions,
        b1_0.notes,
        b1_0.original_end_time,
        b1_0.purpose,
        b1_0.recurrence_rule,
        b1_0.reminder_sent,
        b1_0.start_time,
        b1_0.status,
        b1_0.updated_at,
        b1_0.user_id 
    from
        bookings b1_0 
    where
        b1_0.status in (?, ?)
Hibernate: 
    select
        b1_0.id,
        b1_0.attendees,
        b1_0.check_in_time,
        b1_0.check_out_time,
        b1_0.created_at,
        b1_0.date,
        b1_0.end_time,
        b1_0.expired_at,
        b1_0.extension_count,
        b1_0.facility_id,
        b1_0.is_recurring,
        b1_0.max_extensions,
        b1_0.notes,
        b1_0.original_end_time,
        b1_0.purpose,
        b1_0.recurrence_rule,
        b1_0.reminder_sent,
        b1_0.start_time,
        b1_0.status,
        b1_0.updated_at,
        b1_0.user_id 
    from
        bookings b1_0 
    where
        b1_0.status in (?, ?)
Hibernate: 
    select
        b1_0.id,
        b1_0.attendees,
        b1_0.check_in_time,
        b1_0.check_out_time,
        b1_0.created_at,
        b1_0.date,
        b1_0.end_time,
        b1_0.expired_at,
        b1_0.extension_count,
        b1_0.facility_id,
        b1_0.is_recurring,
        b1_0.max_extensions,
        b1_0.notes,
        b1_0.original_end_time,
        b1_0.purpose,
        b1_0.recurrence_rule,
        b1_0.reminder_sent,
        b1_0.start_time,
        b1_0.status,
        b1_0.updated_at,
        b1_0.user_id 
    from
        bookings b1_0 
    where
        b1_0.status in (?, ?)
Hibernate: 
    select
        b1_0.id,
        b1_0.attendees,
        b1_0.check_in_time,
        b1_0.check_out_time,
        b1_0.created_at,
        b1_0.date,
        b1_0.end_time,
        b1_0.expired_at,
        b1_0.extension_count,
        b1_0.facility_id,
        b1_0.is_recurring,
        b1_0.max_extensions,
        b1_0.notes,
        b1_0.original_end_time,
        b1_0.purpose,
        b1_0.recurrence_rule,
        b1_0.reminder_sent,
        b1_0.start_time,
        b1_0.status,
        b1_0.updated_at,
        b1_0.user_id 
    from
        bookings b1_0 
    where
        b1_0.status in (?, ?)
Hibernate: 
    select
        b1_0.id,
        b1_0.attendees,
        b1_0.check_in_time,
        b1_0.check_out_time,
        b1_0.created_at,
        b1_0.date,
        b1_0.end_time,
        b1_0.expired_at,
        b1_0.extension_count,
        b1_0.facility_id,
        b1_0.is_recurring,
        b1_0.max_extensions,
        b1_0.notes,
        b1_0.original_end_time,
        b1_0.purpose,
        b1_0.recurrence_rule,
        b1_0.reminder_sent,
        b1_0.start_time,
        b1_0.status,
        b1_0.updated_at,
        b1_0.user_id 
    from
        bookings b1_0 
    where
        b1_0.status in (?, ?)
Hibernate: 
    select
        b1_0.id,
        b1_0.attendees,
        b1_0.check_in_time,
        b1_0.check_out_time,
        b1_0.created_at,
        b1_0.date,
        b1_0.end_time,
        b1_0.expired_at,
        b1_0.extension_count,
        b1_0.facility_id,
        b1_0.is_recurring,
        b1_0.max_extensions,
        b1_0.notes,
        b1_0.original_end_time,
        b1_0.purpose,
        b1_0.recurrence_rule,
        b1_0.reminder_sent,
        b1_0.start_time,
        b1_0.status,
        b1_0.updated_at,
        b1_0.user_id 
    from
        bookings b1_0 
    where
        b1_0.status in (?, ?)
Hibernate: 
    select
        b1_0.id,
        b1_0.attendees,
        b1_0.check_in_time,
        b1_0.check_out_time,
        b1_0.created_at,
        b1_0.date,
        b1_0.end_time,
        b1_0.expired_at,
        b1_0.extension_count,
        b1_0.facility_id,
        b1_0.is_recurring,
        b1_0.max_extensions,
        b1_0.notes,
        b1_0.original_end_time,
        b1_0.purpose,
        b1_0.recurrence_rule,
        b1_0.reminder_sent,
        b1_0.start_time,
        b1_0.status,
        b1_0.updated_at,
        b1_0.user_id 
    from
        bookings b1_0 
    where
        b1_0.status in (?, ?)
Hibernate: 
    select
        b1_0.id,
        b1_0.attendees,
        b1_0.check_in_time,
        b1_0.check_out_time,
        b1_0.created_at,
        b1_0.date,
        b1_0.end_time,
        b1_0.expired_at,
        b1_0.extension_count,
        b1_0.facility_id,
        b1_0.is_recurring,
        b1_0.max_extensions,
        b1_0.notes,
        b1_0.original_end_time,
        b1_0.purpose,
        b1_0.recurrence_rule,
        b1_0.reminder_sent,
        b1_0.start_time,
        b1_0.status,
        b1_0.updated_at,
        b1_0.user_id 
    from
        bookings b1_0 
    where
        b1_0.status in (?, ?)
Hibernate: 
    select
        b1_0.id,
        b1_0.attendees,
        b1_0.check_in_time,
        b1_0.check_out_time,
        b1_0.created_at,
        b1_0.date,
        b1_0.end_time,
        b1_0.expired_at,
        b1_0.extension_count,
        b1_0.facility_id,
        b1_0.is_recurring,
        b1_0.max_extensions,
        b1_0.notes,
        b1_0.original_end_time,
        b1_0.purpose,
        b1_0.recurrence_rule,
        b1_0.reminder_sent,
        b1_0.start_time,
        b1_0.status,
        b1_0.updated_at,
        b1_0.user_id 
    from
        bookings b1_0 
    where
        b1_0.status in (?, ?)
Hibernate: 
    select
        b1_0.id,
        b1_0.attendees,
        b1_0.check_in_time,
        b1_0.check_out_time,
        b1_0.created_at,
        b1_0.date,
        b1_0.end_time,
        b1_0.expired_at,
        b1_0.extension_count,
        b1_0.facility_id,
        b1_0.is_recurring,
        b1_0.max_extensions,
        b1_0.notes,
        b1_0.original_end_time,
        b1_0.purpose,
        b1_0.recurrence_rule,
        b1_0.reminder_sent,
        b1_0.start_time,
        b1_0.status,
        b1_0.updated_at,
        b1_0.user_id 
    from
        bookings b1_0 
    where
        b1_0.status in (?, ?)
Hibernate: 
    select
        b1_0.id,
        b1_0.attendees,
        b1_0.check_in_time,
        b1_0.check_out_time,
        b1_0.created_at,
        b1_0.date,
        b1_0.end_time,
        b1_0.expired_at,
        b1_0.extension_count,
        b1_0.facility_id,
        b1_0.is_recurring,
        b1_0.max_extensions,
        b1_0.notes,
        b1_0.original_end_time,
        b1_0.purpose,
        b1_0.recurrence_rule,
        b1_0.reminder_sent,
        b1_0.start_time,
        b1_0.status,
        b1_0.updated_at,
        b1_0.user_id 
    from
        bookings b1_0 
    where
        b1_0.status in (?, ?)
Hibernate: 
    select
        b1_0.id,
        b1_0.attendees,
        b1_0.check_in_time,
        b1_0.check_out_time,
        b1_0.created_at,
        b1_0.date,
        b1_0.end_time,
        b1_0.expired_at,
        b1_0.extension_count,
        b1_0.facility_id,
        b1_0.is_recurring,
        b1_0.max_extensions,
        b1_0.notes,
        b1_0.original_end_time,
        b1_0.purpose,
        b1_0.recurrence_rule,
        b1_0.reminder_sent,
        b1_0.start_time,
        b1_0.status,
        b1_0.updated_at,
        b1_0.user_id 
    from
        bookings b1_0 
    where
        b1_0.status in (?, ?)
Hibernate: 
    select
        b1_0.id,
        b1_0.attendees,
        b1_0.check_in_time,
        b1_0.check_out_time,
        b1_0.created_at,
        b1_0.date,
        b1_0.end_time,
        b1_0.expired_at,
        b1_0.extension_count,
        b1_0.facility_id,
        b1_0.is_recurring,
        b1_0.max_extensions,
        b1_0.notes,
        b1_0.original_end_time,
        b1_0.purpose,
        b1_0.recurrence_rule,
        b1_0.reminder_sent,
        b1_0.start_time,
        b1_0.status,
        b1_0.updated_at,
        b1_0.user_id 
    from
        bookings b1_0 
    where
        b1_0.status in (?, ?)
Hibernate: 
    select
        b1_0.id,
        b1_0.attendees,
        b1_0.check_in_time,
        b1_0.check_out_time,
        b1_0.created_at,
        b1_0.date,
        b1_0.end_time,
        b1_0.expired_at,
        b1_0.extension_count,
        b1_0.facility_id,
        b1_0.is_recurring,
        b1_0.max_extensions,
        b1_0.notes,
        b1_0.original_end_time,
        b1_0.purpose,
        b1_0.recurrence_rule,
        b1_0.reminder_sent,
        b1_0.start_time,
        b1_0.status,
        b1_0.updated_at,
        b1_0.user_id 
    from
        bookings b1_0 
    where
        b1_0.status in (?, ?)
Hibernate: 
    select
        b1_0.id,
        b1_0.attendees,
        b1_0.check_in_time,
        b1_0.check_out_time,
        b1_0.created_at,
        b1_0.date,
        b1_0.end_time,
        b1_0.expired_at,
        b1_0.extension_count,
        b1_0.facility_id,
        b1_0.is_recurring,
        b1_0.max_extensions,
        b1_0.notes,
        b1_0.original_end_time,
        b1_0.purpose,
        b1_0.recurrence_rule,
        b1_0.reminder_sent,
        b1_0.start_time,
        b1_0.status,
        b1_0.updated_at,
        b1_0.user_id 
    from
        bookings b1_0 
    where
        b1_0.status in (?, ?)
Hibernate: 
    select
        b1_0.id,
        b1_0.attendees,
        b1_0.check_in_time,
        b1_0.check_out_time,
        b1_0.created_at,
        b1_0.date,
        b1_0.end_time,
        b1_0.expired_at,
        b1_0.extension_count,
        b1_0.facility_id,
        b1_0.is_recurring,
        b1_0.max_extensions,
        b1_0.notes,
        b1_0.original_end_time,
        b1_0.purpose,
        b1_0.recurrence_rule,
        b1_0.reminder_sent,
        b1_0.start_time,
        b1_0.status,
        b1_0.updated_at,
        b1_0.user_id 
    from
        bookings b1_0 
    where
        b1_0.status in (?, ?)
Hibernate: 
    select
        b1_0.id,
        b1_0.attendees,
        b1_0.check_in_time,
        b1_0.check_out_time,
        b1_0.created_at,
        b1_0.date,
        b1_0.end_time,
        b1_0.expired_at,
        b1_0.extension_count,
        b1_0.facility_id,
        b1_0.is_recurring,
        b1_0.max_extensions,
        b1_0.notes,
        b1_0.original_end_time,
        b1_0.purpose,
        b1_0.recurrence_rule,
        b1_0.reminder_sent,
        b1_0.start_time,
        b1_0.status,
        b1_0.updated_at,
        b1_0.user_id 
    from
        bookings b1_0 
    where
        b1_0.status in (?, ?)
Hibernate: 
    select
        b1_0.id,
        b1_0.attendees,
        b1_0.check_in_time,
        b1_0.check_out_time,
        b1_0.created_at,
        b1_0.date,
        b1_0.end_time,
        b1_0.expired_at,
        b1_0.extension_count,
        b1_0.facility_id,
        b1_0.is_recurring,
        b1_0.max_extensions,
        b1_0.notes,
        b1_0.original_end_time,
        b1_0.purpose,
        b1_0.recurrence_rule,
        b1_0.reminder_sent,
        b1_0.start_time,
        b1_0.status,
        b1_0.updated_at,
        b1_0.user_id 
    from
        bookings b1_0 
    where
        b1_0.status in (?, ?)
Hibernate: 
    select
        b1_0.id,
        b1_0.attendees,
        b1_0.check_in_time,
        b1_0.check_out_time,
        b1_0.created_at,
        b1_0.date,
        b1_0.end_time,
        b1_0.expired_at,
        b1_0.extension_count,
        b1_0.facility_id,
        b1_0.is_recurring,
        b1_0.max_extensions,
        b1_0.notes,
        b1_0.original_end_time,
        b1_0.purpose,
        b1_0.recurrence_rule,
        b1_0.reminder_sent,
        b1_0.start_time,
        b1_0.status,
        b1_0.updated_at,
        b1_0.user_id 
    from
        bookings b1_0 
    where
        b1_0.status in (?, ?)
Hibernate: 
    select
        b1_0.id,
        b1_0.attendees,
        b1_0.check_in_time,
        b1_0.check_out_time,
        b1_0.created_at,
        b1_0.date,
        b1_0.end_time,
        b1_0.expired_at,
        b1_0.extension_count,
        b1_0.facility_id,
        b1_0.is_recurring,
        b1_0.max_extensions,
        b1_0.notes,
        b1_0.original_end_time,
        b1_0.purpose,
        b1_0.recurrence_rule,
        b1_0.reminder_sent,
        b1_0.start_time,
        b1_0.status,
        b1_0.updated_at,
        b1_0.user_id 
    from
        bookings b1_0 
    where
        b1_0.status in (?, ?)
Hibernate: 
    select
        b1_0.id,
        b1_0.attendees,
        b1_0.check_in_time,
        b1_0.check_out_time,
        b1_0.created_at,
        b1_0.date,
        b1_0.end_time,
        b1_0.expired_at,
        b1_0.extension_count,
        b1_0.facility_id,
        b1_0.is_recurring,
        b1_0.max_extensions,
        b1_0.notes,
        b1_0.original_end_time,
        b1_0.purpose,
        b1_0.recurrence_rule,
        b1_0.reminder_sent,
        b1_0.start_time,
        b1_0.status,
        b1_0.updated_at,
        b1_0.user_id 
    from
        bookings b1_0 
    where
        b1_0.status in (?, ?)
Hibernate: 
    select
        b1_0.id,
        b1_0.attendees,
        b1_0.check_in_time,
        b1_0.check_out_time,
        b1_0.created_at,
        b1_0.date,
        b1_0.end_time,
        b1_0.expired_at,
        b1_0.extension_count,
        b1_0.facility_id,
        b1_0.is_recurring,
        b1_0.max_extensions,
        b1_0.notes,
        b1_0.original_end_time,
        b1_0.purpose,
        b1_0.recurrence_rule,
        b1_0.reminder_sent,
        b1_0.start_time,
        b1_0.status,
        b1_0.updated_at,
        b1_0.user_id 
    from
        bookings b1_0 
    where
        b1_0.status in (?, ?)
Hibernate: 
    select
        b1_0.id,
        b1_0.attendees,
        b1_0.check_in_time,
        b1_0.check_out_time,
        b1_0.created_at,
        b1_0.date,
        b1_0.end_time,
        b1_0.expired_at,
        b1_0.extension_count,
        b1_0.facility_id,
        b1_0.is_recurring,
        b1_0.max_extensions,
        b1_0.notes,
        b1_0.original_end_time,
        b1_0.purpose,
        b1_0.recurrence_rule,
        b1_0.reminder_sent,
        b1_0.start_time,
        b1_0.status,
        b1_0.updated_at,
        b1_0.user_id 
    from
        bookings b1_0 
    where
        b1_0.status in (?, ?)
Hibernate: 
    select
        b1_0.id,
        b1_0.attendees,
        b1_0.check_in_time,
        b1_0.check_out_time,
        b1_0.created_at,
        b1_0.date,
        b1_0.end_time,
        b1_0.expired_at,
        b1_0.extension_count,
        b1_0.facility_id,
        b1_0.is_recurring,
        b1_0.max_extensions,
        b1_0.notes,
        b1_0.original_end_time,
        b1_0.purpose,
        b1_0.recurrence_rule,
        b1_0.reminder_sent,
        b1_0.start_time,
        b1_0.status,
        b1_0.updated_at,
        b1_0.user_id 
    from
        bookings b1_0 
    where
        b1_0.status in (?, ?)
Hibernate: 
    select
        b1_0.id,
        b1_0.attendees,
        b1_0.check_in_time,
        b1_0.check_out_time,
        b1_0.created_at,
        b1_0.date,
        b1_0.end_time,
        b1_0.expired_at,
        b1_0.extension_count,
        b1_0.facility_id,
        b1_0.is_recurring,
        b1_0.max_extensions,
        b1_0.notes,
        b1_0.original_end_time,
        b1_0.purpose,
        b1_0.recurrence_rule,
        b1_0.reminder_sent,
        b1_0.start_time,
        b1_0.status,
        b1_0.updated_at,
        b1_0.user_id 
    from
        bookings b1_0 
    where
        b1_0.status in (?, ?)
Hibernate: 
    select
        b1_0.id,
        b1_0.attendees,
        b1_0.check_in_time,
        b1_0.check_out_time,
        b1_0.created_at,
        b1_0.date,
        b1_0.end_time,
        b1_0.expired_at,
        b1_0.extension_count,
        b1_0.facility_id,
        b1_0.is_recurring,
        b1_0.max_extensions,
        b1_0.notes,
        b1_0.original_end_time,
        b1_0.purpose,
        b1_0.recurrence_rule,
        b1_0.reminder_sent,
        b1_0.start_time,
        b1_0.status,
        b1_0.updated_at,
        b1_0.user_id 
    from
        bookings b1_0 
    where
        b1_0.status in (?, ?)
Hibernate: 
    select
        b1_0.id,
        b1_0.attendees,
        b1_0.check_in_time,
        b1_0.check_out_time,
        b1_0.created_at,
        b1_0.date,
        b1_0.end_time,
        b1_0.expired_at,
        b1_0.extension_count,
        b1_0.facility_id,
        b1_0.is_recurring,
        b1_0.max_extensions,
        b1_0.notes,
        b1_0.original_end_time,
        b1_0.purpose,
        b1_0.recurrence_rule,
        b1_0.reminder_sent,
        b1_0.start_time,
        b1_0.status,
        b1_0.updated_at,
        b1_0.user_id 
    from
        bookings b1_0 
    where
        b1_0.status in (?, ?)
Hibernate: 
    select
        b1_0.id,
        b1_0.attendees,
        b1_0.check_in_time,
        b1_0.check_out_time,
        b1_0.created_at,
        b1_0.date,
        b1_0.end_time,
        b1_0.expired_at,
        b1_0.extension_count,
        b1_0.facility_id,
        b1_0.is_recurring,
        b1_0.max_extensions,
        b1_0.notes,
        b1_0.original_end_time,
        b1_0.purpose,
        b1_0.recurrence_rule,
        b1_0.reminder_sent,
        b1_0.start_time,
        b1_0.status,
        b1_0.updated_at,
        b1_0.user_id 
    from
        bookings b1_0 
    where
        b1_0.status in (?, ?)
Hibernate: 
    select
        b1_0.id,
        b1_0.attendees,
        b1_0.check_in_time,
        b1_0.check_out_time,
        b1_0.created_at,
        b1_0.date,
        b1_0.end_time,
        b1_0.expired_at,
        b1_0.extension_count,
        b1_0.facility_id,
        b1_0.is_recurring,
        b1_0.max_extensions,
        b1_0.notes,
        b1_0.original_end_time,
        b1_0.purpose,
        b1_0.recurrence_rule,
        b1_0.reminder_sent,
        b1_0.start_time,
        b1_0.status,
        b1_0.updated_at,
        b1_0.user_id 
    from
        bookings b1_0 
    where
        b1_0.status in (?, ?)
Hibernate: 
    select
        b1_0.id,
        b1_0.attendees,
        b1_0.check_in_time,
        b1_0.check_out_time,
        b1_0.created_at,
        b1_0.date,
        b1_0.end_time,
        b1_0.expired_at,
        b1_0.extension_count,
        b1_0.facility_id,
        b1_0.is_recurring,
        b1_0.max_extensions,
        b1_0.notes,
        b1_0.original_end_time,
        b1_0.purpose,
        b1_0.recurrence_rule,
        b1_0.reminder_sent,
        b1_0.start_time,
        b1_0.status,
        b1_0.updated_at,
        b1_0.user_id 
    from
        bookings b1_0 
    where
        b1_0.status in (?, ?)
Hibernate: 
    select
        b1_0.id,
        b1_0.attendees,
        b1_0.check_in_time,
        b1_0.check_out_time,
        b1_0.created_at,
        b1_0.date,
        b1_0.end_time,
        b1_0.expired_at,
        b1_0.extension_count,
        b1_0.facility_id,
        b1_0.is_recurring,
        b1_0.max_extensions,
        b1_0.notes,
        b1_0.original_end_time,
        b1_0.purpose,
        b1_0.recurrence_rule,
        b1_0.reminder_sent,
        b1_0.start_time,
        b1_0.status,
        b1_0.updated_at,
        b1_0.user_id 
    from
        bookings b1_0 
    where
        b1_0.status in (?, ?)
Hibernate: 
    select
        b1_0.id,
        b1_0.attendees,
        b1_0.check_in_time,
        b1_0.check_out_time,
        b1_0.created_at,
        b1_0.date,
        b1_0.end_time,
        b1_0.expired_at,
        b1_0.extension_count,
        b1_0.facility_id,
        b1_0.is_recurring,
        b1_0.max_extensions,
        b1_0.notes,
        b1_0.original_end_time,
        b1_0.purpose,
        b1_0.recurrence_rule,
        b1_0.reminder_sent,
        b1_0.start_time,
        b1_0.status,
        b1_0.updated_at,
        b1_0.user_id 
    from
        bookings b1_0 
    where
        b1_0.status in (?, ?)
Hibernate: 
    select
        b1_0.id,
        b1_0.attendees,
        b1_0.check_in_time,
        b1_0.check_out_time,
        b1_0.created_at,
        b1_0.date,
        b1_0.end_time,
        b1_0.expired_at,
        b1_0.extension_count,
        b1_0.facility_id,
        b1_0.is_recurring,
        b1_0.max_extensions,
        b1_0.notes,
        b1_0.original_end_time,
        b1_0.purpose,
        b1_0.recurrence_rule,
        b1_0.reminder_sent,
        b1_0.start_time,
        b1_0.status,
        b1_0.updated_at,
        b1_0.user_id 
    from
        bookings b1_0 
    where
        b1_0.status in (?, ?)
Hibernate: 
    select
        b1_0.id,
        b1_0.attendees,
        b1_0.check_in_time,
        b1_0.check_out_time,
        b1_0.created_at,
        b1_0.date,
        b1_0.end_time,
        b1_0.expired_at,
        b1_0.extension_count,
        b1_0.facility_id,
        b1_0.is_recurring,
        b1_0.max_extensions,
        b1_0.notes,
        b1_0.original_end_time,
        b1_0.purpose,
        b1_0.recurrence_rule,
        b1_0.reminder_sent,
        b1_0.start_time,
        b1_0.status,
        b1_0.updated_at,
        b1_0.user_id 
    from
        bookings b1_0 
    where
        b1_0.status in (?, ?)
Hibernate: 
    select
        b1_0.id,
        b1_0.attendees,
        b1_0.check_in_time,
        b1_0.check_out_time,
        b1_0.created_at,
        b1_0.date,
        b1_0.end_time,
        b1_0.expired_at,
        b1_0.extension_count,
        b1_0.facility_id,
        b1_0.is_recurring,
        b1_0.max_extensions,
        b1_0.notes,
        b1_0.original_end_time,
        b1_0.purpose,
        b1_0.recurrence_rule,
        b1_0.reminder_sent,
        b1_0.start_time,
        b1_0.status,
        b1_0.updated_at,
        b1_0.user_id 
    from
        bookings b1_0 
    where
        b1_0.status in (?, ?)
Hibernate: 
    select
        b1_0.id,
        b1_0.attendees,
        b1_0.check_in_time,
        b1_0.check_out_time,
        b1_0.created_at,
        b1_0.date,
        b1_0.end_time,
        b1_0.expired_at,
        b1_0.extension_count,
        b1_0.facility_id,
        b1_0.is_recurring,
        b1_0.max_extensions,
        b1_0.notes,
        b1_0.original_end_time,
        b1_0.purpose,
        b1_0.recurrence_rule,
        b1_0.reminder_sent,
        b1_0.start_time,
        b1_0.status,
        b1_0.updated_at,
        b1_0.user_id 
    from
        bookings b1_0 
    where
        b1_0.status in (?, ?)
Hibernate: 
    select
        b1_0.id,
        b1_0.attendees,
        b1_0.check_in_time,
        b1_0.check_out_time,
        b1_0.created_at,
        b1_0.date,
        b1_0.end_time,
        b1_0.expired_at,
        b1_0.extension_count,
        b1_0.facility_id,
        b1_0.is_recurring,
        b1_0.max_extensions,
        b1_0.notes,
        b1_0.original_end_time,
        b1_0.purpose,
        b1_0.recurrence_rule,
        b1_0.reminder_sent,
        b1_0.start_time,
        b1_0.status,
        b1_0.updated_at,
        b1_0.user_id 
    from
        bookings b1_0 
    where
        b1_0.status in (?, ?)
Hibernate: 
    select
        b1_0.id,
        b1_0.attendees,
        b1_0.check_in_time,
        b1_0.check_out_time,
        b1_0.created_at,
        b1_0.date,
        b1_0.end_time,
        b1_0.expired_at,
        b1_0.extension_count,
        b1_0.facility_id,
        b1_0.is_recurring,
        b1_0.max_extensions,
        b1_0.notes,
        b1_0.original_end_time,
        b1_0.purpose,
        b1_0.recurrence_rule,
        b1_0.reminder_sent,
        b1_0.start_time,
        b1_0.status,
        b1_0.updated_at,
        b1_0.user_id 
    from
        bookings b1_0 
    where
        b1_0.status in (?, ?)
Hibernate: 
    select
        b1_0.id,
        b1_0.attendees,
        b1_0.check_in_time,
        b1_0.check_out_time,
        b1_0.created_at,
        b1_0.date,
        b1_0.end_time,
        b1_0.expired_at,
        b1_0.extension_count,
        b1_0.facility_id,
        b1_0.is_recurring,
        b1_0.max_extensions,
        b1_0.notes,
        b1_0.original_end_time,
        b1_0.purpose,
        b1_0.recurrence_rule,
        b1_0.reminder_sent,
        b1_0.start_time,
        b1_0.status,
        b1_0.updated_at,
        b1_0.user_id 
    from
        bookings b1_0 
    where
        b1_0.status in (?, ?)
Hibernate: 
    select
        b1_0.id,
        b1_0.attendees,
        b1_0.check_in_time,
        b1_0.check_out_time,
        b1_0.created_at,
        b1_0.date,
        b1_0.end_time,
        b1_0.expired_at,
        b1_0.extension_count,
        b1_0.facility_id,
        b1_0.is_recurring,
        b1_0.max_extensions,
        b1_0.notes,
        b1_0.original_end_time,
        b1_0.purpose,
        b1_0.recurrence_rule,
        b1_0.reminder_sent,
        b1_0.start_time,
        b1_0.status,
        b1_0.updated_at,
        b1_0.user_id 
    from
        bookings b1_0 
    where
        b1_0.status in (?, ?)
Hibernate: 
    select
        b1_0.id,
        b1_0.attendees,
        b1_0.check_in_time,
        b1_0.check_out_time,
        b1_0.created_at,
        b1_0.date,
        b1_0.end_time,
        b1_0.expired_at,
        b1_0.extension_count,
        b1_0.facility_id,
        b1_0.is_recurring,
        b1_0.max_extensions,
        b1_0.notes,
        b1_0.original_end_time,
        b1_0.purpose,
        b1_0.recurrence_rule,
        b1_0.reminder_sent,
        b1_0.start_time,
        b1_0.status,
        b1_0.updated_at,
        b1_0.user_id 
    from
        bookings b1_0 
    where
        b1_0.status in (?, ?)
Hibernate: 
    select
        b1_0.id,
        b1_0.attendees,
        b1_0.check_in_time,
        b1_0.check_out_time,
        b1_0.created_at,
        b1_0.date,
        b1_0.end_time,
        b1_0.expired_at,
        b1_0.extension_count,
        b1_0.facility_id,
        b1_0.is_recurring,
        b1_0.max_extensions,
        b1_0.notes,
        b1_0.original_end_time,
        b1_0.purpose,
        b1_0.recurrence_rule,
        b1_0.reminder_sent,
        b1_0.start_time,
        b1_0.status,
        b1_0.updated_at,
        b1_0.user_id 
    from
        bookings b1_0 
    where
        b1_0.status in (?, ?)
Hibernate: 
    select
        b1_0.id,
        b1_0.attendees,
        b1_0.check_in_time,
        b1_0.check_out_time,
        b1_0.created_at,
        b1_0.date,
        b1_0.end_time,
        b1_0.expired_at,
        b1_0.extension_count,
        b1_0.facility_id,
        b1_0.is_recurring,
        b1_0.max_extensions,
        b1_0.notes,
        b1_0.original_end_time,
        b1_0.purpose,
        b1_0.recurrence_rule,
        b1_0.reminder_sent,
        b1_0.start_time,
        b1_0.status,
        b1_0.updated_at,
        b1_0.user_id 
    from
        bookings b1_0 
    where
        b1_0.status in (?, ?)
Hibernate: 
    select
        b1_0.id,
        b1_0.attendees,
        b1_0.check_in_time,
        b1_0.check_out_time,
        b1_0.created_at,
        b1_0.date,
        b1_0.end_time,
        b1_0.expired_at,
        b1_0.extension_count,
        b1_0.facility_id,
        b1_0.is_recurring,
        b1_0.max_extensions,
        b1_0.notes,
        b1_0.original_end_time,
        b1_0.purpose,
        b1_0.recurrence_rule,
        b1_0.reminder_sent,
        b1_0.start_time,
        b1_0.status,
        b1_0.updated_at,
        b1_0.user_id 
    from
        bookings b1_0 
    where
        b1_0.status in (?, ?)
Hibernate: 
    select
        b1_0.id,
        b1_0.attendees,
        b1_0.check_in_time,
        b1_0.check_out_time,
        b1_0.created_at,
        b1_0.date,
        b1_0.end_time,
        b1_0.expired_at,
        b1_0.extension_count,
        b1_0.facility_id,
        b1_0.is_recurring,
        b1_0.max_extensions,
        b1_0.notes,
        b1_0.original_end_time,
        b1_0.purpose,
        b1_0.recurrence_rule,
        b1_0.reminder_sent,
        b1_0.start_time,
        b1_0.status,
        b1_0.updated_at,
        b1_0.user_id 
    from
        bookings b1_0 
    where
        b1_0.status in (?, ?)
Hibernate: 
    select
        b1_0.id,
        b1_0.attendees,
        b1_0.check_in_time,
        b1_0.check_out_time,
        b1_0.created_at,
        b1_0.date,
        b1_0.end_time,
        b1_0.expired_at,
        b1_0.extension_count,
        b1_0.facility_id,
        b1_0.is_recurring,
        b1_0.max_extensions,
        b1_0.notes,
        b1_0.original_end_time,
        b1_0.purpose,
        b1_0.recurrence_rule,
        b1_0.reminder_sent,
        b1_0.start_time,
        b1_0.status,
        b1_0.updated_at,
        b1_0.user_id 
    from
        bookings b1_0 
    where
        b1_0.status in (?, ?)
Hibernate: 
    select
        b1_0.id,
        b1_0.attendees,
        b1_0.check_in_time,
        b1_0.check_out_time,
        b1_0.created_at,
        b1_0.date,
        b1_0.end_time,
        b1_0.expired_at,
        b1_0.extension_count,
        b1_0.facility_id,
        b1_0.is_recurring,
        b1_0.max_extensions,
        b1_0.notes,
        b1_0.original_end_time,
        b1_0.purpose,
        b1_0.recurrence_rule,
        b1_0.reminder_sent,
        b1_0.start_time,
        b1_0.status,
        b1_0.updated_at,
        b1_0.user_id 
    from
        bookings b1_0 
    where
        b1_0.status in (?, ?)
Hibernate: 
    select
        b1_0.id,
        b1_0.attendees,
        b1_0.check_in_time,
        b1_0.check_out_time,
        b1_0.created_at,
        b1_0.date,
        b1_0.end_time,
        b1_0.expired_at,
        b1_0.extension_count,
        b1_0.facility_id,
        b1_0.is_recurring,
        b1_0.max_extensions,
        b1_0.notes,
        b1_0.original_end_time,
        b1_0.purpose,
        b1_0.recurrence_rule,
        b1_0.reminder_sent,
        b1_0.start_time,
        b1_0.status,
        b1_0.updated_at,
        b1_0.user_id 
    from
        bookings b1_0 
    where
        b1_0.status in (?, ?)
Hibernate: 
    select
        b1_0.id,
        b1_0.attendees,
        b1_0.check_in_time,
        b1_0.check_out_time,
        b1_0.created_at,
        b1_0.date,
        b1_0.end_time,
        b1_0.expired_at,
        b1_0.extension_count,
        b1_0.facility_id,
        b1_0.is_recurring,
        b1_0.max_extensions,
        b1_0.notes,
        b1_0.original_end_time,
        b1_0.purpose,
        b1_0.recurrence_rule,
        b1_0.reminder_sent,
        b1_0.start_time,
        b1_0.status,
        b1_0.updated_at,
        b1_0.user_id 
    from
        bookings b1_0 
    where
        b1_0.status in (?, ?)
Hibernate: 
    select
        b1_0.id,
        b1_0.attendees,
        b1_0.check_in_time,
        b1_0.check_out_time,
        b1_0.created_at,
        b1_0.date,
        b1_0.end_time,
        b1_0.expired_at,
        b1_0.extension_count,
        b1_0.facility_id,
        b1_0.is_recurring,
        b1_0.max_extensions,
        b1_0.notes,
        b1_0.original_end_time,
        b1_0.purpose,
        b1_0.recurrence_rule,
        b1_0.reminder_sent,
        b1_0.start_time,
        b1_0.status,
        b1_0.updated_at,
        b1_0.user_id 
    from
        bookings b1_0 
    where
        b1_0.status in (?, ?)
Hibernate: 
    select
        b1_0.id,
        b1_0.attendees,
        b1_0.check_in_time,
        b1_0.check_out_time,
        b1_0.created_at,
        b1_0.date,
        b1_0.end_time,
        b1_0.expired_at,
        b1_0.extension_count,
        b1_0.facility_id,
        b1_0.is_recurring,
        b1_0.max_extensions,
        b1_0.notes,
        b1_0.original_end_time,
        b1_0.purpose,
        b1_0.recurrence_rule,
        b1_0.reminder_sent,
        b1_0.start_time,
        b1_0.status,
        b1_0.updated_at,
        b1_0.user_id 
    from
        bookings b1_0 
    where
        b1_0.status in (?, ?)
Hibernate: 
    select
        b1_0.id,
        b1_0.attendees,
        b1_0.check_in_time,
        b1_0.check_out_time,
        b1_0.created_at,
        b1_0.date,
        b1_0.end_time,
        b1_0.expired_at,
        b1_0.extension_count,
        b1_0.facility_id,
        b1_0.is_recurring,
        b1_0.max_extensions,
        b1_0.notes,
        b1_0.original_end_time,
        b1_0.purpose,
        b1_0.recurrence_rule,
        b1_0.reminder_sent,
        b1_0.start_time,
        b1_0.status,
        b1_0.updated_at,
        b1_0.user_id 
    from
        bookings b1_0 
    where
        b1_0.status in (?, ?)
Hibernate: 
    select
        b1_0.id,
        b1_0.attendees,
        b1_0.check_in_time,
        b1_0.check_out_time,
        b1_0.created_at,
        b1_0.date,
        b1_0.end_time,
        b1_0.expired_at,
        b1_0.extension_count,
        b1_0.facility_id,
        b1_0.is_recurring,
        b1_0.max_extensions,
        b1_0.notes,
        b1_0.original_end_time,
        b1_0.purpose,
        b1_0.recurrence_rule,
        b1_0.reminder_sent,
        b1_0.start_time,
        b1_0.status,
        b1_0.updated_at,
        b1_0.user_id 
    from
        bookings b1_0 
    where
        b1_0.status in (?, ?)
Hibernate: 
    select
        b1_0.id,
        b1_0.attendees,
        b1_0.check_in_time,
        b1_0.check_out_time,
        b1_0.created_at,
        b1_0.date,
        b1_0.end_time,
        b1_0.expired_at,
        b1_0.extension_count,
        b1_0.facility_id,
        b1_0.is_recurring,
        b1_0.max_extensions,
        b1_0.notes,
        b1_0.original_end_time,
        b1_0.purpose,
        b1_0.recurrence_rule,
        b1_0.reminder_sent,
        b1_0.start_time,
        b1_0.status,
        b1_0.updated_at,
        b1_0.user_id 
    from
        bookings b1_0 
    where
        b1_0.status in (?, ?)
Hibernate: 
    select
        b1_0.id,
        b1_0.attendees,
        b1_0.check_in_time,
        b1_0.check_out_time,
        b1_0.created_at,
        b1_0.date,
        b1_0.end_time,
        b1_0.expired_at,
        b1_0.extension_count,
        b1_0.facility_id,
        b1_0.is_recurring,
        b1_0.max_extensions,
        b1_0.notes,
        b1_0.original_end_time,
        b1_0.purpose,
        b1_0.recurrence_rule,
        b1_0.reminder_sent,
        b1_0.start_time,
        b1_0.status,
        b1_0.updated_at,
        b1_0.user_id 
    from
        bookings b1_0 
    where
        b1_0.status in (?, ?)
Hibernate: 
    select
        b1_0.id,
        b1_0.attendees,
        b1_0.check_in_time,
        b1_0.check_out_time,
        b1_0.created_at,
        b1_0.date,
        b1_0.end_time,
        b1_0.expired_at,
        b1_0.extension_count,
        b1_0.facility_id,
        b1_0.is_recurring,
        b1_0.max_extensions,
        b1_0.notes,
        b1_0.original_end_time,
        b1_0.purpose,
        b1_0.recurrence_rule,
        b1_0.reminder_sent,
        b1_0.start_time,
        b1_0.status,
        b1_0.updated_at,
        b1_0.user_id 
    from
        bookings b1_0 
    where
        b1_0.status in (?, ?)
Hibernate: 
    select
        b1_0.id,
        b1_0.attendees,
        b1_0.check_in_time,
        b1_0.check_out_time,
        b1_0.created_at,
        b1_0.date,
        b1_0.end_time,
        b1_0.expired_at,
        b1_0.extension_count,
        b1_0.facility_id,
        b1_0.is_recurring,
        b1_0.max_extensions,
        b1_0.notes,
        b1_0.original_end_time,
        b1_0.purpose,
        b1_0.recurrence_rule,
        b1_0.reminder_sent,
        b1_0.start_time,
        b1_0.status,
        b1_0.updated_at,
        b1_0.user_id 
    from
        bookings b1_0 
    where
        b1_0.status in (?, ?)
Hibernate: 
    select
        b1_0.id,
        b1_0.attendees,
        b1_0.check_in_time,
        b1_0.check_out_time,
        b1_0.created_at,
        b1_0.date,
        b1_0.end_time,
        b1_0.expired_at,
        b1_0.extension_count,
        b1_0.facility_id,
        b1_0.is_recurring,
        b1_0.max_extensions,
        b1_0.notes,
        b1_0.original_end_time,
        b1_0.purpose,
        b1_0.recurrence_rule,
        b1_0.reminder_sent,
        b1_0.start_time,
        b1_0.status,
        b1_0.updated_at,
        b1_0.user_id 
    from
        bookings b1_0 
    where
        b1_0.status in (?, ?)
Hibernate: 
    select
        b1_0.id,
        b1_0.attendees,
        b1_0.check_in_time,
        b1_0.check_out_time,
        b1_0.created_at,
        b1_0.date,
        b1_0.end_time,
        b1_0.expired_at,
        b1_0.extension_count,
        b1_0.facility_id,
        b1_0.is_recurring,
        b1_0.max_extensions,
        b1_0.notes,
        b1_0.original_end_time,
        b1_0.purpose,
        b1_0.recurrence_rule,
        b1_0.reminder_sent,
        b1_0.start_time,
        b1_0.status,
        b1_0.updated_at,
        b1_0.user_id 
    from
        bookings b1_0 
    where
        b1_0.status in (?, ?)
Hibernate: 
    select
        b1_0.id,
        b1_0.attendees,
        b1_0.check_in_time,
        b1_0.check_out_time,
        b1_0.created_at,
        b1_0.date,
        b1_0.end_time,
        b1_0.expired_at,
        b1_0.extension_count,
        b1_0.facility_id,
        b1_0.is_recurring,
        b1_0.max_extensions,
        b1_0.notes,
        b1_0.original_end_time,
        b1_0.purpose,
        b1_0.recurrence_rule,
        b1_0.reminder_sent,
        b1_0.start_time,
        b1_0.status,
        b1_0.updated_at,
        b1_0.user_id 
    from
        bookings b1_0 
    where
        b1_0.status in (?, ?)
Hibernate: 
    select
        b1_0.id,
        b1_0.attendees,
        b1_0.check_in_time,
        b1_0.check_out_time,
        b1_0.created_at,
        b1_0.date,
        b1_0.end_time,
        b1_0.expired_at,
        b1_0.extension_count,
        b1_0.facility_id,
        b1_0.is_recurring,
        b1_0.max_extensions,
        b1_0.notes,
        b1_0.original_end_time,
        b1_0.purpose,
        b1_0.recurrence_rule,
        b1_0.reminder_sent,
        b1_0.start_time,
        b1_0.status,
        b1_0.updated_at,
        b1_0.user_id 
    from
        bookings b1_0 
    where
        b1_0.status in (?, ?)
Hibernate: 
    select
        b1_0.id,
        b1_0.attendees,
        b1_0.check_in_time,
        b1_0.check_out_time,
        b1_0.created_at,
        b1_0.date,
        b1_0.end_time,
        b1_0.expired_at,
        b1_0.extension_count,
        b1_0.facility_id,
        b1_0.is_recurring,
        b1_0.max_extensions,
        b1_0.notes,
        b1_0.original_end_time,
        b1_0.purpose,
        b1_0.recurrence_rule,
        b1_0.reminder_sent,
        b1_0.start_time,
        b1_0.status,
        b1_0.updated_at,
        b1_0.user_id 
    from
        bookings b1_0 
    where
        b1_0.status in (?, ?)
Hibernate: 
    select
        b1_0.id,
        b1_0.attendees,
        b1_0.check_in_time,
        b1_0.check_out_time,
        b1_0.created_at,
        b1_0.date,
        b1_0.end_time,
        b1_0.expired_at,
        b1_0.extension_count,
        b1_0.facility_id,
        b1_0.is_recurring,
        b1_0.max_extensions,
        b1_0.notes,
        b1_0.original_end_time,
        b1_0.purpose,
        b1_0.recurrence_rule,
        b1_0.reminder_sent,
        b1_0.start_time,
        b1_0.status,
        b1_0.updated_at,
        b1_0.user_id 
    from
        bookings b1_0 
    where
        b1_0.status in (?, ?)
Hibernate: 
    select
        b1_0.id,
        b1_0.attendees,
        b1_0.check_in_time,
        b1_0.check_out_time,
        b1_0.created_at,
        b1_0.date,
        b1_0.end_time,
        b1_0.expired_at,
        b1_0.extension_count,
        b1_0.facility_id,
        b1_0.is_recurring,
        b1_0.max_extensions,
        b1_0.notes,
        b1_0.original_end_time,
        b1_0.purpose,
        b1_0.recurrence_rule,
        b1_0.reminder_sent,
        b1_0.start_time,
        b1_0.status,
        b1_0.updated_at,
        b1_0.user_id 
    from
        bookings b1_0 
    where
        b1_0.status in (?, ?)
Hibernate: 
    select
        b1_0.id,
        b1_0.attendees,
        b1_0.check_in_time,
        b1_0.check_out_time,
        b1_0.created_at,
        b1_0.date,
        b1_0.end_time,
        b1_0.expired_at,
        b1_0.extension_count,
        b1_0.facility_id,
        b1_0.is_recurring,
        b1_0.max_extensions,
        b1_0.notes,
        b1_0.original_end_time,
        b1_0.purpose,
        b1_0.recurrence_rule,
        b1_0.reminder_sent,
        b1_0.start_time,
        b1_0.status,
        b1_0.updated_at,
        b1_0.user_id 
    from
        bookings b1_0 
    where
        b1_0.status in (?, ?)
Hibernate: 
    select
        b1_0.id,
        b1_0.attendees,
        b1_0.check_in_time,
        b1_0.check_out_time,
        b1_0.created_at,
        b1_0.date,
        b1_0.end_time,
        b1_0.expired_at,
        b1_0.extension_count,
        b1_0.facility_id,
        b1_0.is_recurring,
        b1_0.max_extensions,
        b1_0.notes,
        b1_0.original_end_time,
        b1_0.purpose,
        b1_0.recurrence_rule,
        b1_0.reminder_sent,
        b1_0.start_time,
        b1_0.status,
        b1_0.updated_at,
        b1_0.user_id 
    from
        bookings b1_0 
    where
        b1_0.status in (?, ?)
Hibernate: 
    select
        b1_0.id,
        b1_0.attendees,
        b1_0.check_in_time,
        b1_0.check_out_time,
        b1_0.created_at,
        b1_0.date,
        b1_0.end_time,
        b1_0.expired_at,
        b1_0.extension_count,
        b1_0.facility_id,
        b1_0.is_recurring,
        b1_0.max_extensions,
        b1_0.notes,
        b1_0.original_end_time,
        b1_0.purpose,
        b1_0.recurrence_rule,
        b1_0.reminder_sent,
        b1_0.start_time,
        b1_0.status,
        b1_0.updated_at,
        b1_0.user_id 
    from
        bookings b1_0 
    where
        b1_0.status in (?, ?)
Hibernate: 
    select
        b1_0.id,
        b1_0.attendees,
        b1_0.check_in_time,
        b1_0.check_out_time,
        b1_0.created_at,
        b1_0.date,
        b1_0.end_time,
        b1_0.expired_at,
        b1_0.extension_count,
        b1_0.facility_id,
        b1_0.is_recurring,
        b1_0.max_extensions,
        b1_0.notes,
        b1_0.original_end_time,
        b1_0.purpose,
        b1_0.recurrence_rule,
        b1_0.reminder_sent,
        b1_0.start_time,
        b1_0.status,
        b1_0.updated_at,
        b1_0.user_id 
    from
        bookings b1_0 
    where
        b1_0.status in (?, ?)
Hibernate: 
    select
        b1_0.id,
        b1_0.attendees,
        b1_0.check_in_time,
        b1_0.check_out_time,
        b1_0.created_at,
        b1_0.date,
        b1_0.end_time,
        b1_0.expired_at,
        b1_0.extension_count,
        b1_0.facility_id,
        b1_0.is_recurring,
        b1_0.max_extensions,
        b1_0.notes,
        b1_0.original_end_time,
        b1_0.purpose,
        b1_0.recurrence_rule,
        b1_0.reminder_sent,
        b1_0.start_time,
        b1_0.status,
        b1_0.updated_at,
        b1_0.user_id 
    from
        bookings b1_0 
    where
        b1_0.status in (?, ?)
Hibernate: 
    select
        b1_0.id,
        b1_0.attendees,
        b1_0.check_in_time,
        b1_0.check_out_time,
        b1_0.created_at,
        b1_0.date,
        b1_0.end_time,
        b1_0.expired_at,
        b1_0.extension_count,
        b1_0.facility_id,
        b1_0.is_recurring,
        b1_0.max_extensions,
        b1_0.notes,
        b1_0.original_end_time,
        b1_0.purpose,
        b1_0.recurrence_rule,
        b1_0.reminder_sent,
        b1_0.start_time,
        b1_0.status,
        b1_0.updated_at,
        b1_0.user_id 
    from
        bookings b1_0 
    where
        b1_0.status in (?, ?)
Hibernate: 
    select
        b1_0.id,
        b1_0.attendees,
        b1_0.check_in_time,
        b1_0.check_out_time,
        b1_0.created_at,
        b1_0.date,
        b1_0.end_time,
        b1_0.expired_at,
        b1_0.extension_count,
        b1_0.facility_id,
        b1_0.is_recurring,
        b1_0.max_extensions,
        b1_0.notes,
        b1_0.original_end_time,
        b1_0.purpose,
        b1_0.recurrence_rule,
        b1_0.reminder_sent,
        b1_0.start_time,
        b1_0.status,
        b1_0.updated_at,
        b1_0.user_id 
    from
        bookings b1_0 
    where
        b1_0.status in (?, ?)
Hibernate: 
    select
        b1_0.id,
        b1_0.attendees,
        b1_0.check_in_time,
        b1_0.check_out_time,
        b1_0.created_at,
        b1_0.date,
        b1_0.end_time,
        b1_0.expired_at,
        b1_0.extension_count,
        b1_0.facility_id,
        b1_0.is_recurring,
        b1_0.max_extensions,
        b1_0.notes,
        b1_0.original_end_time,
        b1_0.purpose,
        b1_0.recurrence_rule,
        b1_0.reminder_sent,
        b1_0.start_time,
        b1_0.status,
        b1_0.updated_at,
        b1_0.user_id 
    from
        bookings b1_0 
    where
        b1_0.status in (?, ?)
Hibernate: 
    select
        b1_0.id,
        b1_0.attendees,
        b1_0.check_in_time,
        b1_0.check_out_time,
        b1_0.created_at,
        b1_0.date,
        b1_0.end_time,
        b1_0.expired_at,
        b1_0.extension_count,
        b1_0.facility_id,
        b1_0.is_recurring,
        b1_0.max_extensions,
        b1_0.notes,
        b1_0.original_end_time,
        b1_0.purpose,
        b1_0.recurrence_rule,
        b1_0.reminder_sent,
        b1_0.start_time,
        b1_0.status,
        b1_0.updated_at,
        b1_0.user_id 
    from
        bookings b1_0 
    where
        b1_0.status in (?, ?)
Hibernate: 
    select
        b1_0.id,
        b1_0.attendees,
        b1_0.check_in_time,
        b1_0.check_out_time,
        b1_0.created_at,
        b1_0.date,
        b1_0.end_time,
        b1_0.expired_at,
        b1_0.extension_count,
        b1_0.facility_id,
        b1_0.is_recurring,
        b1_0.max_extensions,
        b1_0.notes,
        b1_0.original_end_time,
        b1_0.purpose,
        b1_0.recurrence_rule,
        b1_0.reminder_sent,
        b1_0.start_time,
        b1_0.status,
        b1_0.updated_at,
        b1_0.user_id 
    from
        bookings b1_0 
    where
        b1_0.status in (?, ?)
Hibernate: 
    select
        b1_0.id,
        b1_0.attendees,
        b1_0.check_in_time,
        b1_0.check_out_time,
        b1_0.created_at,
        b1_0.date,
        b1_0.end_time,
        b1_0.expired_at,
        b1_0.extension_count,
        b1_0.facility_id,
        b1_0.is_recurring,
        b1_0.max_extensions,
        b1_0.notes,
        b1_0.original_end_time,
        b1_0.purpose,
        b1_0.recurrence_rule,
        b1_0.reminder_sent,
        b1_0.start_time,
        b1_0.status,
        b1_0.updated_at,
        b1_0.user_id 
    from
        bookings b1_0 
    where
        b1_0.status in (?, ?)
Hibernate: 
    select
        b1_0.id,
        b1_0.attendees,
        b1_0.check_in_time,
        b1_0.check_out_time,
        b1_0.created_at,
        b1_0.date,
        b1_0.end_time,
        b1_0.expired_at,
        b1_0.extension_count,
        b1_0.facility_id,
        b1_0.is_recurring,
        b1_0.max_extensions,
        b1_0.notes,
        b1_0.original_end_time,
        b1_0.purpose,
        b1_0.recurrence_rule,
        b1_0.reminder_sent,
        b1_0.start_time,
        b1_0.status,
        b1_0.updated_at,
        b1_0.user_id 
    from
        bookings b1_0 
    where
        b1_0.status in (?, ?)
Hibernate: 
    select
        b1_0.id,
        b1_0.attendees,
        b1_0.check_in_time,
        b1_0.check_out_time,
        b1_0.created_at,
        b1_0.date,
        b1_0.end_time,
        b1_0.expired_at,
        b1_0.extension_count,
        b1_0.facility_id,
        b1_0.is_recurring,
        b1_0.max_extensions,
        b1_0.notes,
        b1_0.original_end_time,
        b1_0.purpose,
        b1_0.recurrence_rule,
        b1_0.reminder_sent,
        b1_0.start_time,
        b1_0.status,
        b1_0.updated_at,
        b1_0.user_id 
    from
        bookings b1_0 
    where
        b1_0.status in (?, ?)
Hibernate: 
    select
        b1_0.id,
        b1_0.attendees,
        b1_0.check_in_time,
        b1_0.check_out_time,
        b1_0.created_at,
        b1_0.date,
        b1_0.end_time,
        b1_0.expired_at,
        b1_0.extension_count,
        b1_0.facility_id,
        b1_0.is_recurring,
        b1_0.max_extensions,
        b1_0.notes,
        b1_0.original_end_time,
        b1_0.purpose,
        b1_0.recurrence_rule,
        b1_0.reminder_sent,
        b1_0.start_time,
        b1_0.status,
        b1_0.updated_at,
        b1_0.user_id 
    from
        bookings b1_0 
    where
        b1_0.status in (?, ?)
Hibernate: 
    select
        b1_0.id,
        b1_0.attendees,
        b1_0.check_in_time,
        b1_0.check_out_time,
        b1_0.created_at,
        b1_0.date,
        b1_0.end_time,
        b1_0.expired_at,
        b1_0.extension_count,
        b1_0.facility_id,
        b1_0.is_recurring,
        b1_0.max_extensions,
        b1_0.notes,
        b1_0.original_end_time,
        b1_0.purpose,
        b1_0.recurrence_rule,
        b1_0.reminder_sent,
        b1_0.start_time,
        b1_0.status,
        b1_0.updated_at,
        b1_0.user_id 
    from
        bookings b1_0 
    where
        b1_0.status in (?, ?)
Hibernate: 
    select
        b1_0.id,
        b1_0.attendees,
        b1_0.check_in_time,
        b1_0.check_out_time,
        b1_0.created_at,
        b1_0.date,
        b1_0.end_time,
        b1_0.expired_at,
        b1_0.extension_count,
        b1_0.facility_id,
        b1_0.is_recurring,
        b1_0.max_extensions,
        b1_0.notes,
        b1_0.original_end_time,
        b1_0.purpose,
        b1_0.recurrence_rule,
        b1_0.reminder_sent,
        b1_0.start_time,
        b1_0.status,
        b1_0.updated_at,
        b1_0.user_id 
    from
        bookings b1_0 
    where
        b1_0.status in (?, ?)
Hibernate: 
    select
        b1_0.id,
        b1_0.attendees,
        b1_0.check_in_time,
        b1_0.check_out_time,
        b1_0.created_at,
        b1_0.date,
        b1_0.end_time,
        b1_0.expired_at,
        b1_0.extension_count,
        b1_0.facility_id,
        b1_0.is_recurring,
        b1_0.max_extensions,
        b1_0.notes,
        b1_0.original_end_time,
        b1_0.purpose,
        b1_0.recurrence_rule,
        b1_0.reminder_sent,
        b1_0.start_time,
        b1_0.status,
        b1_0.updated_at,
        b1_0.user_id 
    from
        bookings b1_0 
    where
        b1_0.status in (?, ?)
Hibernate: 
    select
        b1_0.id,
        b1_0.attendees,
        b1_0.check_in_time,
        b1_0.check_out_time,
        b1_0.created_at,
        b1_0.date,
        b1_0.end_time,
        b1_0.expired_at,
        b1_0.extension_count,
        b1_0.facility_id,
        b1_0.is_recurring,
        b1_0.max_extensions,
        b1_0.notes,
        b1_0.original_end_time,
        b1_0.purpose,
        b1_0.recurrence_rule,
        b1_0.reminder_sent,
        b1_0.start_time,
        b1_0.status,
        b1_0.updated_at,
        b1_0.user_id 
    from
        bookings b1_0 
    where
        b1_0.status in (?, ?)
Hibernate: 
    select
        b1_0.id,
        b1_0.attendees,
        b1_0.check_in_time,
        b1_0.check_out_time,
        b1_0.created_at,
        b1_0.date,
        b1_0.end_time,
        b1_0.expired_at,
        b1_0.extension_count,
        b1_0.facility_id,
        b1_0.is_recurring,
        b1_0.max_extensions,
        b1_0.notes,
        b1_0.original_end_time,
        b1_0.purpose,
        b1_0.recurrence_rule,
        b1_0.reminder_sent,
        b1_0.start_time,
        b1_0.status,
        b1_0.updated_at,
        b1_0.user_id 
    from
        bookings b1_0 
    where
        b1_0.status in (?, ?)
Hibernate: 
    select
        b1_0.id,
        b1_0.attendees,
        b1_0.check_in_time,
        b1_0.check_out_time,
        b1_0.created_at,
        b1_0.date,
        b1_0.end_time,
        b1_0.expired_at,
        b1_0.extension_count,
        b1_0.facility_id,
        b1_0.is_recurring,
        b1_0.max_extensions,
        b1_0.notes,
        b1_0.original_end_time,
        b1_0.purpose,
        b1_0.recurrence_rule,
        b1_0.reminder_sent,
        b1_0.start_time,
        b1_0.status,
        b1_0.updated_at,
        b1_0.user_id 
    from
        bookings b1_0 
    where
        b1_0.status in (?, ?)
Hibernate: 
    select
        b1_0.id,
        b1_0.attendees,
        b1_0.check_in_time,
        b1_0.check_out_time,
        b1_0.created_at,
        b1_0.date,
        b1_0.end_time,
        b1_0.expired_at,
        b1_0.extension_count,
        b1_0.facility_id,
        b1_0.is_recurring,
        b1_0.max_extensions,
        b1_0.notes,
        b1_0.original_end_time,
        b1_0.purpose,
        b1_0.recurrence_rule,
        b1_0.reminder_sent,
        b1_0.start_time,
        b1_0.status,
        b1_0.updated_at,
        b1_0.user_id 
    from
        bookings b1_0 
    where
        b1_0.status in (?, ?)
Hibernate: 
    select
        b1_0.id,
        b1_0.attendees,
        b1_0.check_in_time,
        b1_0.check_out_time,
        b1_0.created_at,
        b1_0.date,
        b1_0.end_time,
        b1_0.expired_at,
        b1_0.extension_count,
        b1_0.facility_id,
        b1_0.is_recurring,
        b1_0.max_extensions,
        b1_0.notes,
        b1_0.original_end_time,
        b1_0.purpose,
        b1_0.recurrence_rule,
        b1_0.reminder_sent,
        b1_0.start_time,
        b1_0.status,
        b1_0.updated_at,
        b1_0.user_id 
    from
        bookings b1_0 
    where
        b1_0.status in (?, ?)
Hibernate: 
    select
        b1_0.id,
        b1_0.attendees,
        b1_0.check_in_time,
        b1_0.check_out_time,
        b1_0.created_at,
        b1_0.date,
        b1_0.end_time,
        b1_0.expired_at,
        b1_0.extension_count,
        b1_0.facility_id,
        b1_0.is_recurring,
        b1_0.max_extensions,
        b1_0.notes,
        b1_0.original_end_time,
        b1_0.purpose,
        b1_0.recurrence_rule,
        b1_0.reminder_sent,
        b1_0.start_time,
        b1_0.status,
        b1_0.updated_at,
        b1_0.user_id 
    from
        bookings b1_0 
    where
        b1_0.status in (?, ?)
Hibernate: 
    select
        b1_0.id,
        b1_0.attendees,
        b1_0.check_in_time,
        b1_0.check_out_time,
        b1_0.created_at,
        b1_0.date,
        b1_0.end_time,
        b1_0.expired_at,
        b1_0.extension_count,
        b1_0.facility_id,
        b1_0.is_recurring,
        b1_0.max_extensions,
        b1_0.notes,
        b1_0.original_end_time,
        b1_0.purpose,
        b1_0.recurrence_rule,
        b1_0.reminder_sent,
        b1_0.start_time,
        b1_0.status,
        b1_0.updated_at,
        b1_0.user_id 
    from
        bookings b1_0 
    where
        b1_0.status in (?, ?)
Hibernate: 
    select
        b1_0.id,
        b1_0.attendees,
        b1_0.check_in_time,
        b1_0.check_out_time,
        b1_0.created_at,
        b1_0.date,
        b1_0.end_time,
        b1_0.expired_at,
        b1_0.extension_count,
        b1_0.facility_id,
        b1_0.is_recurring,
        b1_0.max_extensions,
        b1_0.notes,
        b1_0.original_end_time,
        b1_0.purpose,
        b1_0.recurrence_rule,
        b1_0.reminder_sent,
        b1_0.start_time,
        b1_0.status,
        b1_0.updated_at,
        b1_0.user_id 
    from
        bookings b1_0 
    where
        b1_0.status in (?, ?)
Hibernate: 
    select
        b1_0.id,
        b1_0.attendees,
        b1_0.check_in_time,
        b1_0.check_out_time,
        b1_0.created_at,
        b1_0.date,
        b1_0.end_time,
        b1_0.expired_at,
        b1_0.extension_count,
        b1_0.facility_id,
        b1_0.is_recurring,
        b1_0.max_extensions,
        b1_0.notes,
        b1_0.original_end_time,
        b1_0.purpose,
        b1_0.recurrence_rule,
        b1_0.reminder_sent,
        b1_0.start_time,
        b1_0.status,
        b1_0.updated_at,
        b1_0.user_id 
    from
        bookings b1_0 
    where
        b1_0.status in (?, ?)
Hibernate: 
    select
        b1_0.id,
        b1_0.attendees,
        b1_0.check_in_time,
        b1_0.check_out_time,
        b1_0.created_at,
        b1_0.date,
        b1_0.end_time,
        b1_0.expired_at,
        b1_0.extension_count,
        b1_0.facility_id,
        b1_0.is_recurring,
        b1_0.max_extensions,
        b1_0.notes,
        b1_0.original_end_time,
        b1_0.purpose,
        b1_0.recurrence_rule,
        b1_0.reminder_sent,
        b1_0.start_time,
        b1_0.status,
        b1_0.updated_at,
        b1_0.user_id 
    from
        bookings b1_0 
    where
        b1_0.status in (?, ?)
Hibernate: 
    select
        b1_0.id,
        b1_0.attendees,
        b1_0.check_in_time,
        b1_0.check_out_time,
        b1_0.created_at,
        b1_0.date,
        b1_0.end_time,
        b1_0.expired_at,
        b1_0.extension_count,
        b1_0.facility_id,
        b1_0.is_recurring,
        b1_0.max_extensions,
        b1_0.notes,
        b1_0.original_end_time,
        b1_0.purpose,
        b1_0.recurrence_rule,
        b1_0.reminder_sent,
        b1_0.start_time,
        b1_0.status,
        b1_0.updated_at,
        b1_0.user_id 
    from
        bookings b1_0 
    where
        b1_0.status in (?, ?)
Hibernate: 
    select
        b1_0.id,
        b1_0.attendees,
        b1_0.check_in_time,
        b1_0.check_out_time,
        b1_0.created_at,
        b1_0.date,
        b1_0.end_time,
        b1_0.expired_at,
        b1_0.extension_count,
        b1_0.facility_id,
        b1_0.is_recurring,
        b1_0.max_extensions,
        b1_0.notes,
        b1_0.original_end_time,
        b1_0.purpose,
        b1_0.recurrence_rule,
        b1_0.reminder_sent,
        b1_0.start_time,
        b1_0.status,
        b1_0.updated_at,
        b1_0.user_id 
    from
        bookings b1_0 
    where
        b1_0.status in (?, ?)
Hibernate: 
    select
        b1_0.id,
        b1_0.attendees,
        b1_0.check_in_time,
        b1_0.check_out_time,
        b1_0.created_at,
        b1_0.date,
        b1_0.end_time,
        b1_0.expired_at,
        b1_0.extension_count,
        b1_0.facility_id,
        b1_0.is_recurring,
        b1_0.max_extensions,
        b1_0.notes,
        b1_0.original_end_time,
        b1_0.purpose,
        b1_0.recurrence_rule,
        b1_0.reminder_sent,
        b1_0.start_time,
        b1_0.status,
        b1_0.updated_at,
        b1_0.user_id 
    from
        bookings b1_0 
    where
        b1_0.status in (?, ?)
Hibernate: 
    select
        b1_0.id,
        b1_0.attendees,
        b1_0.check_in_time,
        b1_0.check_out_time,
        b1_0.created_at,
        b1_0.date,
        b1_0.end_time,
        b1_0.expired_at,
        b1_0.extension_count,
        b1_0.facility_id,
        b1_0.is_recurring,
        b1_0.max_extensions,
        b1_0.notes,
        b1_0.original_end_time,
        b1_0.purpose,
        b1_0.recurrence_rule,
        b1_0.reminder_sent,
        b1_0.start_time,
        b1_0.status,
        b1_0.updated_at,
        b1_0.user_id 
    from
        bookings b1_0 
    where
        b1_0.status in (?, ?)
Hibernate: 
    select
        b1_0.id,
        b1_0.attendees,
        b1_0.check_in_time,
        b1_0.check_out_time,
        b1_0.created_at,
        b1_0.date,
        b1_0.end_time,
        b1_0.expired_at,
        b1_0.extension_count,
        b1_0.facility_id,
        b1_0.is_recurring,
        b1_0.max_extensions,
        b1_0.notes,
        b1_0.original_end_time,
        b1_0.purpose,
        b1_0.recurrence_rule,
        b1_0.reminder_sent,
        b1_0.start_time,
        b1_0.status,
        b1_0.updated_at,
        b1_0.user_id 
    from
        bookings b1_0 
    where
        b1_0.status in (?, ?)
Hibernate: 
    select
        b1_0.id,
        b1_0.attendees,
        b1_0.check_in_time,
        b1_0.check_out_time,
        b1_0.created_at,
        b1_0.date,
        b1_0.end_time,
        b1_0.expired_at,
        b1_0.extension_count,
        b1_0.facility_id,
        b1_0.is_recurring,
        b1_0.max_extensions,
        b1_0.notes,
        b1_0.original_end_time,
        b1_0.purpose,
        b1_0.recurrence_rule,
        b1_0.reminder_sent,
        b1_0.start_time,
        b1_0.status,
        b1_0.updated_at,
        b1_0.user_id 
    from
        bookings b1_0 
    where
        b1_0.status in (?, ?)
Hibernate: 
    select
        b1_0.id,
        b1_0.attendees,
        b1_0.check_in_time,
        b1_0.check_out_time,
        b1_0.created_at,
        b1_0.date,
        b1_0.end_time,
        b1_0.expired_at,
        b1_0.extension_count,
        b1_0.facility_id,
        b1_0.is_recurring,
        b1_0.max_extensions,
        b1_0.notes,
        b1_0.original_end_time,
        b1_0.purpose,
        b1_0.recurrence_rule,
        b1_0.reminder_sent,
        b1_0.start_time,
        b1_0.status,
        b1_0.updated_at,
        b1_0.user_id 
    from
        bookings b1_0 
    where
        b1_0.status in (?, ?)
Hibernate: 
    select
        b1_0.id,
        b1_0.attendees,
        b1_0.check_in_time,
        b1_0.check_out_time,
        b1_0.created_at,
        b1_0.date,
        b1_0.end_time,
        b1_0.expired_at,
        b1_0.extension_count,
        b1_0.facility_id,
        b1_0.is_recurring,
        b1_0.max_extensions,
        b1_0.notes,
        b1_0.original_end_time,
        b1_0.purpose,
        b1_0.recurrence_rule,
        b1_0.reminder_sent,
        b1_0.start_time,
        b1_0.status,
        b1_0.updated_at,
        b1_0.user_id 
    from
        bookings b1_0 
    where
        b1_0.status in (?, ?)
Hibernate: 
    select
        b1_0.id,
        b1_0.attendees,
        b1_0.check_in_time,
        b1_0.check_out_time,
        b1_0.created_at,
        b1_0.date,
        b1_0.end_time,
        b1_0.expired_at,
        b1_0.extension_count,
        b1_0.facility_id,
        b1_0.is_recurring,
        b1_0.max_extensions,
        b1_0.notes,
        b1_0.original_end_time,
        b1_0.purpose,
        b1_0.recurrence_rule,
        b1_0.reminder_sent,
        b1_0.start_time,
        b1_0.status,
        b1_0.updated_at,
        b1_0.user_id 
    from
        bookings b1_0 
    where
        b1_0.status in (?, ?)
Hibernate: 
    select
        b1_0.id,
        b1_0.attendees,
        b1_0.check_in_time,
        b1_0.check_out_time,
        b1_0.created_at,
        b1_0.date,
        b1_0.end_time,
        b1_0.expired_at,
        b1_0.extension_count,
        b1_0.facility_id,
        b1_0.is_recurring,
        b1_0.max_extensions,
        b1_0.notes,
        b1_0.original_end_time,
        b1_0.purpose,
        b1_0.recurrence_rule,
        b1_0.reminder_sent,
        b1_0.start_time,
        b1_0.status,
        b1_0.updated_at,
        b1_0.user_id 
    from
        bookings b1_0 
    where
        b1_0.status in (?, ?)
Hibernate: 
    select
        b1_0.id,
        b1_0.attendees,
        b1_0.check_in_time,
        b1_0.check_out_time,
        b1_0.created_at,
        b1_0.date,
        b1_0.end_time,
        b1_0.expired_at,
        b1_0.extension_count,
        b1_0.facility_id,
        b1_0.is_recurring,
        b1_0.max_extensions,
        b1_0.notes,
        b1_0.original_end_time,
        b1_0.purpose,
        b1_0.recurrence_rule,
        b1_0.reminder_sent,
        b1_0.start_time,
        b1_0.status,
        b1_0.updated_at,
        b1_0.user_id 
    from
        bookings b1_0 
    where
        b1_0.status in (?, ?)
Hibernate: 
    select
        b1_0.id,
        b1_0.attendees,
        b1_0.check_in_time,
        b1_0.check_out_time,
        b1_0.created_at,
        b1_0.date,
        b1_0.end_time,
        b1_0.expired_at,
        b1_0.extension_count,
        b1_0.facility_id,
        b1_0.is_recurring,
        b1_0.max_extensions,
        b1_0.notes,
        b1_0.original_end_time,
        b1_0.purpose,
        b1_0.recurrence_rule,
        b1_0.reminder_sent,
        b1_0.start_time,
        b1_0.status,
        b1_0.updated_at,
        b1_0.user_id 
    from
        bookings b1_0 
    where
        b1_0.status in (?, ?)
Hibernate: 
    select
        b1_0.id,
        b1_0.attendees,
        b1_0.check_in_time,
        b1_0.check_out_time,
        b1_0.created_at,
        b1_0.date,
        b1_0.end_time,
        b1_0.expired_at,
        b1_0.extension_count,
        b1_0.facility_id,
        b1_0.is_recurring,
        b1_0.max_extensions,
        b1_0.notes,
        b1_0.original_end_time,
        b1_0.purpose,
        b1_0.recurrence_rule,
        b1_0.reminder_sent,
        b1_0.start_time,
        b1_0.status,
        b1_0.updated_at,
        b1_0.user_id 
    from
        bookings b1_0 
    where
        b1_0.status in (?, ?)
Hibernate: 
    select
        b1_0.id,
        b1_0.attendees,
        b1_0.check_in_time,
        b1_0.check_out_time,
        b1_0.created_at,
        b1_0.date,
        b1_0.end_time,
        b1_0.expired_at,
        b1_0.extension_count,
        b1_0.facility_id,
        b1_0.is_recurring,
        b1_0.max_extensions,
        b1_0.notes,
        b1_0.original_end_time,
        b1_0.purpose,
        b1_0.recurrence_rule,
        b1_0.reminder_sent,
        b1_0.start_time,
        b1_0.status,
        b1_0.updated_at,
        b1_0.user_id 
    from
        bookings b1_0 
    where
        b1_0.status in (?, ?)
Hibernate: 
    select
        b1_0.id,
        b1_0.attendees,
        b1_0.check_in_time,
        b1_0.check_out_time,
        b1_0.created_at,
        b1_0.date,
        b1_0.end_time,
        b1_0.expired_at,
        b1_0.extension_count,
        b1_0.facility_id,
        b1_0.is_recurring,
        b1_0.max_extensions,
        b1_0.notes,
        b1_0.original_end_time,
        b1_0.purpose,
        b1_0.recurrence_rule,
        b1_0.reminder_sent,
        b1_0.start_time,
        b1_0.status,
        b1_0.updated_at,
        b1_0.user_id 
    from
        bookings b1_0 
    where
        b1_0.status in (?, ?)
Hibernate: 
    select
        b1_0.id,
        b1_0.attendees,
        b1_0.check_in_time,
        b1_0.check_out_time,
        b1_0.created_at,
        b1_0.date,
        b1_0.end_time,
        b1_0.expired_at,
        b1_0.extension_count,
        b1_0.facility_id,
        b1_0.is_recurring,
        b1_0.max_extensions,
        b1_0.notes,
        b1_0.original_end_time,
        b1_0.purpose,
        b1_0.recurrence_rule,
        b1_0.reminder_sent,
        b1_0.start_time,
        b1_0.status,
        b1_0.updated_at,
        b1_0.user_id 
    from
        bookings b1_0 
    where
        b1_0.status in (?, ?)
Hibernate: 
    select
        b1_0.id,
        b1_0.attendees,
        b1_0.check_in_time,
        b1_0.check_out_time,
        b1_0.created_at,
        b1_0.date,
        b1_0.end_time,
        b1_0.expired_at,
        b1_0.extension_count,
        b1_0.facility_id,
        b1_0.is_recurring,
        b1_0.max_extensions,
        b1_0.notes,
        b1_0.original_end_time,
        b1_0.purpose,
        b1_0.recurrence_rule,
        b1_0.reminder_sent,
        b1_0.start_time,
        b1_0.status,
        b1_0.updated_at,
        b1_0.user_id 
    from
        bookings b1_0 
    where
        b1_0.status in (?, ?)
Hibernate: 
    select
        b1_0.id,
        b1_0.attendees,
        b1_0.check_in_time,
        b1_0.check_out_time,
        b1_0.created_at,
        b1_0.date,
        b1_0.end_time,
        b1_0.expired_at,
        b1_0.extension_count,
        b1_0.facility_id,
        b1_0.is_recurring,
        b1_0.max_extensions,
        b1_0.notes,
        b1_0.original_end_time,
        b1_0.purpose,
        b1_0.recurrence_rule,
        b1_0.reminder_sent,
        b1_0.start_time,
        b1_0.status,
        b1_0.updated_at,
        b1_0.user_id 
    from
        bookings b1_0 
    where
        b1_0.status in (?, ?)
Hibernate: 
    select
        b1_0.id,
        b1_0.attendees,
        b1_0.check_in_time,
        b1_0.check_out_time,
        b1_0.created_at,
        b1_0.date,
        b1_0.end_time,
        b1_0.expired_at,
        b1_0.extension_count,
        b1_0.facility_id,
        b1_0.is_recurring,
        b1_0.max_extensions,
        b1_0.notes,
        b1_0.original_end_time,
        b1_0.purpose,
        b1_0.recurrence_rule,
        b1_0.reminder_sent,
        b1_0.start_time,
        b1_0.status,
        b1_0.updated_at,
        b1_0.user_id 
    from
        bookings b1_0 
    where
        b1_0.status in (?, ?)
Hibernate: 
    select
        b1_0.id,
        b1_0.attendees,
        b1_0.check_in_time,
        b1_0.check_out_time,
        b1_0.created_at,
        b1_0.date,
        b1_0.end_time,
        b1_0.expired_at,
        b1_0.extension_count,
        b1_0.facility_id,
        b1_0.is_recurring,
        b1_0.max_extensions,
        b1_0.notes,
        b1_0.original_end_time,
        b1_0.purpose,
        b1_0.recurrence_rule,
        b1_0.reminder_sent,
        b1_0.start_time,
        b1_0.status,
        b1_0.updated_at,
        b1_0.user_id 
    from
        bookings b1_0 
    where
        b1_0.status in (?, ?)
Hibernate: 
    select
        b1_0.id,
        b1_0.attendees,
        b1_0.check_in_time,
        b1_0.check_out_time,
        b1_0.created_at,
        b1_0.date,
        b1_0.end_time,
        b1_0.expired_at,
        b1_0.extension_count,
        b1_0.facility_id,
        b1_0.is_recurring,
        b1_0.max_extensions,
        b1_0.notes,
        b1_0.original_end_time,
        b1_0.purpose,
        b1_0.recurrence_rule,
        b1_0.reminder_sent,
        b1_0.start_time,
        b1_0.status,
        b1_0.updated_at,
        b1_0.user_id 
    from
        bookings b1_0 
    where
        b1_0.status in (?, ?)
Hibernate: 
    select
        b1_0.id,
        b1_0.attendees,
        b1_0.check_in_time,
        b1_0.check_out_time,
        b1_0.created_at,
        b1_0.date,
        b1_0.end_time,
        b1_0.expired_at,
        b1_0.extension_count,
        b1_0.facility_id,
        b1_0.is_recurring,
        b1_0.max_extensions,
        b1_0.notes,
        b1_0.original_end_time,
        b1_0.purpose,
        b1_0.recurrence_rule,
        b1_0.reminder_sent,
        b1_0.start_time,
        b1_0.status,
        b1_0.updated_at,
        b1_0.user_id 
    from
        bookings b1_0 
    where
        b1_0.status in (?, ?)
Hibernate: 
    select
        b1_0.id,
        b1_0.attendees,
        b1_0.check_in_time,
        b1_0.check_out_time,
        b1_0.created_at,
        b1_0.date,
        b1_0.end_time,
        b1_0.expired_at,
        b1_0.extension_count,
        b1_0.facility_id,
        b1_0.is_recurring,
        b1_0.max_extensions,
        b1_0.notes,
        b1_0.original_end_time,
        b1_0.purpose,
        b1_0.recurrence_rule,
        b1_0.reminder_sent,
        b1_0.start_time,
        b1_0.status,
        b1_0.updated_at,
        b1_0.user_id 
    from
        bookings b1_0 
    where
        b1_0.status in (?, ?)
Hibernate: 
    select
        b1_0.id,
        b1_0.attendees,
        b1_0.check_in_time,
        b1_0.check_out_time,
        b1_0.created_at,
        b1_0.date,
        b1_0.end_time,
        b1_0.expired_at,
        b1_0.extension_count,
        b1_0.facility_id,
        b1_0.is_recurring,
        b1_0.max_extensions,
        b1_0.notes,
        b1_0.original_end_time,
        b1_0.purpose,
        b1_0.recurrence_rule,
        b1_0.reminder_sent,
        b1_0.start_time,
        b1_0.status,
        b1_0.updated_at,
        b1_0.user_id 
    from
        bookings b1_0 
    where
        b1_0.status in (?, ?)
Hibernate: 
    select
        b1_0.id,
        b1_0.attendees,
        b1_0.check_in_time,
        b1_0.check_out_time,
        b1_0.created_at,
        b1_0.date,
        b1_0.end_time,
        b1_0.expired_at,
        b1_0.extension_count,
        b1_0.facility_id,
        b1_0.is_recurring,
        b1_0.max_extensions,
        b1_0.notes,
        b1_0.original_end_time,
        b1_0.purpose,
        b1_0.recurrence_rule,
        b1_0.reminder_sent,
        b1_0.start_time,
        b1_0.status,
        b1_0.updated_at,
        b1_0.user_id 
    from
        bookings b1_0 
    where
        b1_0.status in (?, ?)
Hibernate: 
    select
        b1_0.id,
        b1_0.attendees,
        b1_0.check_in_time,
        b1_0.check_out_time,
        b1_0.created_at,
        b1_0.date,
        b1_0.end_time,
        b1_0.expired_at,
        b1_0.extension_count,
        b1_0.facility_id,
        b1_0.is_recurring,
        b1_0.max_extensions,
        b1_0.notes,
        b1_0.original_end_time,
        b1_0.purpose,
        b1_0.recurrence_rule,
        b1_0.reminder_sent,
        b1_0.start_time,
        b1_0.status,
        b1_0.updated_at,
        b1_0.user_id 
    from
        bookings b1_0 
    where
        b1_0.status in (?, ?)
Hibernate: 
    select
        b1_0.id,
        b1_0.attendees,
        b1_0.check_in_time,
        b1_0.check_out_time,
        b1_0.created_at,
        b1_0.date,
        b1_0.end_time,
        b1_0.expired_at,
        b1_0.extension_count,
        b1_0.facility_id,
        b1_0.is_recurring,
        b1_0.max_extensions,
        b1_0.notes,
        b1_0.original_end_time,
        b1_0.purpose,
        b1_0.recurrence_rule,
        b1_0.reminder_sent,
        b1_0.start_time,
        b1_0.status,
        b1_0.updated_at,
        b1_0.user_id 
    from
        bookings b1_0 
    where
        b1_0.status in (?, ?)
Hibernate: 
    select
        b1_0.id,
        b1_0.attendees,
        b1_0.check_in_time,
        b1_0.check_out_time,
        b1_0.created_at,
        b1_0.date,
        b1_0.end_time,
        b1_0.expired_at,
        b1_0.extension_count,
        b1_0.facility_id,
        b1_0.is_recurring,
        b1_0.max_extensions,
        b1_0.notes,
        b1_0.original_end_time,
        b1_0.purpose,
        b1_0.recurrence_rule,
        b1_0.reminder_sent,
        b1_0.start_time,
        b1_0.status,
        b1_0.updated_at,
        b1_0.user_id 
    from
        bookings b1_0 
    where
        b1_0.status in (?, ?)
Hibernate: 
    select
        b1_0.id,
        b1_0.attendees,
        b1_0.check_in_time,
        b1_0.check_out_time,
        b1_0.created_at,
        b1_0.date,
        b1_0.end_time,
        b1_0.expired_at,
        b1_0.extension_count,
        b1_0.facility_id,
        b1_0.is_recurring,
        b1_0.max_extensions,
        b1_0.notes,
        b1_0.original_end_time,
        b1_0.purpose,
        b1_0.recurrence_rule,
        b1_0.reminder_sent,
        b1_0.start_time,
        b1_0.status,
        b1_0.updated_at,
        b1_0.user_id 
    from
        bookings b1_0 
    where
        b1_0.status in (?, ?)
Hibernate: 
    select
        b1_0.id,
        b1_0.attendees,
        b1_0.check_in_time,
        b1_0.check_out_time,
        b1_0.created_at,
        b1_0.date,
        b1_0.end_time,
        b1_0.expired_at,
        b1_0.extension_count,
        b1_0.facility_id,
        b1_0.is_recurring,
        b1_0.max_extensions,
        b1_0.notes,
        b1_0.original_end_time,
        b1_0.purpose,
        b1_0.recurrence_rule,
        b1_0.reminder_sent,
        b1_0.start_time,
        b1_0.status,
        b1_0.updated_at,
        b1_0.user_id 
    from
        bookings b1_0 
    where
        b1_0.status in (?, ?)
Hibernate: 
    select
        b1_0.id,
        b1_0.attendees,
        b1_0.check_in_time,
        b1_0.check_out_time,
        b1_0.created_at,
        b1_0.date,
        b1_0.end_time,
        b1_0.expired_at,
        b1_0.extension_count,
        b1_0.facility_id,
        b1_0.is_recurring,
        b1_0.max_extensions,
        b1_0.notes,
        b1_0.original_end_time,
        b1_0.purpose,
        b1_0.recurrence_rule,
        b1_0.reminder_sent,
        b1_0.start_time,
        b1_0.status,
        b1_0.updated_at,
        b1_0.user_id 
    from
        bookings b1_0 
    where
        b1_0.status in (?, ?)
Hibernate: 
    select
        b1_0.id,
        b1_0.attendees,
        b1_0.check_in_time,
        b1_0.check_out_time,
        b1_0.created_at,
        b1_0.date,
        b1_0.end_time,
        b1_0.expired_at,
        b1_0.extension_count,
        b1_0.facility_id,
        b1_0.is_recurring,
        b1_0.max_extensions,
        b1_0.notes,
        b1_0.original_end_time,
        b1_0.purpose,
        b1_0.recurrence_rule,
        b1_0.reminder_sent,
        b1_0.start_time,
        b1_0.status,
        b1_0.updated_at,
        b1_0.user_id 
    from
        bookings b1_0 
    where
        b1_0.status in (?, ?)
Hibernate: 
    select
        b1_0.id,
        b1_0.attendees,
        b1_0.check_in_time,
        b1_0.check_out_time,
        b1_0.created_at,
        b1_0.date,
        b1_0.end_time,
        b1_0.expired_at,
        b1_0.extension_count,
        b1_0.facility_id,
        b1_0.is_recurring,
        b1_0.max_extensions,
        b1_0.notes,
        b1_0.original_end_time,
        b1_0.purpose,
        b1_0.recurrence_rule,
        b1_0.reminder_sent,
        b1_0.start_time,
        b1_0.status,
        b1_0.updated_at,
        b1_0.user_id 
    from
        bookings b1_0 
    where
        b1_0.status in (?, ?)
Hibernate: 
    select
        b1_0.id,
        b1_0.attendees,
        b1_0.check_in_time,
        b1_0.check_out_time,
        b1_0.created_at,
        b1_0.date,
        b1_0.end_time,
        b1_0.expired_at,
        b1_0.extension_count,
        b1_0.facility_id,
        b1_0.is_recurring,
        b1_0.max_extensions,
        b1_0.notes,
        b1_0.original_end_time,
        b1_0.purpose,
        b1_0.recurrence_rule,
        b1_0.reminder_sent,
        b1_0.start_time,
        b1_0.status,
        b1_0.updated_at,
        b1_0.user_id 
    from
        bookings b1_0 
    where
        b1_0.status in (?, ?)
Hibernate: 
    select
        b1_0.id,
        b1_0.attendees,
        b1_0.check_in_time,
        b1_0.check_out_time,
        b1_0.created_at,
        b1_0.date,
        b1_0.end_time,
        b1_0.expired_at,
        b1_0.extension_count,
        b1_0.facility_id,
        b1_0.is_recurring,
        b1_0.max_extensions,
        b1_0.notes,
        b1_0.original_end_time,
        b1_0.purpose,
        b1_0.recurrence_rule,
        b1_0.reminder_sent,
        b1_0.start_time,
        b1_0.status,
        b1_0.updated_at,
        b1_0.user_id 
    from
        bookings b1_0 
    where
        b1_0.status in (?, ?)
Hibernate: 
    select
        b1_0.id,
        b1_0.attendees,
        b1_0.check_in_time,
        b1_0.check_out_time,
        b1_0.created_at,
        b1_0.date,
        b1_0.end_time,
        b1_0.expired_at,
        b1_0.extension_count,
        b1_0.facility_id,
        b1_0.is_recurring,
        b1_0.max_extensions,
        b1_0.notes,
        b1_0.original_end_time,
        b1_0.purpose,
        b1_0.recurrence_rule,
        b1_0.reminder_sent,
        b1_0.start_time,
        b1_0.status,
        b1_0.updated_at,
        b1_0.user_id 
    from
        bookings b1_0 
    where
        b1_0.status in (?, ?)
Hibernate: 
    select
        b1_0.id,
        b1_0.attendees,
        b1_0.check_in_time,
        b1_0.check_out_time,
        b1_0.created_at,
        b1_0.date,
        b1_0.end_time,
        b1_0.expired_at,
        b1_0.extension_count,
        b1_0.facility_id,
        b1_0.is_recurring,
        b1_0.max_extensions,
        b1_0.notes,
        b1_0.original_end_time,
        b1_0.purpose,
        b1_0.recurrence_rule,
        b1_0.reminder_sent,
        b1_0.start_time,
        b1_0.status,
        b1_0.updated_at,
        b1_0.user_id 
    from
        bookings b1_0 
    where
        b1_0.status in (?, ?)
Hibernate: 
    select
        b1_0.id,
        b1_0.attendees,
        b1_0.check_in_time,
        b1_0.check_out_time,
        b1_0.created_at,
        b1_0.date,
        b1_0.end_time,
        b1_0.expired_at,
        b1_0.extension_count,
        b1_0.facility_id,
        b1_0.is_recurring,
        b1_0.max_extensions,
        b1_0.notes,
        b1_0.original_end_time,
        b1_0.purpose,
        b1_0.recurrence_rule,
        b1_0.reminder_sent,
        b1_0.start_time,
        b1_0.status,
        b1_0.updated_at,
        b1_0.user_id 
    from
        bookings b1_0 
    where
        b1_0.status in (?, ?)
Hibernate: 
    select
        b1_0.id,
        b1_0.attendees,
        b1_0.check_in_time,
        b1_0.check_out_time,
        b1_0.created_at,
        b1_0.date,
        b1_0.end_time,
        b1_0.expired_at,
        b1_0.extension_count,
        b1_0.facility_id,
        b1_0.is_recurring,
        b1_0.max_extensions,
        b1_0.notes,
        b1_0.original_end_time,
        b1_0.purpose,
        b1_0.recurrence_rule,
        b1_0.reminder_sent,
        b1_0.start_time,
        b1_0.status,
        b1_0.updated_at,
        b1_0.user_id 
    from
        bookings b1_0 
    where
        b1_0.status in (?, ?)
Hibernate: 
    select
        b1_0.id,
        b1_0.attendees,
        b1_0.check_in_time,
        b1_0.check_out_time,
        b1_0.created_at,
        b1_0.date,
        b1_0.end_time,
        b1_0.expired_at,
        b1_0.extension_count,
        b1_0.facility_id,
        b1_0.is_recurring,
        b1_0.max_extensions,
        b1_0.notes,
        b1_0.original_end_time,
        b1_0.purpose,
        b1_0.recurrence_rule,
        b1_0.reminder_sent,
        b1_0.start_time,
        b1_0.status,
        b1_0.updated_at,
        b1_0.user_id 
    from
        bookings b1_0 
    where
        b1_0.status in (?, ?)
Hibernate: 
    select
        b1_0.id,
        b1_0.attendees,
        b1_0.check_in_time,
        b1_0.check_out_time,
        b1_0.created_at,
        b1_0.date,
        b1_0.end_time,
        b1_0.expired_at,
        b1_0.extension_count,
        b1_0.facility_id,
        b1_0.is_recurring,
        b1_0.max_extensions,
        b1_0.notes,
        b1_0.original_end_time,
        b1_0.purpose,
        b1_0.recurrence_rule,
        b1_0.reminder_sent,
        b1_0.start_time,
        b1_0.status,
        b1_0.updated_at,
        b1_0.user_id 
    from
        bookings b1_0 
    where
        b1_0.status in (?, ?)
Hibernate: 
    select
        b1_0.id,
        b1_0.attendees,
        b1_0.check_in_time,
        b1_0.check_out_time,
        b1_0.created_at,
        b1_0.date,
        b1_0.end_time,
        b1_0.expired_at,
        b1_0.extension_count,
        b1_0.facility_id,
        b1_0.is_recurring,
        b1_0.max_extensions,
        b1_0.notes,
        b1_0.original_end_time,
        b1_0.purpose,
        b1_0.recurrence_rule,
        b1_0.reminder_sent,
        b1_0.start_time,
        b1_0.status,
        b1_0.updated_at,
        b1_0.user_id 
    from
        bookings b1_0 
    where
        b1_0.status in (?, ?)
Hibernate: 
    select
        b1_0.id,
        b1_0.attendees,
        b1_0.check_in_time,
        b1_0.check_out_time,
        b1_0.created_at,
        b1_0.date,
        b1_0.end_time,
        b1_0.expired_at,
        b1_0.extension_count,
        b1_0.facility_id,
        b1_0.is_recurring,
        b1_0.max_extensions,
        b1_0.notes,
        b1_0.original_end_time,
        b1_0.purpose,
        b1_0.recurrence_rule,
        b1_0.reminder_sent,
        b1_0.start_time,
        b1_0.status,
        b1_0.updated_at,
        b1_0.user_id 
    from
        bookings b1_0 
    where
        b1_0.status in (?, ?)
Hibernate: 
    select
        b1_0.id,
        b1_0.attendees,
        b1_0.check_in_time,
        b1_0.check_out_time,
        b1_0.created_at,
        b1_0.date,
        b1_0.end_time,
        b1_0.expired_at,
        b1_0.extension_count,
        b1_0.facility_id,
        b1_0.is_recurring,
        b1_0.max_extensions,
        b1_0.notes,
        b1_0.original_end_time,
        b1_0.purpose,
        b1_0.recurrence_rule,
        b1_0.reminder_sent,
        b1_0.start_time,
        b1_0.status,
        b1_0.updated_at,
        b1_0.user_id 
    from
        bookings b1_0 
    where
        b1_0.status in (?, ?)
Hibernate: 
    select
        b1_0.id,
        b1_0.attendees,
        b1_0.check_in_time,
        b1_0.check_out_time,
        b1_0.created_at,
        b1_0.date,
        b1_0.end_time,
        b1_0.expired_at,
        b1_0.extension_count,
        b1_0.facility_id,
        b1_0.is_recurring,
        b1_0.max_extensions,
        b1_0.notes,
        b1_0.original_end_time,
        b1_0.purpose,
        b1_0.recurrence_rule,
        b1_0.reminder_sent,
        b1_0.start_time,
        b1_0.status,
        b1_0.updated_at,
        b1_0.user_id 
    from
        bookings b1_0 
    where
        b1_0.status in (?, ?)
Hibernate: 
    select
        b1_0.id,
        b1_0.attendees,
        b1_0.check_in_time,
        b1_0.check_out_time,
        b1_0.created_at,
        b1_0.date,
        b1_0.end_time,
        b1_0.expired_at,
        b1_0.extension_count,
        b1_0.facility_id,
        b1_0.is_recurring,
        b1_0.max_extensions,
        b1_0.notes,
        b1_0.original_end_time,
        b1_0.purpose,
        b1_0.recurrence_rule,
        b1_0.reminder_sent,
        b1_0.start_time,
        b1_0.status,
        b1_0.updated_at,
        b1_0.user_id 
    from
        bookings b1_0 
    where
        b1_0.status in (?, ?)
Hibernate: 
    select
        b1_0.id,
        b1_0.attendees,
        b1_0.check_in_time,
        b1_0.check_out_time,
        b1_0.created_at,
        b1_0.date,
        b1_0.end_time,
        b1_0.expired_at,
        b1_0.extension_count,
        b1_0.facility_id,
        b1_0.is_recurring,
        b1_0.max_extensions,
        b1_0.notes,
        b1_0.original_end_time,
        b1_0.purpose,
        b1_0.recurrence_rule,
        b1_0.reminder_sent,
        b1_0.start_time,
        b1_0.status,
        b1_0.updated_at,
        b1_0.user_id 
    from
        bookings b1_0 
    where
        b1_0.status in (?, ?)
Hibernate: 
    select
        b1_0.id,
        b1_0.attendees,
        b1_0.check_in_time,
        b1_0.check_out_time,
        b1_0.created_at,
        b1_0.date,
        b1_0.end_time,
        b1_0.expired_at,
        b1_0.extension_count,
        b1_0.facility_id,
        b1_0.is_recurring,
        b1_0.max_extensions,
        b1_0.notes,
        b1_0.original_end_time,
        b1_0.purpose,
        b1_0.recurrence_rule,
        b1_0.reminder_sent,
        b1_0.start_time,
        b1_0.status,
        b1_0.updated_at,
        b1_0.user_id 
    from
        bookings b1_0 
    where
        b1_0.status in (?, ?)
Hibernate: 
    select
        b1_0.id,
        b1_0.attendees,
        b1_0.check_in_time,
        b1_0.check_out_time,
        b1_0.created_at,
        b1_0.date,
        b1_0.end_time,
        b1_0.expired_at,
        b1_0.extension_count,
        b1_0.facility_id,
        b1_0.is_recurring,
        b1_0.max_extensions,
        b1_0.notes,
        b1_0.original_end_time,
        b1_0.purpose,
        b1_0.recurrence_rule,
        b1_0.reminder_sent,
        b1_0.start_time,
        b1_0.status,
        b1_0.updated_at,
        b1_0.user_id 
    from
        bookings b1_0 
    where
        b1_0.status in (?, ?)
Hibernate: 
    select
        b1_0.id,
        b1_0.attendees,
        b1_0.check_in_time,
        b1_0.check_out_time,
        b1_0.created_at,
        b1_0.date,
        b1_0.end_time,
        b1_0.expired_at,
        b1_0.extension_count,
        b1_0.facility_id,
        b1_0.is_recurring,
        b1_0.max_extensions,
        b1_0.notes,
        b1_0.original_end_time,
        b1_0.purpose,
        b1_0.recurrence_rule,
        b1_0.reminder_sent,
        b1_0.start_time,
        b1_0.status,
        b1_0.updated_at,
        b1_0.user_id 
    from
        bookings b1_0 
    where
        b1_0.status in (?, ?)
Hibernate: 
    select
        b1_0.id,
        b1_0.attendees,
        b1_0.check_in_time,
        b1_0.check_out_time,
        b1_0.created_at,
        b1_0.date,
        b1_0.end_time,
        b1_0.expired_at,
        b1_0.extension_count,
        b1_0.facility_id,
        b1_0.is_recurring,
        b1_0.max_extensions,
        b1_0.notes,
        b1_0.original_end_time,
        b1_0.purpose,
        b1_0.recurrence_rule,
        b1_0.reminder_sent,
        b1_0.start_time,
        b1_0.status,
        b1_0.updated_at,
        b1_0.user_id 
    from
        bookings b1_0 
    where
        b1_0.status in (?, ?)
Hibernate: 
    select
        b1_0.id,
        b1_0.attendees,
        b1_0.check_in_time,
        b1_0.check_out_time,
        b1_0.created_at,
        b1_0.date,
        b1_0.end_time,
        b1_0.expired_at,
        b1_0.extension_count,
        b1_0.facility_id,
        b1_0.is_recurring,
        b1_0.max_extensions,
        b1_0.notes,
        b1_0.original_end_time,
        b1_0.purpose,
        b1_0.recurrence_rule,
        b1_0.reminder_sent,
        b1_0.start_time,
        b1_0.status,
        b1_0.updated_at,
        b1_0.user_id 
    from
        bookings b1_0 
    where
        b1_0.status in (?, ?)
Hibernate: 
    select
        b1_0.id,
        b1_0.attendees,
        b1_0.check_in_time,
        b1_0.check_out_time,
        b1_0.created_at,
        b1_0.date,
        b1_0.end_time,
        b1_0.expired_at,
        b1_0.extension_count,
        b1_0.facility_id,
        b1_0.is_recurring,
        b1_0.max_extensions,
        b1_0.notes,
        b1_0.original_end_time,
        b1_0.purpose,
        b1_0.recurrence_rule,
        b1_0.reminder_sent,
        b1_0.start_time,
        b1_0.status,
        b1_0.updated_at,
        b1_0.user_id 
    from
        bookings b1_0 
    where
        b1_0.status in (?, ?)
Hibernate: 
    select
        b1_0.id,
        b1_0.attendees,
        b1_0.check_in_time,
        b1_0.check_out_time,
        b1_0.created_at,
        b1_0.date,
        b1_0.end_time,
        b1_0.expired_at,
        b1_0.extension_count,
        b1_0.facility_id,
        b1_0.is_recurring,
        b1_0.max_extensions,
        b1_0.notes,
        b1_0.original_end_time,
        b1_0.purpose,
        b1_0.recurrence_rule,
        b1_0.reminder_sent,
        b1_0.start_time,
        b1_0.status,
        b1_0.updated_at,
        b1_0.user_id 
    from
        bookings b1_0 
    where
        b1_0.status in (?, ?)
Hibernate: 
    select
        b1_0.id,
        b1_0.attendees,
        b1_0.check_in_time,
        b1_0.check_out_time,
        b1_0.created_at,
        b1_0.date,
        b1_0.end_time,
        b1_0.expired_at,
        b1_0.extension_count,
        b1_0.facility_id,
        b1_0.is_recurring,
        b1_0.max_extensions,
        b1_0.notes,
        b1_0.original_end_time,
        b1_0.purpose,
        b1_0.recurrence_rule,
        b1_0.reminder_sent,
        b1_0.start_time,
        b1_0.status,
        b1_0.updated_at,
        b1_0.user_id 
    from
        bookings b1_0 
    where
        b1_0.status in (?, ?)
Hibernate: 
    select
        b1_0.id,
        b1_0.attendees,
        b1_0.check_in_time,
        b1_0.check_out_time,
        b1_0.created_at,
        b1_0.date,
        b1_0.end_time,
        b1_0.expired_at,
        b1_0.extension_count,
        b1_0.facility_id,
        b1_0.is_recurring,
        b1_0.max_extensions,
        b1_0.notes,
        b1_0.original_end_time,
        b1_0.purpose,
        b1_0.recurrence_rule,
        b1_0.reminder_sent,
        b1_0.start_time,
        b1_0.status,
        b1_0.updated_at,
        b1_0.user_id 
    from
        bookings b1_0 
    where
        b1_0.status in (?, ?)
Hibernate: 
    select
        b1_0.id,
        b1_0.attendees,
        b1_0.check_in_time,
        b1_0.check_out_time,
        b1_0.created_at,
        b1_0.date,
        b1_0.end_time,
        b1_0.expired_at,
        b1_0.extension_count,
        b1_0.facility_id,
        b1_0.is_recurring,
        b1_0.max_extensions,
        b1_0.notes,
        b1_0.original_end_time,
        b1_0.purpose,
        b1_0.recurrence_rule,
        b1_0.reminder_sent,
        b1_0.start_time,
        b1_0.status,
        b1_0.updated_at,
        b1_0.user_id 
    from
        bookings b1_0 
    where
        b1_0.status in (?, ?)
Hibernate: 
    select
        b1_0.id,
        b1_0.attendees,
        b1_0.check_in_time,
        b1_0.check_out_time,
        b1_0.created_at,
        b1_0.date,
        b1_0.end_time,
        b1_0.expired_at,
        b1_0.extension_count,
        b1_0.facility_id,
        b1_0.is_recurring,
        b1_0.max_extensions,
        b1_0.notes,
        b1_0.original_end_time,
        b1_0.purpose,
        b1_0.recurrence_rule,
        b1_0.reminder_sent,
        b1_0.start_time,
        b1_0.status,
        b1_0.updated_at,
        b1_0.user_id 
    from
        bookings b1_0 
    where
        b1_0.status in (?, ?)
Hibernate: 
    select
        b1_0.id,
        b1_0.attendees,
        b1_0.check_in_time,
        b1_0.check_out_time,
        b1_0.created_at,
        b1_0.date,
        b1_0.end_time,
        b1_0.expired_at,
        b1_0.extension_count,
        b1_0.facility_id,
        b1_0.is_recurring,
        b1_0.max_extensions,
        b1_0.notes,
        b1_0.original_end_time,
        b1_0.purpose,
        b1_0.recurrence_rule,
        b1_0.reminder_sent,
        b1_0.start_time,
        b1_0.status,
        b1_0.updated_at,
        b1_0.user_id 
    from
        bookings b1_0 
    where
        b1_0.status in (?, ?)
Hibernate: 
    select
        b1_0.id,
        b1_0.attendees,
        b1_0.check_in_time,
        b1_0.check_out_time,
        b1_0.created_at,
        b1_0.date,
        b1_0.end_time,
        b1_0.expired_at,
        b1_0.extension_count,
        b1_0.facility_id,
        b1_0.is_recurring,
        b1_0.max_extensions,
        b1_0.notes,
        b1_0.original_end_time,
        b1_0.purpose,
        b1_0.recurrence_rule,
        b1_0.reminder_sent,
        b1_0.start_time,
        b1_0.status,
        b1_0.updated_at,
        b1_0.user_id 
    from
        bookings b1_0 
    where
        b1_0.status in (?, ?)
Hibernate: 
    select
        b1_0.id,
        b1_0.attendees,
        b1_0.check_in_time,
        b1_0.check_out_time,
        b1_0.created_at,
        b1_0.date,
        b1_0.end_time,
        b1_0.expired_at,
        b1_0.extension_count,
        b1_0.facility_id,
        b1_0.is_recurring,
        b1_0.max_extensions,
        b1_0.notes,
        b1_0.original_end_time,
        b1_0.purpose,
        b1_0.recurrence_rule,
        b1_0.reminder_sent,
        b1_0.start_time,
        b1_0.status,
        b1_0.updated_at,
        b1_0.user_id 
    from
        bookings b1_0 
    where
        b1_0.status in (?, ?)
Hibernate: 
    select
        b1_0.id,
        b1_0.attendees,
        b1_0.check_in_time,
        b1_0.check_out_time,
        b1_0.created_at,
        b1_0.date,
        b1_0.end_time,
        b1_0.expired_at,
        b1_0.extension_count,
        b1_0.facility_id,
        b1_0.is_recurring,
        b1_0.max_extensions,
        b1_0.notes,
        b1_0.original_end_time,
        b1_0.purpose,
        b1_0.recurrence_rule,
        b1_0.reminder_sent,
        b1_0.start_time,
        b1_0.status,
        b1_0.updated_at,
        b1_0.user_id 
    from
        bookings b1_0 
    where
        b1_0.status in (?, ?)
Hibernate: 
    select
        b1_0.id,
        b1_0.attendees,
        b1_0.check_in_time,
        b1_0.check_out_time,
        b1_0.created_at,
        b1_0.date,
        b1_0.end_time,
        b1_0.expired_at,
        b1_0.extension_count,
        b1_0.facility_id,
        b1_0.is_recurring,
        b1_0.max_extensions,
        b1_0.notes,
        b1_0.original_end_time,
        b1_0.purpose,
        b1_0.recurrence_rule,
        b1_0.reminder_sent,
        b1_0.start_time,
        b1_0.status,
        b1_0.updated_at,
        b1_0.user_id 
    from
        bookings b1_0 
    where
        b1_0.status in (?, ?)
Hibernate: 
    select
        b1_0.id,
        b1_0.attendees,
        b1_0.check_in_time,
        b1_0.check_out_time,
        b1_0.created_at,
        b1_0.date,
        b1_0.end_time,
        b1_0.expired_at,
        b1_0.extension_count,
        b1_0.facility_id,
        b1_0.is_recurring,
        b1_0.max_extensions,
        b1_0.notes,
        b1_0.original_end_time,
        b1_0.purpose,
        b1_0.recurrence_rule,
        b1_0.reminder_sent,
        b1_0.start_time,
        b1_0.status,
        b1_0.updated_at,
        b1_0.user_id 
    from
        bookings b1_0 
    where
        b1_0.status in (?, ?)
Hibernate: 
    select
        b1_0.id,
        b1_0.attendees,
        b1_0.check_in_time,
        b1_0.check_out_time,
        b1_0.created_at,
        b1_0.date,
        b1_0.end_time,
        b1_0.expired_at,
        b1_0.extension_count,
        b1_0.facility_id,
        b1_0.is_recurring,
        b1_0.max_extensions,
        b1_0.notes,
        b1_0.original_end_time,
        b1_0.purpose,
        b1_0.recurrence_rule,
        b1_0.reminder_sent,
        b1_0.start_time,
        b1_0.status,
        b1_0.updated_at,
        b1_0.user_id 
    from
        bookings b1_0 
    where
        b1_0.status in (?, ?)
Hibernate: 
    select
        b1_0.id,
        b1_0.attendees,
        b1_0.check_in_time,
        b1_0.check_out_time,
        b1_0.created_at,
        b1_0.date,
        b1_0.end_time,
        b1_0.expired_at,
        b1_0.extension_count,
        b1_0.facility_id,
        b1_0.is_recurring,
        b1_0.max_extensions,
        b1_0.notes,
        b1_0.original_end_time,
        b1_0.purpose,
        b1_0.recurrence_rule,
        b1_0.reminder_sent,
        b1_0.start_time,
        b1_0.status,
        b1_0.updated_at,
        b1_0.user_id 
    from
        bookings b1_0 
    where
        b1_0.status in (?, ?)
Hibernate: 
    select
        b1_0.id,
        b1_0.attendees,
        b1_0.check_in_time,
        b1_0.check_out_time,
        b1_0.created_at,
        b1_0.date,
        b1_0.end_time,
        b1_0.expired_at,
        b1_0.extension_count,
        b1_0.facility_id,
        b1_0.is_recurring,
        b1_0.max_extensions,
        b1_0.notes,
        b1_0.original_end_time,
        b1_0.purpose,
        b1_0.recurrence_rule,
        b1_0.reminder_sent,
        b1_0.start_time,
        b1_0.status,
        b1_0.updated_at,
        b1_0.user_id 
    from
        bookings b1_0 
    where
        b1_0.status in (?, ?)
Hibernate: 
    select
        b1_0.id,
        b1_0.attendees,
        b1_0.check_in_time,
        b1_0.check_out_time,
        b1_0.created_at,
        b1_0.date,
        b1_0.end_time,
        b1_0.expired_at,
        b1_0.extension_count,
        b1_0.facility_id,
        b1_0.is_recurring,
        b1_0.max_extensions,
        b1_0.notes,
        b1_0.original_end_time,
        b1_0.purpose,
        b1_0.recurrence_rule,
        b1_0.reminder_sent,
        b1_0.start_time,
        b1_0.status,
        b1_0.updated_at,
        b1_0.user_id 
    from
        bookings b1_0 
    where
        b1_0.status in (?, ?)
Hibernate: 
    select
        b1_0.id,
        b1_0.attendees,
        b1_0.check_in_time,
        b1_0.check_out_time,
        b1_0.created_at,
        b1_0.date,
        b1_0.end_time,
        b1_0.expired_at,
        b1_0.extension_count,
        b1_0.facility_id,
        b1_0.is_recurring,
        b1_0.max_extensions,
        b1_0.notes,
        b1_0.original_end_time,
        b1_0.purpose,
        b1_0.recurrence_rule,
        b1_0.reminder_sent,
        b1_0.start_time,
        b1_0.status,
        b1_0.updated_at,
        b1_0.user_id 
    from
        bookings b1_0 
    where
        b1_0.status in (?, ?)
Hibernate: 
    select
        b1_0.id,
        b1_0.attendees,
        b1_0.check_in_time,
        b1_0.check_out_time,
        b1_0.created_at,
        b1_0.date,
        b1_0.end_time,
        b1_0.expired_at,
        b1_0.extension_count,
        b1_0.facility_id,
        b1_0.is_recurring,
        b1_0.max_extensions,
        b1_0.notes,
        b1_0.original_end_time,
        b1_0.purpose,
        b1_0.recurrence_rule,
        b1_0.reminder_sent,
        b1_0.start_time,
        b1_0.status,
        b1_0.updated_at,
        b1_0.user_id 
    from
        bookings b1_0 
    where
        b1_0.status in (?, ?)
Hibernate: 
    select
        b1_0.id,
        b1_0.attendees,
        b1_0.check_in_time,
        b1_0.check_out_time,
        b1_0.created_at,
        b1_0.date,
        b1_0.end_time,
        b1_0.expired_at,
        b1_0.extension_count,
        b1_0.facility_id,
        b1_0.is_recurring,
        b1_0.max_extensions,
        b1_0.notes,
        b1_0.original_end_time,
        b1_0.purpose,
        b1_0.recurrence_rule,
        b1_0.reminder_sent,
        b1_0.start_time,
        b1_0.status,
        b1_0.updated_at,
        b1_0.user_id 
    from
        bookings b1_0 
    where
        b1_0.status in (?, ?)
Hibernate: 
    select
        b1_0.id,
        b1_0.attendees,
        b1_0.check_in_time,
        b1_0.check_out_time,
        b1_0.created_at,
        b1_0.date,
        b1_0.end_time,
        b1_0.expired_at,
        b1_0.extension_count,
        b1_0.facility_id,
        b1_0.is_recurring,
        b1_0.max_extensions,
        b1_0.notes,
        b1_0.original_end_time,
        b1_0.purpose,
        b1_0.recurrence_rule,
        b1_0.reminder_sent,
        b1_0.start_time,
        b1_0.status,
        b1_0.updated_at,
        b1_0.user_id 
    from
        bookings b1_0 
    where
        b1_0.status in (?, ?)
Hibernate: 
    select
        b1_0.id,
        b1_0.attendees,
        b1_0.check_in_time,
        b1_0.check_out_time,
        b1_0.created_at,
        b1_0.date,
        b1_0.end_time,
        b1_0.expired_at,
        b1_0.extension_count,
        b1_0.facility_id,
        b1_0.is_recurring,
        b1_0.max_extensions,
        b1_0.notes,
        b1_0.original_end_time,
        b1_0.purpose,
        b1_0.recurrence_rule,
        b1_0.reminder_sent,
        b1_0.start_time,
        b1_0.status,
        b1_0.updated_at,
        b1_0.user_id 
    from
        bookings b1_0 
    where
        b1_0.status in (?, ?)
Hibernate: 
    select
        b1_0.id,
        b1_0.attendees,
        b1_0.check_in_time,
        b1_0.check_out_time,
        b1_0.created_at,
        b1_0.date,
        b1_0.end_time,
        b1_0.expired_at,
        b1_0.extension_count,
        b1_0.facility_id,
        b1_0.is_recurring,
        b1_0.max_extensions,
        b1_0.notes,
        b1_0.original_end_time,
        b1_0.purpose,
        b1_0.recurrence_rule,
        b1_0.reminder_sent,
        b1_0.start_time,
        b1_0.status,
        b1_0.updated_at,
        b1_0.user_id 
    from
        bookings b1_0 
    where
        b1_0.status in (?, ?)
Hibernate: 
    select
        b1_0.id,
        b1_0.attendees,
        b1_0.check_in_time,
        b1_0.check_out_time,
        b1_0.created_at,
        b1_0.date,
        b1_0.end_time,
        b1_0.expired_at,
        b1_0.extension_count,
        b1_0.facility_id,
        b1_0.is_recurring,
        b1_0.max_extensions,
        b1_0.notes,
        b1_0.original_end_time,
        b1_0.purpose,
        b1_0.recurrence_rule,
        b1_0.reminder_sent,
        b1_0.start_time,
        b1_0.status,
        b1_0.updated_at,
        b1_0.user_id 
    from
        bookings b1_0 
    where
        b1_0.status in (?, ?)
Hibernate: 
    select
        b1_0.id,
        b1_0.attendees,
        b1_0.check_in_time,
        b1_0.check_out_time,
        b1_0.created_at,
        b1_0.date,
        b1_0.end_time,
        b1_0.expired_at,
        b1_0.extension_count,
        b1_0.facility_id,
        b1_0.is_recurring,
        b1_0.max_extensions,
        b1_0.notes,
        b1_0.original_end_time,
        b1_0.purpose,
        b1_0.recurrence_rule,
        b1_0.reminder_sent,
        b1_0.start_time,
        b1_0.status,
        b1_0.updated_at,
        b1_0.user_id 
    from
        bookings b1_0 
    where
        b1_0.status in (?, ?)
Hibernate: 
    select
        b1_0.id,
        b1_0.attendees,
        b1_0.check_in_time,
        b1_0.check_out_time,
        b1_0.created_at,
        b1_0.date,
        b1_0.end_time,
        b1_0.expired_at,
        b1_0.extension_count,
        b1_0.facility_id,
        b1_0.is_recurring,
        b1_0.max_extensions,
        b1_0.notes,
        b1_0.original_end_time,
        b1_0.purpose,
        b1_0.recurrence_rule,
        b1_0.reminder_sent,
        b1_0.start_time,
        b1_0.status,
        b1_0.updated_at,
        b1_0.user_id 
    from
        bookings b1_0 
    where
        b1_0.status in (?, ?)
Hibernate: 
    select
        b1_0.id,
        b1_0.attendees,
        b1_0.check_in_time,
        b1_0.check_out_time,
        b1_0.created_at,
        b1_0.date,
        b1_0.end_time,
        b1_0.expired_at,
        b1_0.extension_count,
        b1_0.facility_id,
        b1_0.is_recurring,
        b1_0.max_extensions,
        b1_0.notes,
        b1_0.original_end_time,
        b1_0.purpose,
        b1_0.recurrence_rule,
        b1_0.reminder_sent,
        b1_0.start_time,
        b1_0.status,
        b1_0.updated_at,
        b1_0.user_id 
    from
        bookings b1_0 
    where
        b1_0.status in (?, ?)
Hibernate: 
    select
        b1_0.id,
        b1_0.attendees,
        b1_0.check_in_time,
        b1_0.check_out_time,
        b1_0.created_at,
        b1_0.date,
        b1_0.end_time,
        b1_0.expired_at,
        b1_0.extension_count,
        b1_0.facility_id,
        b1_0.is_recurring,
        b1_0.max_extensions,
        b1_0.notes,
        b1_0.original_end_time,
        b1_0.purpose,
        b1_0.recurrence_rule,
        b1_0.reminder_sent,
        b1_0.start_time,
        b1_0.status,
        b1_0.updated_at,
        b1_0.user_id 
    from
        bookings b1_0 
    where
        b1_0.status in (?, ?)
Hibernate: 
    select
        b1_0.id,
        b1_0.attendees,
        b1_0.check_in_time,
        b1_0.check_out_time,
        b1_0.created_at,
        b1_0.date,
        b1_0.end_time,
        b1_0.expired_at,
        b1_0.extension_count,
        b1_0.facility_id,
        b1_0.is_recurring,
        b1_0.max_extensions,
        b1_0.notes,
        b1_0.original_end_time,
        b1_0.purpose,
        b1_0.recurrence_rule,
        b1_0.reminder_sent,
        b1_0.start_time,
        b1_0.status,
        b1_0.updated_at,
        b1_0.user_id 
    from
        bookings b1_0 
    where
        b1_0.status in (?, ?)
Hibernate: 
    select
        b1_0.id,
        b1_0.attendees,
        b1_0.check_in_time,
        b1_0.check_out_time,
        b1_0.created_at,
        b1_0.date,
        b1_0.end_time,
        b1_0.expired_at,
        b1_0.extension_count,
        b1_0.facility_id,
        b1_0.is_recurring,
        b1_0.max_extensions,
        b1_0.notes,
        b1_0.original_end_time,
        b1_0.purpose,
        b1_0.recurrence_rule,
        b1_0.reminder_sent,
        b1_0.start_time,
        b1_0.status,
        b1_0.updated_at,
        b1_0.user_id 
    from
        bookings b1_0 
    where
        b1_0.status in (?, ?)
Hibernate: 
    select
        b1_0.id,
        b1_0.attendees,
        b1_0.check_in_time,
        b1_0.check_out_time,
        b1_0.created_at,
        b1_0.date,
        b1_0.end_time,
        b1_0.expired_at,
        b1_0.extension_count,
        b1_0.facility_id,
        b1_0.is_recurring,
        b1_0.max_extensions,
        b1_0.notes,
        b1_0.original_end_time,
        b1_0.purpose,
        b1_0.recurrence_rule,
        b1_0.reminder_sent,
        b1_0.start_time,
        b1_0.status,
        b1_0.updated_at,
        b1_0.user_id 
    from
        bookings b1_0 
    where
        b1_0.status in (?, ?)
Hibernate: 
    select
        b1_0.id,
        b1_0.attendees,
        b1_0.check_in_time,
        b1_0.check_out_time,
        b1_0.created_at,
        b1_0.date,
        b1_0.end_time,
        b1_0.expired_at,
        b1_0.extension_count,
        b1_0.facility_id,
        b1_0.is_recurring,
        b1_0.max_extensions,
        b1_0.notes,
        b1_0.original_end_time,
        b1_0.purpose,
        b1_0.recurrence_rule,
        b1_0.reminder_sent,
        b1_0.start_time,
        b1_0.status,
        b1_0.updated_at,
        b1_0.user_id 
    from
        bookings b1_0 
    where
        b1_0.status in (?, ?)
Hibernate: 
    select
        b1_0.id,
        b1_0.attendees,
        b1_0.check_in_time,
        b1_0.check_out_time,
        b1_0.created_at,
        b1_0.date,
        b1_0.end_time,
        b1_0.expired_at,
        b1_0.extension_count,
        b1_0.facility_id,
        b1_0.is_recurring,
        b1_0.max_extensions,
        b1_0.notes,
        b1_0.original_end_time,
        b1_0.purpose,
        b1_0.recurrence_rule,
        b1_0.reminder_sent,
        b1_0.start_time,
        b1_0.status,
        b1_0.updated_at,
        b1_0.user_id 
    from
        bookings b1_0 
    where
        b1_0.status in (?, ?)
Hibernate: 
    select
        b1_0.id,
        b1_0.attendees,
        b1_0.check_in_time,
        b1_0.check_out_time,
        b1_0.created_at,
        b1_0.date,
        b1_0.end_time,
        b1_0.expired_at,
        b1_0.extension_count,
        b1_0.facility_id,
        b1_0.is_recurring,
        b1_0.max_extensions,
        b1_0.notes,
        b1_0.original_end_time,
        b1_0.purpose,
        b1_0.recurrence_rule,
        b1_0.reminder_sent,
        b1_0.start_time,
        b1_0.status,
        b1_0.updated_at,
        b1_0.user_id 
    from
        bookings b1_0 
    where
        b1_0.status in (?, ?)
Hibernate: 
    select
        b1_0.id,
        b1_0.attendees,
        b1_0.check_in_time,
        b1_0.check_out_time,
        b1_0.created_at,
        b1_0.date,
        b1_0.end_time,
        b1_0.expired_at,
        b1_0.extension_count,
        b1_0.facility_id,
        b1_0.is_recurring,
        b1_0.max_extensions,
        b1_0.notes,
        b1_0.original_end_time,
        b1_0.purpose,
        b1_0.recurrence_rule,
        b1_0.reminder_sent,
        b1_0.start_time,
        b1_0.status,
        b1_0.updated_at,
        b1_0.user_id 
    from
        bookings b1_0 
    where
        b1_0.status in (?, ?)
Hibernate: 
    select
        b1_0.id,
        b1_0.attendees,
        b1_0.check_in_time,
        b1_0.check_out_time,
        b1_0.created_at,
        b1_0.date,
        b1_0.end_time,
        b1_0.expired_at,
        b1_0.extension_count,
        b1_0.facility_id,
        b1_0.is_recurring,
        b1_0.max_extensions,
        b1_0.notes,
        b1_0.original_end_time,
        b1_0.purpose,
        b1_0.recurrence_rule,
        b1_0.reminder_sent,
        b1_0.start_time,
        b1_0.status,
        b1_0.updated_at,
        b1_0.user_id 
    from
        bookings b1_0 
    where
        b1_0.status in (?, ?)
Hibernate: 
    select
        b1_0.id,
        b1_0.attendees,
        b1_0.check_in_time,
        b1_0.check_out_time,
        b1_0.created_at,
        b1_0.date,
        b1_0.end_time,
        b1_0.expired_at,
        b1_0.extension_count,
        b1_0.facility_id,
        b1_0.is_recurring,
        b1_0.max_extensions,
        b1_0.notes,
        b1_0.original_end_time,
        b1_0.purpose,
        b1_0.recurrence_rule,
        b1_0.reminder_sent,
        b1_0.start_time,
        b1_0.status,
        b1_0.updated_at,
        b1_0.user_id 
    from
        bookings b1_0 
    where
        b1_0.status in (?, ?)
Hibernate: 
    select
        b1_0.id,
        b1_0.attendees,
        b1_0.check_in_time,
        b1_0.check_out_time,
        b1_0.created_at,
        b1_0.date,
        b1_0.end_time,
        b1_0.expired_at,
        b1_0.extension_count,
        b1_0.facility_id,
        b1_0.is_recurring,
        b1_0.max_extensions,
        b1_0.notes,
        b1_0.original_end_time,
        b1_0.purpose,
        b1_0.recurrence_rule,
        b1_0.reminder_sent,
        b1_0.start_time,
        b1_0.status,
        b1_0.updated_at,
        b1_0.user_id 
    from
        bookings b1_0 
    where
        b1_0.status in (?, ?)
Hibernate: 
    select
        b1_0.id,
        b1_0.attendees,
        b1_0.check_in_time,
        b1_0.check_out_time,
        b1_0.created_at,
        b1_0.date,
        b1_0.end_time,
        b1_0.expired_at,
        b1_0.extension_count,
        b1_0.facility_id,
        b1_0.is_recurring,
        b1_0.max_extensions,
        b1_0.notes,
        b1_0.original_end_time,
        b1_0.purpose,
        b1_0.recurrence_rule,
        b1_0.reminder_sent,
        b1_0.start_time,
        b1_0.status,
        b1_0.updated_at,
        b1_0.user_id 
    from
        bookings b1_0 
    where
        b1_0.status in (?, ?)
Hibernate: 
    select
        b1_0.id,
        b1_0.attendees,
        b1_0.check_in_time,
        b1_0.check_out_time,
        b1_0.created_at,
        b1_0.date,
        b1_0.end_time,
        b1_0.expired_at,
        b1_0.extension_count,
        b1_0.facility_id,
        b1_0.is_recurring,
        b1_0.max_extensions,
        b1_0.notes,
        b1_0.original_end_time,
        b1_0.purpose,
        b1_0.recurrence_rule,
        b1_0.reminder_sent,
        b1_0.start_time,
        b1_0.status,
        b1_0.updated_at,
        b1_0.user_id 
    from
        bookings b1_0 
    where
        b1_0.status in (?, ?)
Hibernate: 
    select
        b1_0.id,
        b1_0.attendees,
        b1_0.check_in_time,
        b1_0.check_out_time,
        b1_0.created_at,
        b1_0.date,
        b1_0.end_time,
        b1_0.expired_at,
        b1_0.extension_count,
        b1_0.facility_id,
        b1_0.is_recurring,
        b1_0.max_extensions,
        b1_0.notes,
        b1_0.original_end_time,
        b1_0.purpose,
        b1_0.recurrence_rule,
        b1_0.reminder_sent,
        b1_0.start_time,
        b1_0.status,
        b1_0.updated_at,
        b1_0.user_id 
    from
        bookings b1_0 
    where
        b1_0.status in (?, ?)
Hibernate: 
    select
        b1_0.id,
        b1_0.attendees,
        b1_0.check_in_time,
        b1_0.check_out_time,
        b1_0.created_at,
        b1_0.date,
        b1_0.end_time,
        b1_0.expired_at,
        b1_0.extension_count,
        b1_0.facility_id,
        b1_0.is_recurring,
        b1_0.max_extensions,
        b1_0.notes,
        b1_0.original_end_time,
        b1_0.purpose,
        b1_0.recurrence_rule,
        b1_0.reminder_sent,
        b1_0.start_time,
        b1_0.status,
        b1_0.updated_at,
        b1_0.user_id 
    from
        bookings b1_0 
    where
        b1_0.status in (?, ?)
Hibernate: 
    select
        b1_0.id,
        b1_0.attendees,
        b1_0.check_in_time,
        b1_0.check_out_time,
        b1_0.created_at,
        b1_0.date,
        b1_0.end_time,
        b1_0.expired_at,
        b1_0.extension_count,
        b1_0.facility_id,
        b1_0.is_recurring,
        b1_0.max_extensions,
        b1_0.notes,
        b1_0.original_end_time,
        b1_0.purpose,
        b1_0.recurrence_rule,
        b1_0.reminder_sent,
        b1_0.start_time,
        b1_0.status,
        b1_0.updated_at,
        b1_0.user_id 
    from
        bookings b1_0 
    where
        b1_0.status in (?, ?)
Hibernate: 
    select
        b1_0.id,
        b1_0.attendees,
        b1_0.check_in_time,
        b1_0.check_out_time,
        b1_0.created_at,
        b1_0.date,
        b1_0.end_time,
        b1_0.expired_at,
        b1_0.extension_count,
        b1_0.facility_id,
        b1_0.is_recurring,
        b1_0.max_extensions,
        b1_0.notes,
        b1_0.original_end_time,
        b1_0.purpose,
        b1_0.recurrence_rule,
        b1_0.reminder_sent,
        b1_0.start_time,
        b1_0.status,
        b1_0.updated_at,
        b1_0.user_id 
    from
        bookings b1_0 
    where
        b1_0.status in (?, ?)
Hibernate: 
    select
        b1_0.id,
        b1_0.attendees,
        b1_0.check_in_time,
        b1_0.check_out_time,
        b1_0.created_at,
        b1_0.date,
        b1_0.end_time,
        b1_0.expired_at,
        b1_0.extension_count,
        b1_0.facility_id,
        b1_0.is_recurring,
        b1_0.max_extensions,
        b1_0.notes,
        b1_0.original_end_time,
        b1_0.purpose,
        b1_0.recurrence_rule,
        b1_0.reminder_sent,
        b1_0.start_time,
        b1_0.status,
        b1_0.updated_at,
        b1_0.user_id 
    from
        bookings b1_0 
    where
        b1_0.status in (?, ?)
Hibernate: 
    select
        b1_0.id,
        b1_0.attendees,
        b1_0.check_in_time,
        b1_0.check_out_time,
        b1_0.created_at,
        b1_0.date,
        b1_0.end_time,
        b1_0.expired_at,
        b1_0.extension_count,
        b1_0.facility_id,
        b1_0.is_recurring,
        b1_0.max_extensions,
        b1_0.notes,
        b1_0.original_end_time,
        b1_0.purpose,
        b1_0.recurrence_rule,
        b1_0.reminder_sent,
        b1_0.start_time,
        b1_0.status,
        b1_0.updated_at,
        b1_0.user_id 
    from
        bookings b1_0 
    where
        b1_0.status in (?, ?)
Hibernate: 
    select
        b1_0.id,
        b1_0.attendees,
        b1_0.check_in_time,
        b1_0.check_out_time,
        b1_0.created_at,
        b1_0.date,
        b1_0.end_time,
        b1_0.expired_at,
        b1_0.extension_count,
        b1_0.facility_id,
        b1_0.is_recurring,
        b1_0.max_extensions,
        b1_0.notes,
        b1_0.original_end_time,
        b1_0.purpose,
        b1_0.recurrence_rule,
        b1_0.reminder_sent,
        b1_0.start_time,
        b1_0.status,
        b1_0.updated_at,
        b1_0.user_id 
    from
        bookings b1_0 
    where
        b1_0.status in (?, ?)
Hibernate: 
    select
        b1_0.id,
        b1_0.attendees,
        b1_0.check_in_time,
        b1_0.check_out_time,
        b1_0.created_at,
        b1_0.date,
        b1_0.end_time,
        b1_0.expired_at,
        b1_0.extension_count,
        b1_0.facility_id,
        b1_0.is_recurring,
        b1_0.max_extensions,
        b1_0.notes,
        b1_0.original_end_time,
        b1_0.purpose,
        b1_0.recurrence_rule,
        b1_0.reminder_sent,
        b1_0.start_time,
        b1_0.status,
        b1_0.updated_at,
        b1_0.user_id 
    from
        bookings b1_0 
    where
        b1_0.status in (?, ?)
Hibernate: 
    select
        b1_0.id,
        b1_0.attendees,
        b1_0.check_in_time,
        b1_0.check_out_time,
        b1_0.created_at,
        b1_0.date,
        b1_0.end_time,
        b1_0.expired_at,
        b1_0.extension_count,
        b1_0.facility_id,
        b1_0.is_recurring,
        b1_0.max_extensions,
        b1_0.notes,
        b1_0.original_end_time,
        b1_0.purpose,
        b1_0.recurrence_rule,
        b1_0.reminder_sent,
        b1_0.start_time,
        b1_0.status,
        b1_0.updated_at,
        b1_0.user_id 
    from
        bookings b1_0 
    where
        b1_0.status in (?, ?)
Hibernate: 
    select
        b1_0.id,
        b1_0.attendees,
        b1_0.check_in_time,
        b1_0.check_out_time,
        b1_0.created_at,
        b1_0.date,
        b1_0.end_time,
        b1_0.expired_at,
        b1_0.extension_count,
        b1_0.facility_id,
        b1_0.is_recurring,
        b1_0.max_extensions,
        b1_0.notes,
        b1_0.original_end_time,
        b1_0.purpose,
        b1_0.recurrence_rule,
        b1_0.reminder_sent,
        b1_0.start_time,
        b1_0.status,
        b1_0.updated_at,
        b1_0.user_id 
    from
        bookings b1_0 
    where
        b1_0.status in (?, ?)
Hibernate: 
    select
        b1_0.id,
        b1_0.attendees,
        b1_0.check_in_time,
        b1_0.check_out_time,
        b1_0.created_at,
        b1_0.date,
        b1_0.end_time,
        b1_0.expired_at,
        b1_0.extension_count,
        b1_0.facility_id,
        b1_0.is_recurring,
        b1_0.max_extensions,
        b1_0.notes,
        b1_0.original_end_time,
        b1_0.purpose,
        b1_0.recurrence_rule,
        b1_0.reminder_sent,
        b1_0.start_time,
        b1_0.status,
        b1_0.updated_at,
        b1_0.user_id 
    from
        bookings b1_0 
    where
        b1_0.status in (?, ?)
Hibernate: 
    select
        b1_0.id,
        b1_0.attendees,
        b1_0.check_in_time,
        b1_0.check_out_time,
        b1_0.created_at,
        b1_0.date,
        b1_0.end_time,
        b1_0.expired_at,
        b1_0.extension_count,
        b1_0.facility_id,
        b1_0.is_recurring,
        b1_0.max_extensions,
        b1_0.notes,
        b1_0.original_end_time,
        b1_0.purpose,
        b1_0.recurrence_rule,
        b1_0.reminder_sent,
        b1_0.start_time,
        b1_0.status,
        b1_0.updated_at,
        b1_0.user_id 
    from
        bookings b1_0 
    where
        b1_0.status in (?, ?)
Hibernate: 
    select
        b1_0.id,
        b1_0.attendees,
        b1_0.check_in_time,
        b1_0.check_out_time,
        b1_0.created_at,
        b1_0.date,
        b1_0.end_time,
        b1_0.expired_at,
        b1_0.extension_count,
        b1_0.facility_id,
        b1_0.is_recurring,
        b1_0.max_extensions,
        b1_0.notes,
        b1_0.original_end_time,
        b1_0.purpose,
        b1_0.recurrence_rule,
        b1_0.reminder_sent,
        b1_0.start_time,
        b1_0.status,
        b1_0.updated_at,
        b1_0.user_id 
    from
        bookings b1_0 
    where
        b1_0.status in (?, ?)
Hibernate: 
    select
        b1_0.id,
        b1_0.attendees,
        b1_0.check_in_time,
        b1_0.check_out_time,
        b1_0.created_at,
        b1_0.date,
        b1_0.end_time,
        b1_0.expired_at,
        b1_0.extension_count,
        b1_0.facility_id,
        b1_0.is_recurring,
        b1_0.max_extensions,
        b1_0.notes,
        b1_0.original_end_time,
        b1_0.purpose,
        b1_0.recurrence_rule,
        b1_0.reminder_sent,
        b1_0.start_time,
        b1_0.status,
        b1_0.updated_at,
        b1_0.user_id 
    from
        bookings b1_0 
    where
        b1_0.status in (?, ?)
Hibernate: 
    select
        b1_0.id,
        b1_0.attendees,
        b1_0.check_in_time,
        b1_0.check_out_time,
        b1_0.created_at,
        b1_0.date,
        b1_0.end_time,
        b1_0.expired_at,
        b1_0.extension_count,
        b1_0.facility_id,
        b1_0.is_recurring,
        b1_0.max_extensions,
        b1_0.notes,
        b1_0.original_end_time,
        b1_0.purpose,
        b1_0.recurrence_rule,
        b1_0.reminder_sent,
        b1_0.start_time,
        b1_0.status,
        b1_0.updated_at,
        b1_0.user_id 
    from
        bookings b1_0 
    where
        b1_0.status in (?, ?)
Hibernate: 
    select
        b1_0.id,
        b1_0.attendees,
        b1_0.check_in_time,
        b1_0.check_out_time,
        b1_0.created_at,
        b1_0.date,
        b1_0.end_time,
        b1_0.expired_at,
        b1_0.extension_count,
        b1_0.facility_id,
        b1_0.is_recurring,
        b1_0.max_extensions,
        b1_0.notes,
        b1_0.original_end_time,
        b1_0.purpose,
        b1_0.recurrence_rule,
        b1_0.reminder_sent,
        b1_0.start_time,
        b1_0.status,
        b1_0.updated_at,
        b1_0.user_id 
    from
        bookings b1_0 
    where
        b1_0.status in (?, ?)
Hibernate: 
    select
        b1_0.id,
        b1_0.attendees,
        b1_0.check_in_time,
        b1_0.check_out_time,
        b1_0.created_at,
        b1_0.date,
        b1_0.end_time,
        b1_0.expired_at,
        b1_0.extension_count,
        b1_0.facility_id,
        b1_0.is_recurring,
        b1_0.max_extensions,
        b1_0.notes,
        b1_0.original_end_time,
        b1_0.purpose,
        b1_0.recurrence_rule,
        b1_0.reminder_sent,
        b1_0.start_time,
        b1_0.status,
        b1_0.updated_at,
        b1_0.user_id 
    from
        bookings b1_0 
    where
        b1_0.status in (?, ?)
Hibernate: 
    select
        b1_0.id,
        b1_0.attendees,
        b1_0.check_in_time,
        b1_0.check_out_time,
        b1_0.created_at,
        b1_0.date,
        b1_0.end_time,
        b1_0.expired_at,
        b1_0.extension_count,
        b1_0.facility_id,
        b1_0.is_recurring,
        b1_0.max_extensions,
        b1_0.notes,
        b1_0.original_end_time,
        b1_0.purpose,
        b1_0.recurrence_rule,
        b1_0.reminder_sent,
        b1_0.start_time,
        b1_0.status,
        b1_0.updated_at,
        b1_0.user_id 
    from
        bookings b1_0 
    where
        b1_0.status in (?, ?)
Hibernate: 
    select
        b1_0.id,
        b1_0.attendees,
        b1_0.check_in_time,
        b1_0.check_out_time,
        b1_0.created_at,
        b1_0.date,
        b1_0.end_time,
        b1_0.expired_at,
        b1_0.extension_count,
        b1_0.facility_id,
        b1_0.is_recurring,
        b1_0.max_extensions,
        b1_0.notes,
        b1_0.original_end_time,
        b1_0.purpose,
        b1_0.recurrence_rule,
        b1_0.reminder_sent,
        b1_0.start_time,
        b1_0.status,
        b1_0.updated_at,
        b1_0.user_id 
    from
        bookings b1_0 
    where
        b1_0.status in (?, ?)
Hibernate: 
    select
        b1_0.id,
        b1_0.attendees,
        b1_0.check_in_time,
        b1_0.check_out_time,
        b1_0.created_at,
        b1_0.date,
        b1_0.end_time,
        b1_0.expired_at,
        b1_0.extension_count,
        b1_0.facility_id,
        b1_0.is_recurring,
        b1_0.max_extensions,
        b1_0.notes,
        b1_0.original_end_time,
        b1_0.purpose,
        b1_0.recurrence_rule,
        b1_0.reminder_sent,
        b1_0.start_time,
        b1_0.status,
        b1_0.updated_at,
        b1_0.user_id 
    from
        bookings b1_0 
    where
        b1_0.status in (?, ?)
Hibernate: 
    select
        b1_0.id,
        b1_0.attendees,
        b1_0.check_in_time,
        b1_0.check_out_time,
        b1_0.created_at,
        b1_0.date,
        b1_0.end_time,
        b1_0.expired_at,
        b1_0.extension_count,
        b1_0.facility_id,
        b1_0.is_recurring,
        b1_0.max_extensions,
        b1_0.notes,
        b1_0.original_end_time,
        b1_0.purpose,
        b1_0.recurrence_rule,
        b1_0.reminder_sent,
        b1_0.start_time,
        b1_0.status,
        b1_0.updated_at,
        b1_0.user_id 
    from
        bookings b1_0 
    where
        b1_0.status in (?, ?)
Hibernate: 
    select
        b1_0.id,
        b1_0.attendees,
        b1_0.check_in_time,
        b1_0.check_out_time,
        b1_0.created_at,
        b1_0.date,
        b1_0.end_time,
        b1_0.expired_at,
        b1_0.extension_count,
        b1_0.facility_id,
        b1_0.is_recurring,
        b1_0.max_extensions,
        b1_0.notes,
        b1_0.original_end_time,
        b1_0.purpose,
        b1_0.recurrence_rule,
        b1_0.reminder_sent,
        b1_0.start_time,
        b1_0.status,
        b1_0.updated_at,
        b1_0.user_id 
    from
        bookings b1_0 
    where
        b1_0.status in (?, ?)
Hibernate: 
    select
        b1_0.id,
        b1_0.attendees,
        b1_0.check_in_time,
        b1_0.check_out_time,
        b1_0.created_at,
        b1_0.date,
        b1_0.end_time,
        b1_0.expired_at,
        b1_0.extension_count,
        b1_0.facility_id,
        b1_0.is_recurring,
        b1_0.max_extensions,
        b1_0.notes,
        b1_0.original_end_time,
        b1_0.purpose,
        b1_0.recurrence_rule,
        b1_0.reminder_sent,
        b1_0.start_time,
        b1_0.status,
        b1_0.updated_at,
        b1_0.user_id 
    from
        bookings b1_0 
    where
        b1_0.status in (?, ?)
Hibernate: 
    select
        b1_0.id,
        b1_0.attendees,
        b1_0.check_in_time,
        b1_0.check_out_time,
        b1_0.created_at,
        b1_0.date,
        b1_0.end_time,
        b1_0.expired_at,
        b1_0.extension_count,
        b1_0.facility_id,
        b1_0.is_recurring,
        b1_0.max_extensions,
        b1_0.notes,
        b1_0.original_end_time,
        b1_0.purpose,
        b1_0.recurrence_rule,
        b1_0.reminder_sent,
        b1_0.start_time,
        b1_0.status,
        b1_0.updated_at,
        b1_0.user_id 
    from
        bookings b1_0 
    where
        b1_0.status in (?, ?)
Hibernate: 
    select
        b1_0.id,
        b1_0.attendees,
        b1_0.check_in_time,
        b1_0.check_out_time,
        b1_0.created_at,
        b1_0.date,
        b1_0.end_time,
        b1_0.expired_at,
        b1_0.extension_count,
        b1_0.facility_id,
        b1_0.is_recurring,
        b1_0.max_extensions,
        b1_0.notes,
        b1_0.original_end_time,
        b1_0.purpose,
        b1_0.recurrence_rule,
        b1_0.reminder_sent,
        b1_0.start_time,
        b1_0.status,
        b1_0.updated_at,
        b1_0.user_id 
    from
        bookings b1_0 
    where
        b1_0.status in (?, ?)
Hibernate: 
    select
        b1_0.id,
        b1_0.attendees,
        b1_0.check_in_time,
        b1_0.check_out_time,
        b1_0.created_at,
        b1_0.date,
        b1_0.end_time,
        b1_0.expired_at,
        b1_0.extension_count,
        b1_0.facility_id,
        b1_0.is_recurring,
        b1_0.max_extensions,
        b1_0.notes,
        b1_0.original_end_time,
        b1_0.purpose,
        b1_0.recurrence_rule,
        b1_0.reminder_sent,
        b1_0.start_time,
        b1_0.status,
        b1_0.updated_at,
        b1_0.user_id 
    from
        bookings b1_0 
    where
        b1_0.status in (?, ?)
Hibernate: 
    select
        b1_0.id,
        b1_0.attendees,
        b1_0.check_in_time,
        b1_0.check_out_time,
        b1_0.created_at,
        b1_0.date,
        b1_0.end_time,
        b1_0.expired_at,
        b1_0.extension_count,
        b1_0.facility_id,
        b1_0.is_recurring,
        b1_0.max_extensions,
        b1_0.notes,
        b1_0.original_end_time,
        b1_0.purpose,
        b1_0.recurrence_rule,
        b1_0.reminder_sent,
        b1_0.start_time,
        b1_0.status,
        b1_0.updated_at,
        b1_0.user_id 
    from
        bookings b1_0 
    where
        b1_0.status in (?, ?)
Hibernate: 
    select
        b1_0.id,
        b1_0.attendees,
        b1_0.check_in_time,
        b1_0.check_out_time,
        b1_0.created_at,
        b1_0.date,
        b1_0.end_time,
        b1_0.expired_at,
        b1_0.extension_count,
        b1_0.facility_id,
        b1_0.is_recurring,
        b1_0.max_extensions,
        b1_0.notes,
        b1_0.original_end_time,
        b1_0.purpose,
        b1_0.recurrence_rule,
        b1_0.reminder_sent,
        b1_0.start_time,
        b1_0.status,
        b1_0.updated_at,
        b1_0.user_id 
    from
        bookings b1_0 
    where
        b1_0.status in (?, ?)
Hibernate: 
    select
        b1_0.id,
        b1_0.attendees,
        b1_0.check_in_time,
        b1_0.check_out_time,
        b1_0.created_at,
        b1_0.date,
        b1_0.end_time,
        b1_0.expired_at,
        b1_0.extension_count,
        b1_0.facility_id,
        b1_0.is_recurring,
        b1_0.max_extensions,
        b1_0.notes,
        b1_0.original_end_time,
        b1_0.purpose,
        b1_0.recurrence_rule,
        b1_0.reminder_sent,
        b1_0.start_time,
        b1_0.status,
        b1_0.updated_at,
        b1_0.user_id 
    from
        bookings b1_0 
    where
        b1_0.status in (?, ?)
Hibernate: 
    select
        b1_0.id,
        b1_0.attendees,
        b1_0.check_in_time,
        b1_0.check_out_time,
        b1_0.created_at,
        b1_0.date,
        b1_0.end_time,
        b1_0.expired_at,
        b1_0.extension_count,
        b1_0.facility_id,
        b1_0.is_recurring,
        b1_0.max_extensions,
        b1_0.notes,
        b1_0.original_end_time,
        b1_0.purpose,
        b1_0.recurrence_rule,
        b1_0.reminder_sent,
        b1_0.start_time,
        b1_0.status,
        b1_0.updated_at,
        b1_0.user_id 
    from
        bookings b1_0 
    where
        b1_0.status in (?, ?)
Hibernate: 
    select
        b1_0.id,
        b1_0.attendees,
        b1_0.check_in_time,
        b1_0.check_out_time,
        b1_0.created_at,
        b1_0.date,
        b1_0.end_time,
        b1_0.expired_at,
        b1_0.extension_count,
        b1_0.facility_id,
        b1_0.is_recurring,
        b1_0.max_extensions,
        b1_0.notes,
        b1_0.original_end_time,
        b1_0.purpose,
        b1_0.recurrence_rule,
        b1_0.reminder_sent,
        b1_0.start_time,
        b1_0.status,
        b1_0.updated_at,
        b1_0.user_id 
    from
        bookings b1_0 
    where
        b1_0.status in (?, ?)
Hibernate: 
    select
        b1_0.id,
        b1_0.attendees,
        b1_0.check_in_time,
        b1_0.check_out_time,
        b1_0.created_at,
        b1_0.date,
        b1_0.end_time,
        b1_0.expired_at,
        b1_0.extension_count,
        b1_0.facility_id,
        b1_0.is_recurring,
        b1_0.max_extensions,
        b1_0.notes,
        b1_0.original_end_time,
        b1_0.purpose,
        b1_0.recurrence_rule,
        b1_0.reminder_sent,
        b1_0.start_time,
        b1_0.status,
        b1_0.updated_at,
        b1_0.user_id 
    from
        bookings b1_0 
    where
        b1_0.status in (?, ?)
Hibernate: 
    select
        b1_0.id,
        b1_0.attendees,
        b1_0.check_in_time,
        b1_0.check_out_time,
        b1_0.created_at,
        b1_0.date,
        b1_0.end_time,
        b1_0.expired_at,
        b1_0.extension_count,
        b1_0.facility_id,
        b1_0.is_recurring,
        b1_0.max_extensions,
        b1_0.notes,
        b1_0.original_end_time,
        b1_0.purpose,
        b1_0.recurrence_rule,
        b1_0.reminder_sent,
        b1_0.start_time,
        b1_0.status,
        b1_0.updated_at,
        b1_0.user_id 
    from
        bookings b1_0 
    where
        b1_0.status in (?, ?)
Hibernate: 
    select
        b1_0.id,
        b1_0.attendees,
        b1_0.check_in_time,
        b1_0.check_out_time,
        b1_0.created_at,
        b1_0.date,
        b1_0.end_time,
        b1_0.expired_at,
        b1_0.extension_count,
        b1_0.facility_id,
        b1_0.is_recurring,
        b1_0.max_extensions,
        b1_0.notes,
        b1_0.original_end_time,
        b1_0.purpose,
        b1_0.recurrence_rule,
        b1_0.reminder_sent,
        b1_0.start_time,
        b1_0.status,
        b1_0.updated_at,
        b1_0.user_id 
    from
        bookings b1_0 
    where
        b1_0.status in (?, ?)
Hibernate: 
    select
        b1_0.id,
        b1_0.attendees,
        b1_0.check_in_time,
        b1_0.check_out_time,
        b1_0.created_at,
        b1_0.date,
        b1_0.end_time,
        b1_0.expired_at,
        b1_0.extension_count,
        b1_0.facility_id,
        b1_0.is_recurring,
        b1_0.max_extensions,
        b1_0.notes,
        b1_0.original_end_time,
        b1_0.purpose,
        b1_0.recurrence_rule,
        b1_0.reminder_sent,
        b1_0.start_time,
        b1_0.status,
        b1_0.updated_at,
        b1_0.user_id 
    from
        bookings b1_0 
    where
        b1_0.status in (?, ?)
Hibernate: 
    select
        b1_0.id,
        b1_0.attendees,
        b1_0.check_in_time,
        b1_0.check_out_time,
        b1_0.created_at,
        b1_0.date,
        b1_0.end_time,
        b1_0.expired_at,
        b1_0.extension_count,
        b1_0.facility_id,
        b1_0.is_recurring,
        b1_0.max_extensions,
        b1_0.notes,
        b1_0.original_end_time,
        b1_0.purpose,
        b1_0.recurrence_rule,
        b1_0.reminder_sent,
        b1_0.start_time,
        b1_0.status,
        b1_0.updated_at,
        b1_0.user_id 
    from
        bookings b1_0 
    where
        b1_0.status in (?, ?)
Hibernate: 
    select
        b1_0.id,
        b1_0.attendees,
        b1_0.check_in_time,
        b1_0.check_out_time,
        b1_0.created_at,
        b1_0.date,
        b1_0.end_time,
        b1_0.expired_at,
        b1_0.extension_count,
        b1_0.facility_id,
        b1_0.is_recurring,
        b1_0.max_extensions,
        b1_0.notes,
        b1_0.original_end_time,
        b1_0.purpose,
        b1_0.recurrence_rule,
        b1_0.reminder_sent,
        b1_0.start_time,
        b1_0.status,
        b1_0.updated_at,
        b1_0.user_id 
    from
        bookings b1_0 
    where
        b1_0.status in (?, ?)
Hibernate: 
    select
        b1_0.id,
        b1_0.attendees,
        b1_0.check_in_time,
        b1_0.check_out_time,
        b1_0.created_at,
        b1_0.date,
        b1_0.end_time,
        b1_0.expired_at,
        b1_0.extension_count,
        b1_0.facility_id,
        b1_0.is_recurring,
        b1_0.max_extensions,
        b1_0.notes,
        b1_0.original_end_time,
        b1_0.purpose,
        b1_0.recurrence_rule,
        b1_0.reminder_sent,
        b1_0.start_time,
        b1_0.status,
        b1_0.updated_at,
        b1_0.user_id 
    from
        bookings b1_0 
    where
        b1_0.status in (?, ?)
Hibernate: 
    select
        b1_0.id,
        b1_0.attendees,
        b1_0.check_in_time,
        b1_0.check_out_time,
        b1_0.created_at,
        b1_0.date,
        b1_0.end_time,
        b1_0.expired_at,
        b1_0.extension_count,
        b1_0.facility_id,
        b1_0.is_recurring,
        b1_0.max_extensions,
        b1_0.notes,
        b1_0.original_end_time,
        b1_0.purpose,
        b1_0.recurrence_rule,
        b1_0.reminder_sent,
        b1_0.start_time,
        b1_0.status,
        b1_0.updated_at,
        b1_0.user_id 
    from
        bookings b1_0 
    where
        b1_0.status in (?, ?)
Hibernate: 
    select
        b1_0.id,
        b1_0.attendees,
        b1_0.check_in_time,
        b1_0.check_out_time,
        b1_0.created_at,
        b1_0.date,
        b1_0.end_time,
        b1_0.expired_at,
        b1_0.extension_count,
        b1_0.facility_id,
        b1_0.is_recurring,
        b1_0.max_extensions,
        b1_0.notes,
        b1_0.original_end_time,
        b1_0.purpose,
        b1_0.recurrence_rule,
        b1_0.reminder_sent,
        b1_0.start_time,
        b1_0.status,
        b1_0.updated_at,
        b1_0.user_id 
    from
        bookings b1_0 
    where
        b1_0.status in (?, ?)
Hibernate: 
    select
        b1_0.id,
        b1_0.attendees,
        b1_0.check_in_time,
        b1_0.check_out_time,
        b1_0.created_at,
        b1_0.date,
        b1_0.end_time,
        b1_0.expired_at,
        b1_0.extension_count,
        b1_0.facility_id,
        b1_0.is_recurring,
        b1_0.max_extensions,
        b1_0.notes,
        b1_0.original_end_time,
        b1_0.purpose,
        b1_0.recurrence_rule,
        b1_0.reminder_sent,
        b1_0.start_time,
        b1_0.status,
        b1_0.updated_at,
        b1_0.user_id 
    from
        bookings b1_0 
    where
        b1_0.status in (?, ?)
Hibernate: 
    select
        b1_0.id,
        b1_0.attendees,
        b1_0.check_in_time,
        b1_0.check_out_time,
        b1_0.created_at,
        b1_0.date,
        b1_0.end_time,
        b1_0.expired_at,
        b1_0.extension_count,
        b1_0.facility_id,
        b1_0.is_recurring,
        b1_0.max_extensions,
        b1_0.notes,
        b1_0.original_end_time,
        b1_0.purpose,
        b1_0.recurrence_rule,
        b1_0.reminder_sent,
        b1_0.start_time,
        b1_0.status,
        b1_0.updated_at,
        b1_0.user_id 
    from
        bookings b1_0 
    where
        b1_0.status in (?, ?)
Hibernate: 
    select
        b1_0.id,
        b1_0.attendees,
        b1_0.check_in_time,
        b1_0.check_out_time,
        b1_0.created_at,
        b1_0.date,
        b1_0.end_time,
        b1_0.expired_at,
        b1_0.extension_count,
        b1_0.facility_id,
        b1_0.is_recurring,
        b1_0.max_extensions,
        b1_0.notes,
        b1_0.original_end_time,
        b1_0.purpose,
        b1_0.recurrence_rule,
        b1_0.reminder_sent,
        b1_0.start_time,
        b1_0.status,
        b1_0.updated_at,
        b1_0.user_id 
    from
        bookings b1_0 
    where
        b1_0.status in (?, ?)
Hibernate: 
    select
        b1_0.id,
        b1_0.attendees,
        b1_0.check_in_time,
        b1_0.check_out_time,
        b1_0.created_at,
        b1_0.date,
        b1_0.end_time,
        b1_0.expired_at,
        b1_0.extension_count,
        b1_0.facility_id,
        b1_0.is_recurring,
        b1_0.max_extensions,
        b1_0.notes,
        b1_0.original_end_time,
        b1_0.purpose,
        b1_0.recurrence_rule,
        b1_0.reminder_sent,
        b1_0.start_time,
        b1_0.status,
        b1_0.updated_at,
        b1_0.user_id 
    from
        bookings b1_0 
    where
        b1_0.status in (?, ?)
Hibernate: 
    select
        b1_0.id,
        b1_0.attendees,
        b1_0.check_in_time,
        b1_0.check_out_time,
        b1_0.created_at,
        b1_0.date,
        b1_0.end_time,
        b1_0.expired_at,
        b1_0.extension_count,
        b1_0.facility_id,
        b1_0.is_recurring,
        b1_0.max_extensions,
        b1_0.notes,
        b1_0.original_end_time,
        b1_0.purpose,
        b1_0.recurrence_rule,
        b1_0.reminder_sent,
        b1_0.start_time,
        b1_0.status,
        b1_0.updated_at,
        b1_0.user_id 
    from
        bookings b1_0 
    where
        b1_0.status in (?, ?)
Hibernate: 
    select
        b1_0.id,
        b1_0.attendees,
        b1_0.check_in_time,
        b1_0.check_out_time,
        b1_0.created_at,
        b1_0.date,
        b1_0.end_time,
        b1_0.expired_at,
        b1_0.extension_count,
        b1_0.facility_id,
        b1_0.is_recurring,
        b1_0.max_extensions,
        b1_0.notes,
        b1_0.original_end_time,
        b1_0.purpose,
        b1_0.recurrence_rule,
        b1_0.reminder_sent,
        b1_0.start_time,
        b1_0.status,
        b1_0.updated_at,
        b1_0.user_id 
    from
        bookings b1_0 
    where
        b1_0.status in (?, ?)
Hibernate: 
    select
        b1_0.id,
        b1_0.attendees,
        b1_0.check_in_time,
        b1_0.check_out_time,
        b1_0.created_at,
        b1_0.date,
        b1_0.end_time,
        b1_0.expired_at,
        b1_0.extension_count,
        b1_0.facility_id,
        b1_0.is_recurring,
        b1_0.max_extensions,
        b1_0.notes,
        b1_0.original_end_time,
        b1_0.purpose,
        b1_0.recurrence_rule,
        b1_0.reminder_sent,
        b1_0.start_time,
        b1_0.status,
        b1_0.updated_at,
        b1_0.user_id 
    from
        bookings b1_0 
    where
        b1_0.status in (?, ?)
Hibernate: 
    select
        b1_0.id,
        b1_0.attendees,
        b1_0.check_in_time,
        b1_0.check_out_time,
        b1_0.created_at,
        b1_0.date,
        b1_0.end_time,
        b1_0.expired_at,
        b1_0.extension_count,
        b1_0.facility_id,
        b1_0.is_recurring,
        b1_0.max_extensions,
        b1_0.notes,
        b1_0.original_end_time,
        b1_0.purpose,
        b1_0.recurrence_rule,
        b1_0.reminder_sent,
        b1_0.start_time,
        b1_0.status,
        b1_0.updated_at,
        b1_0.user_id 
    from
        bookings b1_0 
    where
        b1_0.status in (?, ?)
Hibernate: 
    select
        b1_0.id,
        b1_0.attendees,
        b1_0.check_in_time,
        b1_0.check_out_time,
        b1_0.created_at,
        b1_0.date,
        b1_0.end_time,
        b1_0.expired_at,
        b1_0.extension_count,
        b1_0.facility_id,
        b1_0.is_recurring,
        b1_0.max_extensions,
        b1_0.notes,
        b1_0.original_end_time,
        b1_0.purpose,
        b1_0.recurrence_rule,
        b1_0.reminder_sent,
        b1_0.start_time,
        b1_0.status,
        b1_0.updated_at,
        b1_0.user_id 
    from
        bookings b1_0 
    where
        b1_0.status in (?, ?)
Hibernate: 
    select
        b1_0.id,
        b1_0.attendees,
        b1_0.check_in_time,
        b1_0.check_out_time,
        b1_0.created_at,
        b1_0.date,
        b1_0.end_time,
        b1_0.expired_at,
        b1_0.extension_count,
        b1_0.facility_id,
        b1_0.is_recurring,
        b1_0.max_extensions,
        b1_0.notes,
        b1_0.original_end_time,
        b1_0.purpose,
        b1_0.recurrence_rule,
        b1_0.reminder_sent,
        b1_0.start_time,
        b1_0.status,
        b1_0.updated_at,
        b1_0.user_id 
    from
        bookings b1_0 
    where
        b1_0.status in (?, ?)
Hibernate: 
    select
        b1_0.id,
        b1_0.attendees,
        b1_0.check_in_time,
        b1_0.check_out_time,
        b1_0.created_at,
        b1_0.date,
        b1_0.end_time,
        b1_0.expired_at,
        b1_0.extension_count,
        b1_0.facility_id,
        b1_0.is_recurring,
        b1_0.max_extensions,
        b1_0.notes,
        b1_0.original_end_time,
        b1_0.purpose,
        b1_0.recurrence_rule,
        b1_0.reminder_sent,
        b1_0.start_time,
        b1_0.status,
        b1_0.updated_at,
        b1_0.user_id 
    from
        bookings b1_0 
    where
        b1_0.status in (?, ?)
Hibernate: 
    select
        b1_0.id,
        b1_0.attendees,
        b1_0.check_in_time,
        b1_0.check_out_time,
        b1_0.created_at,
        b1_0.date,
        b1_0.end_time,
        b1_0.expired_at,
        b1_0.extension_count,
        b1_0.facility_id,
        b1_0.is_recurring,
        b1_0.max_extensions,
        b1_0.notes,
        b1_0.original_end_time,
        b1_0.purpose,
        b1_0.recurrence_rule,
        b1_0.reminder_sent,
        b1_0.start_time,
        b1_0.status,
        b1_0.updated_at,
        b1_0.user_id 
    from
        bookings b1_0 
    where
        b1_0.status in (?, ?)
Hibernate: 
    select
        b1_0.id,
        b1_0.attendees,
        b1_0.check_in_time,
        b1_0.check_out_time,
        b1_0.created_at,
        b1_0.date,
        b1_0.end_time,
        b1_0.expired_at,
        b1_0.extension_count,
        b1_0.facility_id,
        b1_0.is_recurring,
        b1_0.max_extensions,
        b1_0.notes,
        b1_0.original_end_time,
        b1_0.purpose,
        b1_0.recurrence_rule,
        b1_0.reminder_sent,
        b1_0.start_time,
        b1_0.status,
        b1_0.updated_at,
        b1_0.user_id 
    from
        bookings b1_0 
    where
        b1_0.status in (?, ?)
Hibernate: 
    select
        b1_0.id,
        b1_0.attendees,
        b1_0.check_in_time,
        b1_0.check_out_time,
        b1_0.created_at,
        b1_0.date,
        b1_0.end_time,
        b1_0.expired_at,
        b1_0.extension_count,
        b1_0.facility_id,
        b1_0.is_recurring,
        b1_0.max_extensions,
        b1_0.notes,
        b1_0.original_end_time,
        b1_0.purpose,
        b1_0.recurrence_rule,
        b1_0.reminder_sent,
        b1_0.start_time,
        b1_0.status,
        b1_0.updated_at,
        b1_0.user_id 
    from
        bookings b1_0 
    where
        b1_0.status in (?, ?)
Hibernate: 
    select
        b1_0.id,
        b1_0.attendees,
        b1_0.check_in_time,
        b1_0.check_out_time,
        b1_0.created_at,
        b1_0.date,
        b1_0.end_time,
        b1_0.expired_at,
        b1_0.extension_count,
        b1_0.facility_id,
        b1_0.is_recurring,
        b1_0.max_extensions,
        b1_0.notes,
        b1_0.original_end_time,
        b1_0.purpose,
        b1_0.recurrence_rule,
        b1_0.reminder_sent,
        b1_0.start_time,
        b1_0.status,
        b1_0.updated_at,
        b1_0.user_id 
    from
        bookings b1_0 
    where
        b1_0.status in (?, ?)
Hibernate: 
    select
        b1_0.id,
        b1_0.attendees,
        b1_0.check_in_time,
        b1_0.check_out_time,
        b1_0.created_at,
        b1_0.date,
        b1_0.end_time,
        b1_0.expired_at,
        b1_0.extension_count,
        b1_0.facility_id,
        b1_0.is_recurring,
        b1_0.max_extensions,
        b1_0.notes,
        b1_0.original_end_time,
        b1_0.purpose,
        b1_0.recurrence_rule,
        b1_0.reminder_sent,
        b1_0.start_time,
        b1_0.status,
        b1_0.updated_at,
        b1_0.user_id 
    from
        bookings b1_0 
    where
        b1_0.status in (?, ?)
Hibernate: 
    select
        b1_0.id,
        b1_0.attendees,
        b1_0.check_in_time,
        b1_0.check_out_time,
        b1_0.created_at,
        b1_0.date,
        b1_0.end_time,
        b1_0.expired_at,
        b1_0.extension_count,
        b1_0.facility_id,
        b1_0.is_recurring,
        b1_0.max_extensions,
        b1_0.notes,
        b1_0.original_end_time,
        b1_0.purpose,
        b1_0.recurrence_rule,
        b1_0.reminder_sent,
        b1_0.start_time,
        b1_0.status,
        b1_0.updated_at,
        b1_0.user_id 
    from
        bookings b1_0 
    where
        b1_0.status in (?, ?)
Hibernate: 
    select
        b1_0.id,
        b1_0.attendees,
        b1_0.check_in_time,
        b1_0.check_out_time,
        b1_0.created_at,
        b1_0.date,
        b1_0.end_time,
        b1_0.expired_at,
        b1_0.extension_count,
        b1_0.facility_id,
        b1_0.is_recurring,
        b1_0.max_extensions,
        b1_0.notes,
        b1_0.original_end_time,
        b1_0.purpose,
        b1_0.recurrence_rule,
        b1_0.reminder_sent,
        b1_0.start_time,
        b1_0.status,
        b1_0.updated_at,
        b1_0.user_id 
    from
        bookings b1_0 
    where
        b1_0.status in (?, ?)
Hibernate: 
    select
        b1_0.id,
        b1_0.attendees,
        b1_0.check_in_time,
        b1_0.check_out_time,
        b1_0.created_at,
        b1_0.date,
        b1_0.end_time,
        b1_0.expired_at,
        b1_0.extension_count,
        b1_0.facility_id,
        b1_0.is_recurring,
        b1_0.max_extensions,
        b1_0.notes,
        b1_0.original_end_time,
        b1_0.purpose,
        b1_0.recurrence_rule,
        b1_0.reminder_sent,
        b1_0.start_time,
        b1_0.status,
        b1_0.updated_at,
        b1_0.user_id 
    from
        bookings b1_0 
    where
        b1_0.status in (?, ?)
Hibernate: 
    select
        b1_0.id,
        b1_0.attendees,
        b1_0.check_in_time,
        b1_0.check_out_time,
        b1_0.created_at,
        b1_0.date,
        b1_0.end_time,
        b1_0.expired_at,
        b1_0.extension_count,
        b1_0.facility_id,
        b1_0.is_recurring,
        b1_0.max_extensions,
        b1_0.notes,
        b1_0.original_end_time,
        b1_0.purpose,
        b1_0.recurrence_rule,
        b1_0.reminder_sent,
        b1_0.start_time,
        b1_0.status,
        b1_0.updated_at,
        b1_0.user_id 
    from
        bookings b1_0 
    where
        b1_0.status in (?, ?)
Hibernate: 
    select
        b1_0.id,
        b1_0.attendees,
        b1_0.check_in_time,
        b1_0.check_out_time,
        b1_0.created_at,
        b1_0.date,
        b1_0.end_time,
        b1_0.expired_at,
        b1_0.extension_count,
        b1_0.facility_id,
        b1_0.is_recurring,
        b1_0.max_extensions,
        b1_0.notes,
        b1_0.original_end_time,
        b1_0.purpose,
        b1_0.recurrence_rule,
        b1_0.reminder_sent,
        b1_0.start_time,
        b1_0.status,
        b1_0.updated_at,
        b1_0.user_id 
    from
        bookings b1_0 
    where
        b1_0.status in (?, ?)
Hibernate: 
    select
        b1_0.id,
        b1_0.attendees,
        b1_0.check_in_time,
        b1_0.check_out_time,
        b1_0.created_at,
        b1_0.date,
        b1_0.end_time,
        b1_0.expired_at,
        b1_0.extension_count,
        b1_0.facility_id,
        b1_0.is_recurring,
        b1_0.max_extensions,
        b1_0.notes,
        b1_0.original_end_time,
        b1_0.purpose,
        b1_0.recurrence_rule,
        b1_0.reminder_sent,
        b1_0.start_time,
        b1_0.status,
        b1_0.updated_at,
        b1_0.user_id 
    from
        bookings b1_0 
    where
        b1_0.status in (?, ?)
Hibernate: 
    select
        b1_0.id,
        b1_0.attendees,
        b1_0.check_in_time,
        b1_0.check_out_time,
        b1_0.created_at,
        b1_0.date,
        b1_0.end_time,
        b1_0.expired_at,
        b1_0.extension_count,
        b1_0.facility_id,
        b1_0.is_recurring,
        b1_0.max_extensions,
        b1_0.notes,
        b1_0.original_end_time,
        b1_0.purpose,
        b1_0.recurrence_rule,
        b1_0.reminder_sent,
        b1_0.start_time,
        b1_0.status,
        b1_0.updated_at,
        b1_0.user_id 
    from
        bookings b1_0 
    where
        b1_0.status in (?, ?)
Hibernate: 
    select
        b1_0.id,
        b1_0.attendees,
        b1_0.check_in_time,
        b1_0.check_out_time,
        b1_0.created_at,
        b1_0.date,
        b1_0.end_time,
        b1_0.expired_at,
        b1_0.extension_count,
        b1_0.facility_id,
        b1_0.is_recurring,
        b1_0.max_extensions,
        b1_0.notes,
        b1_0.original_end_time,
        b1_0.purpose,
        b1_0.recurrence_rule,
        b1_0.reminder_sent,
        b1_0.start_time,
        b1_0.status,
        b1_0.updated_at,
        b1_0.user_id 
    from
        bookings b1_0 
    where
        b1_0.status in (?, ?)
Hibernate: 
    select
        b1_0.id,
        b1_0.attendees,
        b1_0.check_in_time,
        b1_0.check_out_time,
        b1_0.created_at,
        b1_0.date,
        b1_0.end_time,
        b1_0.expired_at,
        b1_0.extension_count,
        b1_0.facility_id,
        b1_0.is_recurring,
        b1_0.max_extensions,
        b1_0.notes,
        b1_0.original_end_time,
        b1_0.purpose,
        b1_0.recurrence_rule,
        b1_0.reminder_sent,
        b1_0.start_time,
        b1_0.status,
        b1_0.updated_at,
        b1_0.user_id 
    from
        bookings b1_0 
    where
        b1_0.status in (?, ?)
Hibernate: 
    select
        b1_0.id,
        b1_0.attendees,
        b1_0.check_in_time,
        b1_0.check_out_time,
        b1_0.created_at,
        b1_0.date,
        b1_0.end_time,
        b1_0.expired_at,
        b1_0.extension_count,
        b1_0.facility_id,
        b1_0.is_recurring,
        b1_0.max_extensions,
        b1_0.notes,
        b1_0.original_end_time,
        b1_0.purpose,
        b1_0.recurrence_rule,
        b1_0.reminder_sent,
        b1_0.start_time,
        b1_0.status,
        b1_0.updated_at,
        b1_0.user_id 
    from
        bookings b1_0 
    where
        b1_0.status in (?, ?)
Hibernate: 
    select
        b1_0.id,
        b1_0.attendees,
        b1_0.check_in_time,
        b1_0.check_out_time,
        b1_0.created_at,
        b1_0.date,
        b1_0.end_time,
        b1_0.expired_at,
        b1_0.extension_count,
        b1_0.facility_id,
        b1_0.is_recurring,
        b1_0.max_extensions,
        b1_0.notes,
        b1_0.original_end_time,
        b1_0.purpose,
        b1_0.recurrence_rule,
        b1_0.reminder_sent,
        b1_0.start_time,
        b1_0.status,
        b1_0.updated_at,
        b1_0.user_id 
    from
        bookings b1_0 
    where
        b1_0.status in (?, ?)
Hibernate: 
    select
        b1_0.id,
        b1_0.attendees,
        b1_0.check_in_time,
        b1_0.check_out_time,
        b1_0.created_at,
        b1_0.date,
        b1_0.end_time,
        b1_0.expired_at,
        b1_0.extension_count,
        b1_0.facility_id,
        b1_0.is_recurring,
        b1_0.max_extensions,
        b1_0.notes,
        b1_0.original_end_time,
        b1_0.purpose,
        b1_0.recurrence_rule,
        b1_0.reminder_sent,
        b1_0.start_time,
        b1_0.status,
        b1_0.updated_at,
        b1_0.user_id 
    from
        bookings b1_0 
    where
        b1_0.status in (?, ?)
Hibernate: 
    select
        b1_0.id,
        b1_0.attendees,
        b1_0.check_in_time,
        b1_0.check_out_time,
        b1_0.created_at,
        b1_0.date,
        b1_0.end_time,
        b1_0.expired_at,
        b1_0.extension_count,
        b1_0.facility_id,
        b1_0.is_recurring,
        b1_0.max_extensions,
        b1_0.notes,
        b1_0.original_end_time,
        b1_0.purpose,
        b1_0.recurrence_rule,
        b1_0.reminder_sent,
        b1_0.start_time,
        b1_0.status,
        b1_0.updated_at,
        b1_0.user_id 
    from
        bookings b1_0 
    where
        b1_0.status in (?, ?)
Hibernate: 
    select
        b1_0.id,
        b1_0.attendees,
        b1_0.check_in_time,
        b1_0.check_out_time,
        b1_0.created_at,
        b1_0.date,
        b1_0.end_time,
        b1_0.expired_at,
        b1_0.extension_count,
        b1_0.facility_id,
        b1_0.is_recurring,
        b1_0.max_extensions,
        b1_0.notes,
        b1_0.original_end_time,
        b1_0.purpose,
        b1_0.recurrence_rule,
        b1_0.reminder_sent,
        b1_0.start_time,
        b1_0.status,
        b1_0.updated_at,
        b1_0.user_id 
    from
        bookings b1_0 
    where
        b1_0.status in (?, ?)
Hibernate: 
    select
        b1_0.id,
        b1_0.attendees,
        b1_0.check_in_time,
        b1_0.check_out_time,
        b1_0.created_at,
        b1_0.date,
        b1_0.end_time,
        b1_0.expired_at,
        b1_0.extension_count,
        b1_0.facility_id,
        b1_0.is_recurring,
        b1_0.max_extensions,
        b1_0.notes,
        b1_0.original_end_time,
        b1_0.purpose,
        b1_0.recurrence_rule,
        b1_0.reminder_sent,
        b1_0.start_time,
        b1_0.status,
        b1_0.updated_at,
        b1_0.user_id 
    from
        bookings b1_0 
    where
        b1_0.status in (?, ?)
Hibernate: 
    select
        b1_0.id,
        b1_0.attendees,
        b1_0.check_in_time,
        b1_0.check_out_time,
        b1_0.created_at,
        b1_0.date,
        b1_0.end_time,
        b1_0.expired_at,
        b1_0.extension_count,
        b1_0.facility_id,
        b1_0.is_recurring,
        b1_0.max_extensions,
        b1_0.notes,
        b1_0.original_end_time,
        b1_0.purpose,
        b1_0.recurrence_rule,
        b1_0.reminder_sent,
        b1_0.start_time,
        b1_0.status,
        b1_0.updated_at,
        b1_0.user_id 
    from
        bookings b1_0 
    where
        b1_0.status in (?, ?)
Hibernate: 
    select
        b1_0.id,
        b1_0.attendees,
        b1_0.check_in_time,
        b1_0.check_out_time,
        b1_0.created_at,
        b1_0.date,
        b1_0.end_time,
        b1_0.expired_at,
        b1_0.extension_count,
        b1_0.facility_id,
        b1_0.is_recurring,
        b1_0.max_extensions,
        b1_0.notes,
        b1_0.original_end_time,
        b1_0.purpose,
        b1_0.recurrence_rule,
        b1_0.reminder_sent,
        b1_0.start_time,
        b1_0.status,
        b1_0.updated_at,
        b1_0.user_id 
    from
        bookings b1_0 
    where
        b1_0.status in (?, ?)
Hibernate: 
    select
        b1_0.id,
        b1_0.attendees,
        b1_0.check_in_time,
        b1_0.check_out_time,
        b1_0.created_at,
        b1_0.date,
        b1_0.end_time,
        b1_0.expired_at,
        b1_0.extension_count,
        b1_0.facility_id,
        b1_0.is_recurring,
        b1_0.max_extensions,
        b1_0.notes,
        b1_0.original_end_time,
        b1_0.purpose,
        b1_0.recurrence_rule,
        b1_0.reminder_sent,
        b1_0.start_time,
        b1_0.status,
        b1_0.updated_at,
        b1_0.user_id 
    from
        bookings b1_0 
    where
        b1_0.status in (?, ?)
Hibernate: 
    select
        b1_0.id,
        b1_0.attendees,
        b1_0.check_in_time,
        b1_0.check_out_time,
        b1_0.created_at,
        b1_0.date,
        b1_0.end_time,
        b1_0.expired_at,
        b1_0.extension_count,
        b1_0.facility_id,
        b1_0.is_recurring,
        b1_0.max_extensions,
        b1_0.notes,
        b1_0.original_end_time,
        b1_0.purpose,
        b1_0.recurrence_rule,
        b1_0.reminder_sent,
        b1_0.start_time,
        b1_0.status,
        b1_0.updated_at,
        b1_0.user_id 
    from
        bookings b1_0 
    where
        b1_0.status in (?, ?)
Hibernate: 
    select
        b1_0.id,
        b1_0.attendees,
        b1_0.check_in_time,
        b1_0.check_out_time,
        b1_0.created_at,
        b1_0.date,
        b1_0.end_time,
        b1_0.expired_at,
        b1_0.extension_count,
        b1_0.facility_id,
        b1_0.is_recurring,
        b1_0.max_extensions,
        b1_0.notes,
        b1_0.original_end_time,
        b1_0.purpose,
        b1_0.recurrence_rule,
        b1_0.reminder_sent,
        b1_0.start_time,
        b1_0.status,
        b1_0.updated_at,
        b1_0.user_id 
    from
        bookings b1_0 
    where
        b1_0.status in (?, ?)
Hibernate: 
    select
        b1_0.id,
        b1_0.attendees,
        b1_0.check_in_time,
        b1_0.check_out_time,
        b1_0.created_at,
        b1_0.date,
        b1_0.end_time,
        b1_0.expired_at,
        b1_0.extension_count,
        b1_0.facility_id,
        b1_0.is_recurring,
        b1_0.max_extensions,
        b1_0.notes,
        b1_0.original_end_time,
        b1_0.purpose,
        b1_0.recurrence_rule,
        b1_0.reminder_sent,
        b1_0.start_time,
        b1_0.status,
        b1_0.updated_at,
        b1_0.user_id 
    from
        bookings b1_0 
    where
        b1_0.status in (?, ?)
Hibernate: 
    select
        b1_0.id,
        b1_0.attendees,
        b1_0.check_in_time,
        b1_0.check_out_time,
        b1_0.created_at,
        b1_0.date,
        b1_0.end_time,
        b1_0.expired_at,
        b1_0.extension_count,
        b1_0.facility_id,
        b1_0.is_recurring,
        b1_0.max_extensions,
        b1_0.notes,
        b1_0.original_end_time,
        b1_0.purpose,
        b1_0.recurrence_rule,
        b1_0.reminder_sent,
        b1_0.start_time,
        b1_0.status,
        b1_0.updated_at,
        b1_0.user_id 
    from
        bookings b1_0 
    where
        b1_0.status in (?, ?)
Hibernate: 
    select
        b1_0.id,
        b1_0.attendees,
        b1_0.check_in_time,
        b1_0.check_out_time,
        b1_0.created_at,
        b1_0.date,
        b1_0.end_time,
        b1_0.expired_at,
        b1_0.extension_count,
        b1_0.facility_id,
        b1_0.is_recurring,
        b1_0.max_extensions,
        b1_0.notes,
        b1_0.original_end_time,
        b1_0.purpose,
        b1_0.recurrence_rule,
        b1_0.reminder_sent,
        b1_0.start_time,
        b1_0.status,
        b1_0.updated_at,
        b1_0.user_id 
    from
        bookings b1_0 
    where
        b1_0.status in (?, ?)
Hibernate: 
    select
        b1_0.id,
        b1_0.attendees,
        b1_0.check_in_time,
        b1_0.check_out_time,
        b1_0.created_at,
        b1_0.date,
        b1_0.end_time,
        b1_0.expired_at,
        b1_0.extension_count,
        b1_0.facility_id,
        b1_0.is_recurring,
        b1_0.max_extensions,
        b1_0.notes,
        b1_0.original_end_time,
        b1_0.purpose,
        b1_0.recurrence_rule,
        b1_0.reminder_sent,
        b1_0.start_time,
        b1_0.status,
        b1_0.updated_at,
        b1_0.user_id 
    from
        bookings b1_0 
    where
        b1_0.status in (?, ?)
Hibernate: 
    select
        b1_0.id,
        b1_0.attendees,
        b1_0.check_in_time,
        b1_0.check_out_time,
        b1_0.created_at,
        b1_0.date,
        b1_0.end_time,
        b1_0.expired_at,
        b1_0.extension_count,
        b1_0.facility_id,
        b1_0.is_recurring,
        b1_0.max_extensions,
        b1_0.notes,
        b1_0.original_end_time,
        b1_0.purpose,
        b1_0.recurrence_rule,
        b1_0.reminder_sent,
        b1_0.start_time,
        b1_0.status,
        b1_0.updated_at,
        b1_0.user_id 
    from
        bookings b1_0 
    where
        b1_0.status in (?, ?)
Hibernate: 
    select
        b1_0.id,
        b1_0.attendees,
        b1_0.check_in_time,
        b1_0.check_out_time,
        b1_0.created_at,
        b1_0.date,
        b1_0.end_time,
        b1_0.expired_at,
        b1_0.extension_count,
        b1_0.facility_id,
        b1_0.is_recurring,
        b1_0.max_extensions,
        b1_0.notes,
        b1_0.original_end_time,
        b1_0.purpose,
        b1_0.recurrence_rule,
        b1_0.reminder_sent,
        b1_0.start_time,
        b1_0.status,
        b1_0.updated_at,
        b1_0.user_id 
    from
        bookings b1_0 
    where
        b1_0.status in (?, ?)
Hibernate: 
    select
        b1_0.id,
        b1_0.attendees,
        b1_0.check_in_time,
        b1_0.check_out_time,
        b1_0.created_at,
        b1_0.date,
        b1_0.end_time,
        b1_0.expired_at,
        b1_0.extension_count,
        b1_0.facility_id,
        b1_0.is_recurring,
        b1_0.max_extensions,
        b1_0.notes,
        b1_0.original_end_time,
        b1_0.purpose,
        b1_0.recurrence_rule,
        b1_0.reminder_sent,
        b1_0.start_time,
        b1_0.status,
        b1_0.updated_at,
        b1_0.user_id 
    from
        bookings b1_0 
    where
        b1_0.status in (?, ?)
Hibernate: 
    select
        b1_0.id,
        b1_0.attendees,
        b1_0.check_in_time,
        b1_0.check_out_time,
        b1_0.created_at,
        b1_0.date,
        b1_0.end_time,
        b1_0.expired_at,
        b1_0.extension_count,
        b1_0.facility_id,
        b1_0.is_recurring,
        b1_0.max_extensions,
        b1_0.notes,
        b1_0.original_end_time,
        b1_0.purpose,
        b1_0.recurrence_rule,
        b1_0.reminder_sent,
        b1_0.start_time,
        b1_0.status,
        b1_0.updated_at,
        b1_0.user_id 
    from
        bookings b1_0 
    where
        b1_0.status in (?, ?)
Hibernate: 
    select
        b1_0.id,
        b1_0.attendees,
        b1_0.check_in_time,
        b1_0.check_out_time,
        b1_0.created_at,
        b1_0.date,
        b1_0.end_time,
        b1_0.expired_at,
        b1_0.extension_count,
        b1_0.facility_id,
        b1_0.is_recurring,
        b1_0.max_extensions,
        b1_0.notes,
        b1_0.original_end_time,
        b1_0.purpose,
        b1_0.recurrence_rule,
        b1_0.reminder_sent,
        b1_0.start_time,
        b1_0.status,
        b1_0.updated_at,
        b1_0.user_id 
    from
        bookings b1_0 
    where
        b1_0.status in (?, ?)
Hibernate: 
    select
        b1_0.id,
        b1_0.attendees,
        b1_0.check_in_time,
        b1_0.check_out_time,
        b1_0.created_at,
        b1_0.date,
        b1_0.end_time,
        b1_0.expired_at,
        b1_0.extension_count,
        b1_0.facility_id,
        b1_0.is_recurring,
        b1_0.max_extensions,
        b1_0.notes,
        b1_0.original_end_time,
        b1_0.purpose,
        b1_0.recurrence_rule,
        b1_0.reminder_sent,
        b1_0.start_time,
        b1_0.status,
        b1_0.updated_at,
        b1_0.user_id 
    from
        bookings b1_0 
    where
        b1_0.status in (?, ?)
Hibernate: 
    select
        b1_0.id,
        b1_0.attendees,
        b1_0.check_in_time,
        b1_0.check_out_time,
        b1_0.created_at,
        b1_0.date,
        b1_0.end_time,
        b1_0.expired_at,
        b1_0.extension_count,
        b1_0.facility_id,
        b1_0.is_recurring,
        b1_0.max_extensions,
        b1_0.notes,
        b1_0.original_end_time,
        b1_0.purpose,
        b1_0.recurrence_rule,
        b1_0.reminder_sent,
        b1_0.start_time,
        b1_0.status,
        b1_0.updated_at,
        b1_0.user_id 
    from
        bookings b1_0 
    where
        b1_0.status in (?, ?)
Hibernate: 
    select
        b1_0.id,
        b1_0.attendees,
        b1_0.check_in_time,
        b1_0.check_out_time,
        b1_0.created_at,
        b1_0.date,
        b1_0.end_time,
        b1_0.expired_at,
        b1_0.extension_count,
        b1_0.facility_id,
        b1_0.is_recurring,
        b1_0.max_extensions,
        b1_0.notes,
        b1_0.original_end_time,
        b1_0.purpose,
        b1_0.recurrence_rule,
        b1_0.reminder_sent,
        b1_0.start_time,
        b1_0.status,
        b1_0.updated_at,
        b1_0.user_id 
    from
        bookings b1_0 
    where
        b1_0.status in (?, ?)
Hibernate: 
    select
        b1_0.id,
        b1_0.attendees,
        b1_0.check_in_time,
        b1_0.check_out_time,
        b1_0.created_at,
        b1_0.date,
        b1_0.end_time,
        b1_0.expired_at,
        b1_0.extension_count,
        b1_0.facility_id,
        b1_0.is_recurring,
        b1_0.max_extensions,
        b1_0.notes,
        b1_0.original_end_time,
        b1_0.purpose,
        b1_0.recurrence_rule,
        b1_0.reminder_sent,
        b1_0.start_time,
        b1_0.status,
        b1_0.updated_at,
        b1_0.user_id 
    from
        bookings b1_0 
    where
        b1_0.status in (?, ?)
Hibernate: 
    select
        b1_0.id,
        b1_0.attendees,
        b1_0.check_in_time,
        b1_0.check_out_time,
        b1_0.created_at,
        b1_0.date,
        b1_0.end_time,
        b1_0.expired_at,
        b1_0.extension_count,
        b1_0.facility_id,
        b1_0.is_recurring,
        b1_0.max_extensions,
        b1_0.notes,
        b1_0.original_end_time,
        b1_0.purpose,
        b1_0.recurrence_rule,
        b1_0.reminder_sent,
        b1_0.start_time,
        b1_0.status,
        b1_0.updated_at,
        b1_0.user_id 
    from
        bookings b1_0 
    where
        b1_0.status in (?, ?)
Hibernate: 
    select
        b1_0.id,
        b1_0.attendees,
        b1_0.check_in_time,
        b1_0.check_out_time,
        b1_0.created_at,
        b1_0.date,
        b1_0.end_time,
        b1_0.expired_at,
        b1_0.extension_count,
        b1_0.facility_id,
        b1_0.is_recurring,
        b1_0.max_extensions,
        b1_0.notes,
        b1_0.original_end_time,
        b1_0.purpose,
        b1_0.recurrence_rule,
        b1_0.reminder_sent,
        b1_0.start_time,
        b1_0.status,
        b1_0.updated_at,
        b1_0.user_id 
    from
        bookings b1_0 
    where
        b1_0.status in (?, ?)
Hibernate: 
    select
        b1_0.id,
        b1_0.attendees,
        b1_0.check_in_time,
        b1_0.check_out_time,
        b1_0.created_at,
        b1_0.date,
        b1_0.end_time,
        b1_0.expired_at,
        b1_0.extension_count,
        b1_0.facility_id,
        b1_0.is_recurring,
        b1_0.max_extensions,
        b1_0.notes,
        b1_0.original_end_time,
        b1_0.purpose,
        b1_0.recurrence_rule,
        b1_0.reminder_sent,
        b1_0.start_time,
        b1_0.status,
        b1_0.updated_at,
        b1_0.user_id 
    from
        bookings b1_0 
    where
        b1_0.status in (?, ?)
Hibernate: 
    select
        b1_0.id,
        b1_0.attendees,
        b1_0.check_in_time,
        b1_0.check_out_time,
        b1_0.created_at,
        b1_0.date,
        b1_0.end_time,
        b1_0.expired_at,
        b1_0.extension_count,
        b1_0.facility_id,
        b1_0.is_recurring,
        b1_0.max_extensions,
        b1_0.notes,
        b1_0.original_end_time,
        b1_0.purpose,
        b1_0.recurrence_rule,
        b1_0.reminder_sent,
        b1_0.start_time,
        b1_0.status,
        b1_0.updated_at,
        b1_0.user_id 
    from
        bookings b1_0 
    where
        b1_0.status in (?, ?)
Hibernate: 
    select
        b1_0.id,
        b1_0.attendees,
        b1_0.check_in_time,
        b1_0.check_out_time,
        b1_0.created_at,
        b1_0.date,
        b1_0.end_time,
        b1_0.expired_at,
        b1_0.extension_count,
        b1_0.facility_id,
        b1_0.is_recurring,
        b1_0.max_extensions,
        b1_0.notes,
        b1_0.original_end_time,
        b1_0.purpose,
        b1_0.recurrence_rule,
        b1_0.reminder_sent,
        b1_0.start_time,
        b1_0.status,
        b1_0.updated_at,
        b1_0.user_id 
    from
        bookings b1_0 
    where
        b1_0.status in (?, ?)
Hibernate: 
    select
        b1_0.id,
        b1_0.attendees,
        b1_0.check_in_time,
        b1_0.check_out_time,
        b1_0.created_at,
        b1_0.date,
        b1_0.end_time,
        b1_0.expired_at,
        b1_0.extension_count,
        b1_0.facility_id,
        b1_0.is_recurring,
        b1_0.max_extensions,
        b1_0.notes,
        b1_0.original_end_time,
        b1_0.purpose,
        b1_0.recurrence_rule,
        b1_0.reminder_sent,
        b1_0.start_time,
        b1_0.status,
        b1_0.updated_at,
        b1_0.user_id 
    from
        bookings b1_0 
    where
        b1_0.status in (?, ?)
Hibernate: 
    select
        b1_0.id,
        b1_0.attendees,
        b1_0.check_in_time,
        b1_0.check_out_time,
        b1_0.created_at,
        b1_0.date,
        b1_0.end_time,
        b1_0.expired_at,
        b1_0.extension_count,
        b1_0.facility_id,
        b1_0.is_recurring,
        b1_0.max_extensions,
        b1_0.notes,
        b1_0.original_end_time,
        b1_0.purpose,
        b1_0.recurrence_rule,
        b1_0.reminder_sent,
        b1_0.start_time,
        b1_0.status,
        b1_0.updated_at,
        b1_0.user_id 
    from
        bookings b1_0 
    where
        b1_0.status in (?, ?)
Hibernate: 
    select
        b1_0.id,
        b1_0.attendees,
        b1_0.check_in_time,
        b1_0.check_out_time,
        b1_0.created_at,
        b1_0.date,
        b1_0.end_time,
        b1_0.expired_at,
        b1_0.extension_count,
        b1_0.facility_id,
        b1_0.is_recurring,
        b1_0.max_extensions,
        b1_0.notes,
        b1_0.original_end_time,
        b1_0.purpose,
        b1_0.recurrence_rule,
        b1_0.reminder_sent,
        b1_0.start_time,
        b1_0.status,
        b1_0.updated_at,
        b1_0.user_id 
    from
        bookings b1_0 
    where
        b1_0.status in (?, ?)
Hibernate: 
    select
        b1_0.id,
        b1_0.attendees,
        b1_0.check_in_time,
        b1_0.check_out_time,
        b1_0.created_at,
        b1_0.date,
        b1_0.end_time,
        b1_0.expired_at,
        b1_0.extension_count,
        b1_0.facility_id,
        b1_0.is_recurring,
        b1_0.max_extensions,
        b1_0.notes,
        b1_0.original_end_time,
        b1_0.purpose,
        b1_0.recurrence_rule,
        b1_0.reminder_sent,
        b1_0.start_time,
        b1_0.status,
        b1_0.updated_at,
        b1_0.user_id 
    from
        bookings b1_0 
    where
        b1_0.status in (?, ?)
Hibernate: 
    select
        b1_0.id,
        b1_0.attendees,
        b1_0.check_in_time,
        b1_0.check_out_time,
        b1_0.created_at,
        b1_0.date,
        b1_0.end_time,
        b1_0.expired_at,
        b1_0.extension_count,
        b1_0.facility_id,
        b1_0.is_recurring,
        b1_0.max_extensions,
        b1_0.notes,
        b1_0.original_end_time,
        b1_0.purpose,
        b1_0.recurrence_rule,
        b1_0.reminder_sent,
        b1_0.start_time,
        b1_0.status,
        b1_0.updated_at,
        b1_0.user_id 
    from
        bookings b1_0 
    where
        b1_0.status in (?, ?)
Hibernate: 
    select
        b1_0.id,
        b1_0.attendees,
        b1_0.check_in_time,
        b1_0.check_out_time,
        b1_0.created_at,
        b1_0.date,
        b1_0.end_time,
        b1_0.expired_at,
        b1_0.extension_count,
        b1_0.facility_id,
        b1_0.is_recurring,
        b1_0.max_extensions,
        b1_0.notes,
        b1_0.original_end_time,
        b1_0.purpose,
        b1_0.recurrence_rule,
        b1_0.reminder_sent,
        b1_0.start_time,
        b1_0.status,
        b1_0.updated_at,
        b1_0.user_id 
    from
        bookings b1_0 
    where
        b1_0.status in (?, ?)
Hibernate: 
    select
        b1_0.id,
        b1_0.attendees,
        b1_0.check_in_time,
        b1_0.check_out_time,
        b1_0.created_at,
        b1_0.date,
        b1_0.end_time,
        b1_0.expired_at,
        b1_0.extension_count,
        b1_0.facility_id,
        b1_0.is_recurring,
        b1_0.max_extensions,
        b1_0.notes,
        b1_0.original_end_time,
        b1_0.purpose,
        b1_0.recurrence_rule,
        b1_0.reminder_sent,
        b1_0.start_time,
        b1_0.status,
        b1_0.updated_at,
        b1_0.user_id 
    from
        bookings b1_0 
    where
        b1_0.status in (?, ?)
Hibernate: 
    select
        b1_0.id,
        b1_0.attendees,
        b1_0.check_in_time,
        b1_0.check_out_time,
        b1_0.created_at,
        b1_0.date,
        b1_0.end_time,
        b1_0.expired_at,
        b1_0.extension_count,
        b1_0.facility_id,
        b1_0.is_recurring,
        b1_0.max_extensions,
        b1_0.notes,
        b1_0.original_end_time,
        b1_0.purpose,
        b1_0.recurrence_rule,
        b1_0.reminder_sent,
        b1_0.start_time,
        b1_0.status,
        b1_0.updated_at,
        b1_0.user_id 
    from
        bookings b1_0 
    where
        b1_0.status in (?, ?)
Hibernate: 
    select
        b1_0.id,
        b1_0.attendees,
        b1_0.check_in_time,
        b1_0.check_out_time,
        b1_0.created_at,
        b1_0.date,
        b1_0.end_time,
        b1_0.expired_at,
        b1_0.extension_count,
        b1_0.facility_id,
        b1_0.is_recurring,
        b1_0.max_extensions,
        b1_0.notes,
        b1_0.original_end_time,
        b1_0.purpose,
        b1_0.recurrence_rule,
        b1_0.reminder_sent,
        b1_0.start_time,
        b1_0.status,
        b1_0.updated_at,
        b1_0.user_id 
    from
        bookings b1_0 
    where
        b1_0.status in (?, ?)
Hibernate: 
    select
        b1_0.id,
        b1_0.attendees,
        b1_0.check_in_time,
        b1_0.check_out_time,
        b1_0.created_at,
        b1_0.date,
        b1_0.end_time,
        b1_0.expired_at,
        b1_0.extension_count,
        b1_0.facility_id,
        b1_0.is_recurring,
        b1_0.max_extensions,
        b1_0.notes,
        b1_0.original_end_time,
        b1_0.purpose,
        b1_0.recurrence_rule,
        b1_0.reminder_sent,
        b1_0.start_time,
        b1_0.status,
        b1_0.updated_at,
        b1_0.user_id 
    from
        bookings b1_0 
    where
        b1_0.status in (?, ?)
Hibernate: 
    select
        b1_0.id,
        b1_0.attendees,
        b1_0.check_in_time,
        b1_0.check_out_time,
        b1_0.created_at,
        b1_0.date,
        b1_0.end_time,
        b1_0.expired_at,
        b1_0.extension_count,
        b1_0.facility_id,
        b1_0.is_recurring,
        b1_0.max_extensions,
        b1_0.notes,
        b1_0.original_end_time,
        b1_0.purpose,
        b1_0.recurrence_rule,
        b1_0.reminder_sent,
        b1_0.start_time,
        b1_0.status,
        b1_0.updated_at,
        b1_0.user_id 
    from
        bookings b1_0 
    where
        b1_0.status in (?, ?)
Hibernate: 
    select
        b1_0.id,
        b1_0.attendees,
        b1_0.check_in_time,
        b1_0.check_out_time,
        b1_0.created_at,
        b1_0.date,
        b1_0.end_time,
        b1_0.expired_at,
        b1_0.extension_count,
        b1_0.facility_id,
        b1_0.is_recurring,
        b1_0.max_extensions,
        b1_0.notes,
        b1_0.original_end_time,
        b1_0.purpose,
        b1_0.recurrence_rule,
        b1_0.reminder_sent,
        b1_0.start_time,
        b1_0.status,
        b1_0.updated_at,
        b1_0.user_id 
    from
        bookings b1_0 
    where
        b1_0.status in (?, ?)
Hibernate: 
    select
        b1_0.id,
        b1_0.attendees,
        b1_0.check_in_time,
        b1_0.check_out_time,
        b1_0.created_at,
        b1_0.date,
        b1_0.end_time,
        b1_0.expired_at,
        b1_0.extension_count,
        b1_0.facility_id,
        b1_0.is_recurring,
        b1_0.max_extensions,
        b1_0.notes,
        b1_0.original_end_time,
        b1_0.purpose,
        b1_0.recurrence_rule,
        b1_0.reminder_sent,
        b1_0.start_time,
        b1_0.status,
        b1_0.updated_at,
        b1_0.user_id 
    from
        bookings b1_0 
    where
        b1_0.status in (?, ?)
Hibernate: 
    select
        b1_0.id,
        b1_0.attendees,
        b1_0.check_in_time,
        b1_0.check_out_time,
        b1_0.created_at,
        b1_0.date,
        b1_0.end_time,
        b1_0.expired_at,
        b1_0.extension_count,
        b1_0.facility_id,
        b1_0.is_recurring,
        b1_0.max_extensions,
        b1_0.notes,
        b1_0.original_end_time,
        b1_0.purpose,
        b1_0.recurrence_rule,
        b1_0.reminder_sent,
        b1_0.start_time,
        b1_0.status,
        b1_0.updated_at,
        b1_0.user_id 
    from
        bookings b1_0 
    where
        b1_0.status in (?, ?)
Hibernate: 
    select
        b1_0.id,
        b1_0.attendees,
        b1_0.check_in_time,
        b1_0.check_out_time,
        b1_0.created_at,
        b1_0.date,
        b1_0.end_time,
        b1_0.expired_at,
        b1_0.extension_count,
        b1_0.facility_id,
        b1_0.is_recurring,
        b1_0.max_extensions,
        b1_0.notes,
        b1_0.original_end_time,
        b1_0.purpose,
        b1_0.recurrence_rule,
        b1_0.reminder_sent,
        b1_0.start_time,
        b1_0.status,
        b1_0.updated_at,
        b1_0.user_id 
    from
        bookings b1_0 
    where
        b1_0.status in (?, ?)
Hibernate: 
    select
        b1_0.id,
        b1_0.attendees,
        b1_0.check_in_time,
        b1_0.check_out_time,
        b1_0.created_at,
        b1_0.date,
        b1_0.end_time,
        b1_0.expired_at,
        b1_0.extension_count,
        b1_0.facility_id,
        b1_0.is_recurring,
        b1_0.max_extensions,
        b1_0.notes,
        b1_0.original_end_time,
        b1_0.purpose,
        b1_0.recurrence_rule,
        b1_0.reminder_sent,
        b1_0.start_time,
        b1_0.status,
        b1_0.updated_at,
        b1_0.user_id 
    from
        bookings b1_0 
    where
        b1_0.status in (?, ?)
Hibernate: 
    select
        b1_0.id,
        b1_0.attendees,
        b1_0.check_in_time,
        b1_0.check_out_time,
        b1_0.created_at,
        b1_0.date,
        b1_0.end_time,
        b1_0.expired_at,
        b1_0.extension_count,
        b1_0.facility_id,
        b1_0.is_recurring,
        b1_0.max_extensions,
        b1_0.notes,
        b1_0.original_end_time,
        b1_0.purpose,
        b1_0.recurrence_rule,
        b1_0.reminder_sent,
        b1_0.start_time,
        b1_0.status,
        b1_0.updated_at,
        b1_0.user_id 
    from
        bookings b1_0 
    where
        b1_0.status in (?, ?)
Hibernate: 
    select
        b1_0.id,
        b1_0.attendees,
        b1_0.check_in_time,
        b1_0.check_out_time,
        b1_0.created_at,
        b1_0.date,
        b1_0.end_time,
        b1_0.expired_at,
        b1_0.extension_count,
        b1_0.facility_id,
        b1_0.is_recurring,
        b1_0.max_extensions,
        b1_0.notes,
        b1_0.original_end_time,
        b1_0.purpose,
        b1_0.recurrence_rule,
        b1_0.reminder_sent,
        b1_0.start_time,
        b1_0.status,
        b1_0.updated_at,
        b1_0.user_id 
    from
        bookings b1_0 
    where
        b1_0.status in (?, ?)
Hibernate: 
    select
        b1_0.id,
        b1_0.attendees,
        b1_0.check_in_time,
        b1_0.check_out_time,
        b1_0.created_at,
        b1_0.date,
        b1_0.end_time,
        b1_0.expired_at,
        b1_0.extension_count,
        b1_0.facility_id,
        b1_0.is_recurring,
        b1_0.max_extensions,
        b1_0.notes,
        b1_0.original_end_time,
        b1_0.purpose,
        b1_0.recurrence_rule,
        b1_0.reminder_sent,
        b1_0.start_time,
        b1_0.status,
        b1_0.updated_at,
        b1_0.user_id 
    from
        bookings b1_0 
    where
        b1_0.status in (?, ?)
Hibernate: 
    select
        b1_0.id,
        b1_0.attendees,
        b1_0.check_in_time,
        b1_0.check_out_time,
        b1_0.created_at,
        b1_0.date,
        b1_0.end_time,
        b1_0.expired_at,
        b1_0.extension_count,
        b1_0.facility_id,
        b1_0.is_recurring,
        b1_0.max_extensions,
        b1_0.notes,
        b1_0.original_end_time,
        b1_0.purpose,
        b1_0.recurrence_rule,
        b1_0.reminder_sent,
        b1_0.start_time,
        b1_0.status,
        b1_0.updated_at,
        b1_0.user_id 
    from
        bookings b1_0 
    where
        b1_0.status in (?, ?)
Hibernate: 
    select
        b1_0.id,
        b1_0.attendees,
        b1_0.check_in_time,
        b1_0.check_out_time,
        b1_0.created_at,
        b1_0.date,
        b1_0.end_time,
        b1_0.expired_at,
        b1_0.extension_count,
        b1_0.facility_id,
        b1_0.is_recurring,
        b1_0.max_extensions,
        b1_0.notes,
        b1_0.original_end_time,
        b1_0.purpose,
        b1_0.recurrence_rule,
        b1_0.reminder_sent,
        b1_0.start_time,
        b1_0.status,
        b1_0.updated_at,
        b1_0.user_id 
    from
        bookings b1_0 
    where
        b1_0.status in (?, ?)
Hibernate: 
    select
        b1_0.id,
        b1_0.attendees,
        b1_0.check_in_time,
        b1_0.check_out_time,
        b1_0.created_at,
        b1_0.date,
        b1_0.end_time,
        b1_0.expired_at,
        b1_0.extension_count,
        b1_0.facility_id,
        b1_0.is_recurring,
        b1_0.max_extensions,
        b1_0.notes,
        b1_0.original_end_time,
        b1_0.purpose,
        b1_0.recurrence_rule,
        b1_0.reminder_sent,
        b1_0.start_time,
        b1_0.status,
        b1_0.updated_at,
        b1_0.user_id 
    from
        bookings b1_0 
    where
        b1_0.status in (?, ?)
Hibernate: 
    select
        b1_0.id,
        b1_0.attendees,
        b1_0.check_in_time,
        b1_0.check_out_time,
        b1_0.created_at,
        b1_0.date,
        b1_0.end_time,
        b1_0.expired_at,
        b1_0.extension_count,
        b1_0.facility_id,
        b1_0.is_recurring,
        b1_0.max_extensions,
        b1_0.notes,
        b1_0.original_end_time,
        b1_0.purpose,
        b1_0.recurrence_rule,
        b1_0.reminder_sent,
        b1_0.start_time,
        b1_0.status,
        b1_0.updated_at,
        b1_0.user_id 
    from
        bookings b1_0 
    where
        b1_0.status in (?, ?)
Hibernate: 
    select
        b1_0.id,
        b1_0.attendees,
        b1_0.check_in_time,
        b1_0.check_out_time,
        b1_0.created_at,
        b1_0.date,
        b1_0.end_time,
        b1_0.expired_at,
        b1_0.extension_count,
        b1_0.facility_id,
        b1_0.is_recurring,
        b1_0.max_extensions,
        b1_0.notes,
        b1_0.original_end_time,
        b1_0.purpose,
        b1_0.recurrence_rule,
        b1_0.reminder_sent,
        b1_0.start_time,
        b1_0.status,
        b1_0.updated_at,
        b1_0.user_id 
    from
        bookings b1_0 
    where
        b1_0.status in (?, ?)
Hibernate: 
    select
        b1_0.id,
        b1_0.attendees,
        b1_0.check_in_time,
        b1_0.check_out_time,
        b1_0.created_at,
        b1_0.date,
        b1_0.end_time,
        b1_0.expired_at,
        b1_0.extension_count,
        b1_0.facility_id,
        b1_0.is_recurring,
        b1_0.max_extensions,
        b1_0.notes,
        b1_0.original_end_time,
        b1_0.purpose,
        b1_0.recurrence_rule,
        b1_0.reminder_sent,
        b1_0.start_time,
        b1_0.status,
        b1_0.updated_at,
        b1_0.user_id 
    from
        bookings b1_0 
    where
        b1_0.status in (?, ?)
Hibernate: 
    select
        b1_0.id,
        b1_0.attendees,
        b1_0.check_in_time,
        b1_0.check_out_time,
        b1_0.created_at,
        b1_0.date,
        b1_0.end_time,
        b1_0.expired_at,
        b1_0.extension_count,
        b1_0.facility_id,
        b1_0.is_recurring,
        b1_0.max_extensions,
        b1_0.notes,
        b1_0.original_end_time,
        b1_0.purpose,
        b1_0.recurrence_rule,
        b1_0.reminder_sent,
        b1_0.start_time,
        b1_0.status,
        b1_0.updated_at,
        b1_0.user_id 
    from
        bookings b1_0 
    where
        b1_0.status in (?, ?)
Hibernate: 
    select
        b1_0.id,
        b1_0.attendees,
        b1_0.check_in_time,
        b1_0.check_out_time,
        b1_0.created_at,
        b1_0.date,
        b1_0.end_time,
        b1_0.expired_at,
        b1_0.extension_count,
        b1_0.facility_id,
        b1_0.is_recurring,
        b1_0.max_extensions,
        b1_0.notes,
        b1_0.original_end_time,
        b1_0.purpose,
        b1_0.recurrence_rule,
        b1_0.reminder_sent,
        b1_0.start_time,
        b1_0.status,
        b1_0.updated_at,
        b1_0.user_id 
    from
        bookings b1_0 
    where
        b1_0.status in (?, ?)
Hibernate: 
    select
        b1_0.id,
        b1_0.attendees,
        b1_0.check_in_time,
        b1_0.check_out_time,
        b1_0.created_at,
        b1_0.date,
        b1_0.end_time,
        b1_0.expired_at,
        b1_0.extension_count,
        b1_0.facility_id,
        b1_0.is_recurring,
        b1_0.max_extensions,
        b1_0.notes,
        b1_0.original_end_time,
        b1_0.purpose,
        b1_0.recurrence_rule,
        b1_0.reminder_sent,
        b1_0.start_time,
        b1_0.status,
        b1_0.updated_at,
        b1_0.user_id 
    from
        bookings b1_0 
    where
        b1_0.status in (?, ?)
Hibernate: 
    select
        b1_0.id,
        b1_0.attendees,
        b1_0.check_in_time,
        b1_0.check_out_time,
        b1_0.created_at,
        b1_0.date,
        b1_0.end_time,
        b1_0.expired_at,
        b1_0.extension_count,
        b1_0.facility_id,
        b1_0.is_recurring,
        b1_0.max_extensions,
        b1_0.notes,
        b1_0.original_end_time,
        b1_0.purpose,
        b1_0.recurrence_rule,
        b1_0.reminder_sent,
        b1_0.start_time,
        b1_0.status,
        b1_0.updated_at,
        b1_0.user_id 
    from
        bookings b1_0 
    where
        b1_0.status in (?, ?)
Hibernate: 
    select
        b1_0.id,
        b1_0.attendees,
        b1_0.check_in_time,
        b1_0.check_out_time,
        b1_0.created_at,
        b1_0.date,
        b1_0.end_time,
        b1_0.expired_at,
        b1_0.extension_count,
        b1_0.facility_id,
        b1_0.is_recurring,
        b1_0.max_extensions,
        b1_0.notes,
        b1_0.original_end_time,
        b1_0.purpose,
        b1_0.recurrence_rule,
        b1_0.reminder_sent,
        b1_0.start_time,
        b1_0.status,
        b1_0.updated_at,
        b1_0.user_id 
    from
        bookings b1_0 
    where
        b1_0.status in (?, ?)
Hibernate: 
    select
        b1_0.id,
        b1_0.attendees,
        b1_0.check_in_time,
        b1_0.check_out_time,
        b1_0.created_at,
        b1_0.date,
        b1_0.end_time,
        b1_0.expired_at,
        b1_0.extension_count,
        b1_0.facility_id,
        b1_0.is_recurring,
        b1_0.max_extensions,
        b1_0.notes,
        b1_0.original_end_time,
        b1_0.purpose,
        b1_0.recurrence_rule,
        b1_0.reminder_sent,
        b1_0.start_time,
        b1_0.status,
        b1_0.updated_at,
        b1_0.user_id 
    from
        bookings b1_0 
    where
        b1_0.status in (?, ?)
Hibernate: 
    select
        b1_0.id,
        b1_0.attendees,
        b1_0.check_in_time,
        b1_0.check_out_time,
        b1_0.created_at,
        b1_0.date,
        b1_0.end_time,
        b1_0.expired_at,
        b1_0.extension_count,
        b1_0.facility_id,
        b1_0.is_recurring,
        b1_0.max_extensions,
        b1_0.notes,
        b1_0.original_end_time,
        b1_0.purpose,
        b1_0.recurrence_rule,
        b1_0.reminder_sent,
        b1_0.start_time,
        b1_0.status,
        b1_0.updated_at,
        b1_0.user_id 
    from
        bookings b1_0 
    where
        b1_0.status in (?, ?)
Hibernate: 
    select
        b1_0.id,
        b1_0.attendees,
        b1_0.check_in_time,
        b1_0.check_out_time,
        b1_0.created_at,
        b1_0.date,
        b1_0.end_time,
        b1_0.expired_at,
        b1_0.extension_count,
        b1_0.facility_id,
        b1_0.is_recurring,
        b1_0.max_extensions,
        b1_0.notes,
        b1_0.original_end_time,
        b1_0.purpose,
        b1_0.recurrence_rule,
        b1_0.reminder_sent,
        b1_0.start_time,
        b1_0.status,
        b1_0.updated_at,
        b1_0.user_id 
    from
        bookings b1_0 
    where
        b1_0.status in (?, ?)
Hibernate: 
    select
        b1_0.id,
        b1_0.attendees,
        b1_0.check_in_time,
        b1_0.check_out_time,
        b1_0.created_at,
        b1_0.date,
        b1_0.end_time,
        b1_0.expired_at,
        b1_0.extension_count,
        b1_0.facility_id,
        b1_0.is_recurring,
        b1_0.max_extensions,
        b1_0.notes,
        b1_0.original_end_time,
        b1_0.purpose,
        b1_0.recurrence_rule,
        b1_0.reminder_sent,
        b1_0.start_time,
        b1_0.status,
        b1_0.updated_at,
        b1_0.user_id 
    from
        bookings b1_0 
    where
        b1_0.status in (?, ?)
Hibernate: 
    select
        b1_0.id,
        b1_0.attendees,
        b1_0.check_in_time,
        b1_0.check_out_time,
        b1_0.created_at,
        b1_0.date,
        b1_0.end_time,
        b1_0.expired_at,
        b1_0.extension_count,
        b1_0.facility_id,
        b1_0.is_recurring,
        b1_0.max_extensions,
        b1_0.notes,
        b1_0.original_end_time,
        b1_0.purpose,
        b1_0.recurrence_rule,
        b1_0.reminder_sent,
        b1_0.start_time,
        b1_0.status,
        b1_0.updated_at,
        b1_0.user_id 
    from
        bookings b1_0 
    where
        b1_0.status in (?, ?)
Hibernate: 
    select
        b1_0.id,
        b1_0.attendees,
        b1_0.check_in_time,
        b1_0.check_out_time,
        b1_0.created_at,
        b1_0.date,
        b1_0.end_time,
        b1_0.expired_at,
        b1_0.extension_count,
        b1_0.facility_id,
        b1_0.is_recurring,
        b1_0.max_extensions,
        b1_0.notes,
        b1_0.original_end_time,
        b1_0.purpose,
        b1_0.recurrence_rule,
        b1_0.reminder_sent,
        b1_0.start_time,
        b1_0.status,
        b1_0.updated_at,
        b1_0.user_id 
    from
        bookings b1_0 
    where
        b1_0.status in (?, ?)
Hibernate: 
    select
        b1_0.id,
        b1_0.attendees,
        b1_0.check_in_time,
        b1_0.check_out_time,
        b1_0.created_at,
        b1_0.date,
        b1_0.end_time,
        b1_0.expired_at,
        b1_0.extension_count,
        b1_0.facility_id,
        b1_0.is_recurring,
        b1_0.max_extensions,
        b1_0.notes,
        b1_0.original_end_time,
        b1_0.purpose,
        b1_0.recurrence_rule,
        b1_0.reminder_sent,
        b1_0.start_time,
        b1_0.status,
        b1_0.updated_at,
        b1_0.user_id 
    from
        bookings b1_0 
    where
        b1_0.status in (?, ?)
Hibernate: 
    select
        b1_0.id,
        b1_0.attendees,
        b1_0.check_in_time,
        b1_0.check_out_time,
        b1_0.created_at,
        b1_0.date,
        b1_0.end_time,
        b1_0.expired_at,
        b1_0.extension_count,
        b1_0.facility_id,
        b1_0.is_recurring,
        b1_0.max_extensions,
        b1_0.notes,
        b1_0.original_end_time,
        b1_0.purpose,
        b1_0.recurrence_rule,
        b1_0.reminder_sent,
        b1_0.start_time,
        b1_0.status,
        b1_0.updated_at,
        b1_0.user_id 
    from
        bookings b1_0 
    where
        b1_0.status in (?, ?)
Hibernate: 
    select
        b1_0.id,
        b1_0.attendees,
        b1_0.check_in_time,
        b1_0.check_out_time,
        b1_0.created_at,
        b1_0.date,
        b1_0.end_time,
        b1_0.expired_at,
        b1_0.extension_count,
        b1_0.facility_id,
        b1_0.is_recurring,
        b1_0.max_extensions,
        b1_0.notes,
        b1_0.original_end_time,
        b1_0.purpose,
        b1_0.recurrence_rule,
        b1_0.reminder_sent,
        b1_0.start_time,
        b1_0.status,
        b1_0.updated_at,
        b1_0.user_id 
    from
        bookings b1_0 
    where
        b1_0.status in (?, ?)
Hibernate: 
    select
        b1_0.id,
        b1_0.attendees,
        b1_0.check_in_time,
        b1_0.check_out_time,
        b1_0.created_at,
        b1_0.date,
        b1_0.end_time,
        b1_0.expired_at,
        b1_0.extension_count,
        b1_0.facility_id,
        b1_0.is_recurring,
        b1_0.max_extensions,
        b1_0.notes,
        b1_0.original_end_time,
        b1_0.purpose,
        b1_0.recurrence_rule,
        b1_0.reminder_sent,
        b1_0.start_time,
        b1_0.status,
        b1_0.updated_at,
        b1_0.user_id 
    from
        bookings b1_0 
    where
        b1_0.status in (?, ?)
Hibernate: 
    select
        b1_0.id,
        b1_0.attendees,
        b1_0.check_in_time,
        b1_0.check_out_time,
        b1_0.created_at,
        b1_0.date,
        b1_0.end_time,
        b1_0.expired_at,
        b1_0.extension_count,
        b1_0.facility_id,
        b1_0.is_recurring,
        b1_0.max_extensions,
        b1_0.notes,
        b1_0.original_end_time,
        b1_0.purpose,
        b1_0.recurrence_rule,
        b1_0.reminder_sent,
        b1_0.start_time,
        b1_0.status,
        b1_0.updated_at,
        b1_0.user_id 
    from
        bookings b1_0 
    where
        b1_0.status in (?, ?)
Hibernate: 
    select
        b1_0.id,
        b1_0.attendees,
        b1_0.check_in_time,
        b1_0.check_out_time,
        b1_0.created_at,
        b1_0.date,
        b1_0.end_time,
        b1_0.expired_at,
        b1_0.extension_count,
        b1_0.facility_id,
        b1_0.is_recurring,
        b1_0.max_extensions,
        b1_0.notes,
        b1_0.original_end_time,
        b1_0.purpose,
        b1_0.recurrence_rule,
        b1_0.reminder_sent,
        b1_0.start_time,
        b1_0.status,
        b1_0.updated_at,
        b1_0.user_id 
    from
        bookings b1_0 
    where
        b1_0.status in (?, ?)
Hibernate: 
    select
        b1_0.id,
        b1_0.attendees,
        b1_0.check_in_time,
        b1_0.check_out_time,
        b1_0.created_at,
        b1_0.date,
        b1_0.end_time,
        b1_0.expired_at,
        b1_0.extension_count,
        b1_0.facility_id,
        b1_0.is_recurring,
        b1_0.max_extensions,
        b1_0.notes,
        b1_0.original_end_time,
        b1_0.purpose,
        b1_0.recurrence_rule,
        b1_0.reminder_sent,
        b1_0.start_time,
        b1_0.status,
        b1_0.updated_at,
        b1_0.user_id 
    from
        bookings b1_0 
    where
        b1_0.status in (?, ?)
Hibernate: 
    select
        b1_0.id,
        b1_0.attendees,
        b1_0.check_in_time,
        b1_0.check_out_time,
        b1_0.created_at,
        b1_0.date,
        b1_0.end_time,
        b1_0.expired_at,
        b1_0.extension_count,
        b1_0.facility_id,
        b1_0.is_recurring,
        b1_0.max_extensions,
        b1_0.notes,
        b1_0.original_end_time,
        b1_0.purpose,
        b1_0.recurrence_rule,
        b1_0.reminder_sent,
        b1_0.start_time,
        b1_0.status,
        b1_0.updated_at,
        b1_0.user_id 
    from
        bookings b1_0 
    where
        b1_0.status in (?, ?)
Hibernate: 
    select
        b1_0.id,
        b1_0.attendees,
        b1_0.check_in_time,
        b1_0.check_out_time,
        b1_0.created_at,
        b1_0.date,
        b1_0.end_time,
        b1_0.expired_at,
        b1_0.extension_count,
        b1_0.facility_id,
        b1_0.is_recurring,
        b1_0.max_extensions,
        b1_0.notes,
        b1_0.original_end_time,
        b1_0.purpose,
        b1_0.recurrence_rule,
        b1_0.reminder_sent,
        b1_0.start_time,
        b1_0.status,
        b1_0.updated_at,
        b1_0.user_id 
    from
        bookings b1_0 
    where
        b1_0.status in (?, ?)
Hibernate: 
    select
        b1_0.id,
        b1_0.attendees,
        b1_0.check_in_time,
        b1_0.check_out_time,
        b1_0.created_at,
        b1_0.date,
        b1_0.end_time,
        b1_0.expired_at,
        b1_0.extension_count,
        b1_0.facility_id,
        b1_0.is_recurring,
        b1_0.max_extensions,
        b1_0.notes,
        b1_0.original_end_time,
        b1_0.purpose,
        b1_0.recurrence_rule,
        b1_0.reminder_sent,
        b1_0.start_time,
        b1_0.status,
        b1_0.updated_at,
        b1_0.user_id 
    from
        bookings b1_0 
    where
        b1_0.status in (?, ?)
Hibernate: 
    select
        b1_0.id,
        b1_0.attendees,
        b1_0.check_in_time,
        b1_0.check_out_time,
        b1_0.created_at,
        b1_0.date,
        b1_0.end_time,
        b1_0.expired_at,
        b1_0.extension_count,
        b1_0.facility_id,
        b1_0.is_recurring,
        b1_0.max_extensions,
        b1_0.notes,
        b1_0.original_end_time,
        b1_0.purpose,
        b1_0.recurrence_rule,
        b1_0.reminder_sent,
        b1_0.start_time,
        b1_0.status,
        b1_0.updated_at,
        b1_0.user_id 
    from
        bookings b1_0 
    where
        b1_0.status in (?, ?)
Hibernate: 
    select
        b1_0.id,
        b1_0.attendees,
        b1_0.check_in_time,
        b1_0.check_out_time,
        b1_0.created_at,
        b1_0.date,
        b1_0.end_time,
        b1_0.expired_at,
        b1_0.extension_count,
        b1_0.facility_id,
        b1_0.is_recurring,
        b1_0.max_extensions,
        b1_0.notes,
        b1_0.original_end_time,
        b1_0.purpose,
        b1_0.recurrence_rule,
        b1_0.reminder_sent,
        b1_0.start_time,
        b1_0.status,
        b1_0.updated_at,
        b1_0.user_id 
    from
        bookings b1_0 
    where
        b1_0.status in (?, ?)
Hibernate: 
    select
        b1_0.id,
        b1_0.attendees,
        b1_0.check_in_time,
        b1_0.check_out_time,
        b1_0.created_at,
        b1_0.date,
        b1_0.end_time,
        b1_0.expired_at,
        b1_0.extension_count,
        b1_0.facility_id,
        b1_0.is_recurring,
        b1_0.max_extensions,
        b1_0.notes,
        b1_0.original_end_time,
        b1_0.purpose,
        b1_0.recurrence_rule,
        b1_0.reminder_sent,
        b1_0.start_time,
        b1_0.status,
        b1_0.updated_at,
        b1_0.user_id 
    from
        bookings b1_0 
    where
        b1_0.status in (?, ?)
Hibernate: 
    select
        b1_0.id,
        b1_0.attendees,
        b1_0.check_in_time,
        b1_0.check_out_time,
        b1_0.created_at,
        b1_0.date,
        b1_0.end_time,
        b1_0.expired_at,
        b1_0.extension_count,
        b1_0.facility_id,
        b1_0.is_recurring,
        b1_0.max_extensions,
        b1_0.notes,
        b1_0.original_end_time,
        b1_0.purpose,
        b1_0.recurrence_rule,
        b1_0.reminder_sent,
        b1_0.start_time,
        b1_0.status,
        b1_0.updated_at,
        b1_0.user_id 
    from
        bookings b1_0 
    where
        b1_0.status in (?, ?)
Hibernate: 
    select
        b1_0.id,
        b1_0.attendees,
        b1_0.check_in_time,
        b1_0.check_out_time,
        b1_0.created_at,
        b1_0.date,
        b1_0.end_time,
        b1_0.expired_at,
        b1_0.extension_count,
        b1_0.facility_id,
        b1_0.is_recurring,
        b1_0.max_extensions,
        b1_0.notes,
        b1_0.original_end_time,
        b1_0.purpose,
        b1_0.recurrence_rule,
        b1_0.reminder_sent,
        b1_0.start_time,
        b1_0.status,
        b1_0.updated_at,
        b1_0.user_id 
    from
        bookings b1_0 
    where
        b1_0.status in (?, ?)
Hibernate: 
    select
        b1_0.id,
        b1_0.attendees,
        b1_0.check_in_time,
        b1_0.check_out_time,
        b1_0.created_at,
        b1_0.date,
        b1_0.end_time,
        b1_0.expired_at,
        b1_0.extension_count,
        b1_0.facility_id,
        b1_0.is_recurring,
        b1_0.max_extensions,
        b1_0.notes,
        b1_0.original_end_time,
        b1_0.purpose,
        b1_0.recurrence_rule,
        b1_0.reminder_sent,
        b1_0.start_time,
        b1_0.status,
        b1_0.updated_at,
        b1_0.user_id 
    from
        bookings b1_0 
    where
        b1_0.status in (?, ?)
Hibernate: 
    select
        b1_0.id,
        b1_0.attendees,
        b1_0.check_in_time,
        b1_0.check_out_time,
        b1_0.created_at,
        b1_0.date,
        b1_0.end_time,
        b1_0.expired_at,
        b1_0.extension_count,
        b1_0.facility_id,
        b1_0.is_recurring,
        b1_0.max_extensions,
        b1_0.notes,
        b1_0.original_end_time,
        b1_0.purpose,
        b1_0.recurrence_rule,
        b1_0.reminder_sent,
        b1_0.start_time,
        b1_0.status,
        b1_0.updated_at,
        b1_0.user_id 
    from
        bookings b1_0 
    where
        b1_0.status in (?, ?)
Hibernate: 
    select
        b1_0.id,
        b1_0.attendees,
        b1_0.check_in_time,
        b1_0.check_out_time,
        b1_0.created_at,
        b1_0.date,
        b1_0.end_time,
        b1_0.expired_at,
        b1_0.extension_count,
        b1_0.facility_id,
        b1_0.is_recurring,
        b1_0.max_extensions,
        b1_0.notes,
        b1_0.original_end_time,
        b1_0.purpose,
        b1_0.recurrence_rule,
        b1_0.reminder_sent,
        b1_0.start_time,
        b1_0.status,
        b1_0.updated_at,
        b1_0.user_id 
    from
        bookings b1_0 
    where
        b1_0.status in (?, ?)
Hibernate: 
    select
        b1_0.id,
        b1_0.attendees,
        b1_0.check_in_time,
        b1_0.check_out_time,
        b1_0.created_at,
        b1_0.date,
        b1_0.end_time,
        b1_0.expired_at,
        b1_0.extension_count,
        b1_0.facility_id,
        b1_0.is_recurring,
        b1_0.max_extensions,
        b1_0.notes,
        b1_0.original_end_time,
        b1_0.purpose,
        b1_0.recurrence_rule,
        b1_0.reminder_sent,
        b1_0.start_time,
        b1_0.status,
        b1_0.updated_at,
        b1_0.user_id 
    from
        bookings b1_0 
    where
        b1_0.status in (?, ?)
Hibernate: 
    select
        b1_0.id,
        b1_0.attendees,
        b1_0.check_in_time,
        b1_0.check_out_time,
        b1_0.created_at,
        b1_0.date,
        b1_0.end_time,
        b1_0.expired_at,
        b1_0.extension_count,
        b1_0.facility_id,
        b1_0.is_recurring,
        b1_0.max_extensions,
        b1_0.notes,
        b1_0.original_end_time,
        b1_0.purpose,
        b1_0.recurrence_rule,
        b1_0.reminder_sent,
        b1_0.start_time,
        b1_0.status,
        b1_0.updated_at,
        b1_0.user_id 
    from
        bookings b1_0 
    where
        b1_0.status in (?, ?)
Hibernate: 
    select
        b1_0.id,
        b1_0.attendees,
        b1_0.check_in_time,
        b1_0.check_out_time,
        b1_0.created_at,
        b1_0.date,
        b1_0.end_time,
        b1_0.expired_at,
        b1_0.extension_count,
        b1_0.facility_id,
        b1_0.is_recurring,
        b1_0.max_extensions,
        b1_0.notes,
        b1_0.original_end_time,
        b1_0.purpose,
        b1_0.recurrence_rule,
        b1_0.reminder_sent,
        b1_0.start_time,
        b1_0.status,
        b1_0.updated_at,
        b1_0.user_id 
    from
        bookings b1_0 
    where
        b1_0.status in (?, ?)
Hibernate: 
    select
        b1_0.id,
        b1_0.attendees,
        b1_0.check_in_time,
        b1_0.check_out_time,
        b1_0.created_at,
        b1_0.date,
        b1_0.end_time,
        b1_0.expired_at,
        b1_0.extension_count,
        b1_0.facility_id,
        b1_0.is_recurring,
        b1_0.max_extensions,
        b1_0.notes,
        b1_0.original_end_time,
        b1_0.purpose,
        b1_0.recurrence_rule,
        b1_0.reminder_sent,
        b1_0.start_time,
        b1_0.status,
        b1_0.updated_at,
        b1_0.user_id 
    from
        bookings b1_0 
    where
        b1_0.status in (?, ?)
